$ (cwd repo root, HEAD 23e065e4f) python3 projects/pec/execution/_Coordination/SOW_REBUILD_S2_2026-09-26/scan_external_quotes.py --tree . --prep projects/pec/execution/_Coordination/SOW_REBUILD_S2_2026-09-26
KEPT DEL-02-01 quotes DEL-01-01: '- **REQ-003** — Every record-tier entity type shall carry provenance sufficient for a per-claim citation to its live source — file path, anc'
KEPT DEL-02-02 quotes DEL-01-01: '- **REQ-003** — Every record-tier entity type shall carry provenance sufficient for a per-claim citation to its live source — file path, anc'
KEPT DEL-02-08 quotes DEL-02-03: "Golden-by-reference `(commit, path, blob)` fixtures pinned at `d61981ee2`, content-minimal goldens, nothing copied into PEC's tree: FC-1 rec"
KEPT DEL-02-08 quotes DEL-01-01: ', `DependencyType` `PREREQUISITE`, `Statement`'
KEPT DEL-02-08 quotes DEL-01-01: ', `Explicitness` `IMPLICIT`, `RequiredMaturity` `INITIALIZED`, `SatisfactionStatus` `PENDING`, `Confidence` `MEDIUM`, `Origin` `EXTRACTED`, '
KEPT DEL-02-08 quotes DEL-02-03: 'The adjacent feed grammars belong to siblings:'
KEPT DEL-02-09 quotes DEL-02-03: "Golden-by-reference `(commit, path, blob)` fixtures pinned at `d61981ee2`, content-minimal goldens, nothing copied into PEC's tree: FC-1 rec"
KEPT DEL-02-09 quotes DEL-02-04: '). `ContextBudgetQA.csv` rates it `LOW` risk with `RecommendedAction`'
KEPT DEL-02-09 quotes DEL-01-01: ', `DependencyType` `PREREQUISITE`, `Statement`'
KEPT DEL-02-09 quotes DEL-01-01: ', `Explicitness` `IMPLICIT`, `RequiredMaturity` `INITIALIZED`, `SatisfactionStatus` `PENDING`, `Confidence` `MEDIUM`, `Origin` `EXTRACTED`, '
KEPT DEL-03-01 quotes DEL-01-01: '- **REQ-005** — Every record-tier entity shall be fully regenerable from file sources.'
KEPT DEL-03-01 quotes DEL-01-06: '- **REQ-004** — The loader shall expose the registered-loop set to the record-tier consumers declared in CLM-006 through a stable in-process'
KEPT DEL-03-01 quotes DEL-02-04: 'it reads `STATUS.json` and `RUNTIME_SUMMARY.json` files under `execution/**` in the checkouts it is pointed at, parses them under a declared'
KEPT DEL-03-01 quotes DEL-02-06: ', Type `BACKEND_FEATURE_SLICE`, Context Envelope `M`, `PhaseHint` `P1`, `ResponsibleParty` `TBD`, `AnticipatedArtifacts`'
KEPT DEL-03-02 quotes DEL-02-03: 'this deliverable makes the limitation available to that consumer.'
KEPT DEL-03-02 quotes DEL-01-01: '- **REQ-004** — The model shall represent examined-through SHA provenance structurally, so that staleness is a comparison and never a judgme'
KEPT DEL-03-02 quotes DEL-02-06: ', Type `BACKEND_FEATURE_SLICE`, Context Envelope `M`, `PhaseHint` `P1`, `ResponsibleParty` `TBD`, `AnticipatedArtifacts`'
KEPT DEL-03-02 quotes DEL-01-01: 'Every PKG-03/04/05 deliverable depends on DEL-01-01 directly or transitively'
KEPT DEL-03-03 quotes DEL-01-01: '- **REQ-004** — The model shall represent examined-through SHA provenance structurally, so that staleness is a comparison and never a judgme'
KEPT DEL-03-03 quotes DEL-02-03: 'this deliverable makes the limitation available to that consumer.'
KEPT DEL-03-03 quotes DEL-02-06: ', Type `BACKEND_FEATURE_SLICE`, Context Envelope `M`, `PhaseHint` `P1`, `ResponsibleParty` `TBD`, `AnticipatedArtifacts`'
KEPT DEL-03-03 quotes DEL-01-01: 'Every PKG-03/04/05 deliverable depends on DEL-01-01 directly or transitively'
KEPT DEL-03-04 quotes DEL-02-03: 'this deliverable makes the limitation available to that consumer.'
KEPT DEL-03-04 quotes DEL-02-06: ', Type `BACKEND_FEATURE_SLICE`, Context Envelope `M`, `PhaseHint` `P1`, `ResponsibleParty` `TBD`, `AnticipatedArtifacts`'
KEPT DEL-03-04 quotes DEL-01-01: 'Every PKG-03/04/05 deliverable depends on DEL-01-01 directly or transitively'
KEPT DEL-03-06 quotes DEL-02-03: 'this deliverable makes the limitation available to that consumer.'
KEPT DEL-03-06 quotes DEL-01-01: 'Every PKG-03/04/05 deliverable depends on DEL-01-01 directly or transitively'
KEPT DEL-03-06 quotes DEL-02-05: 'citation does not convert `PROPOSAL` to `DECLARED`.'
KEPT DEL-04-01 quotes DEL-01-01: '- **REQ-003** — Every record-tier entity type shall carry provenance sufficient for a per-claim citation to its live source — file path, anc'
KEPT DEL-04-01 quotes DEL-02-03: 'this deliverable makes the limitation available to that consumer.'
KEPT DEL-04-01 quotes DEL-02-05: 'examined-SHA and freshness stamping with per-claim citation attachment is `DEL-04-03` (`SOW-006`, `SOW-007`);'
KEPT DEL-04-01 quotes DEL-02-06: ', Type `BACKEND_FEATURE_SLICE`, Context Envelope `M`, `PhaseHint` `P1`, `ResponsibleParty` `TBD`, `AnticipatedArtifacts`'
KEPT DEL-04-01 quotes DEL-01-01: 'Every PKG-03/04/05 deliverable depends on DEL-01-01 directly or transitively'
KEPT DEL-04-02 quotes DEL-02-06: ', Type `BACKEND_FEATURE_SLICE`, Context Envelope `M`, `PhaseHint` `P1`, `ResponsibleParty` `TBD`, `AnticipatedArtifacts`'
KEPT DEL-04-02 quotes DEL-01-01: 'Every PKG-03/04/05 deliverable depends on DEL-01-01 directly or transitively'
KEPT DEL-04-03 quotes DEL-01-01: '- **REQ-003** — Every record-tier entity type shall carry provenance sufficient for a per-claim citation to its live source — file path, anc'
KEPT DEL-04-03 quotes DEL-02-06: ', Type `BACKEND_FEATURE_SLICE`, Context Envelope `M`, `PhaseHint` `P1`, `ResponsibleParty` `TBD`, `AnticipatedArtifacts`'
KEPT DEL-04-05 quotes DEL-02-03: 'each field the grammar could not obtain shall be explicitly marked unavailable, with the loop and the reason identified.'
KEPT DEL-04-05 quotes DEL-01-01: 'Every PKG-03/04/05 deliverable depends on DEL-01-01 directly or transitively'
KEPT DEL-04-05 quotes DEL-02-05: 'advisory visibility only — never work assignment'
KEPT DEL-08-03 quotes DEL-02-05: 'All strata require owner acceptance; strata are provenance not authority'
KEPT DEL-08-04 quotes DEL-02-04: '- **AX-009** — Edge direction is a constraint on this contract, not a licence.'
KEPT DEL-08-04 quotes DEL-02-05: 'All strata require owner acceptance; strata are provenance not authority'
KEPT DEL-10-02 quotes DEL-02-03: 'this deliverable makes the limitation available to that consumer.'
KEPT DEL-10-02 quotes DEL-02-04: 'is not enumerated by any accepted source.'
KEPT DEL-10-10 quotes DEL-02-05: '- **OUT-001** — A dependency register parser in the PEC service core:'
KEPT DEL-10-10 quotes DEL-02-03: 'this deliverable makes the limitation available to that consumer.'
KEPT DEL-10-10 quotes DEL-02-03: 'Observed corpus condition, recorded as observation and not as specification'
KEPT DEL-10-10 quotes DEL-02-05: 'advisory visibility only — never work assignment'
SUMMARY stale=0 kept=49
exit=0
