apply_s2p.py: OK
candidates/projects/pec/execution/PKG-01_Service_Core_Store/1_Working/DEL-01-01_Record_tier_schema_entity_model/ScopeOfWork.md: OK
candidates/projects/pec/execution/PKG-01_Service_Core_Store/1_Working/DEL-01-06_Loop_registry_local_config_default/ScopeOfWork.md: OK
candidates/projects/pec/execution/PKG-02_File_Truth_Parsers/1_Working/DEL-02-03_Receipts_ledger_parser_per_loop_grammars/ScopeOfWork.md: OK
candidates/projects/pec/execution/PKG-02_File_Truth_Parsers/1_Working/DEL-02-04_Run_evidence_JSON_parser/ScopeOfWork.md: OK
candidates/projects/pec/execution/PKG-02_File_Truth_Parsers/1_Working/DEL-02-05_Dependency_register_parser/ScopeOfWork.md: OK
candidates/projects/pec/execution/PKG-02_File_Truth_Parsers/1_Working/DEL-02-06_Workplan_LOOP_INIT_parser/ScopeOfWork.md: OK
candidates/projects/pec/execution/PKG-02_File_Truth_Parsers/1_Working/DEL-02-07_adapter_yaml_feed_manifest_consumer/ScopeOfWork.md: OK
check_sibling_ids.py: OK
claims/DEL-01-01.json: OK
claims/DEL-01-06.json: OK
claims/DEL-02-03.json: OK
claims/DEL-02-04.json: OK
claims/DEL-02-05.json: OK
claims/DEL-02-06.json: OK
claims/DEL-02-07.json: OK
quotes/DEL-01-01.json: OK
quotes/DEL-01-06.json: OK
quotes/DEL-02-03.json: OK
quotes/DEL-02-04.json: OK
quotes/DEL-02-05.json: OK
quotes/DEL-02-06.json: OK
quotes/DEL-02-07.json: OK
run_s2p_checks.sh: OK
scan_external_quotes.py: OK
test_apply_s2p.py: OK
verify_s2p_quotes.py: OK
verify_s2p_state_claims.py: OK
