PLAN modify projects/pec/software-workflow.json
PLAN create projects/pec/v2/tests/parsers/fixtures/pinned/MANIFEST.json
PLAN create projects/pec/v2/tests/parsers/fixtures/pinned/goldens/FC-1.json
PLAN create projects/pec/v2/tests/parsers/fixtures/pinned/goldens/FC-2.json
PLAN create projects/pec/v2/tests/parsers/fixtures/pinned/goldens/FC-3.json
PLAN create projects/pec/v2/tests/parsers/fixtures/pinned/goldens/FX-PEC-0.json
PLAN create projects/pec/v2/tests/parsers/fixtures/synthetic/MANIFEST.json
PLAN create projects/pec/v2/tests/parsers/fixtures/synthetic/memory/entry_without_readable_run_token.md
PLAN create projects/pec/v2/tests/parsers/fixtures/synthetic/memory/file_without_run_index_entry.md
PLAN create projects/pec/v2/tests/parsers/fixtures/synthetic/memory/links_in_each_form_bullet.md
PLAN create projects/pec/v2/tests/parsers/fixtures/synthetic/memory/links_in_each_form_heading.md
PLAN create projects/pec/v2/tests/parsers/fixtures/synthetic/memory/links_in_each_form_table.md
PLAN create projects/pec/v2/tests/parsers/fixtures/synthetic/memory/prose_in_every_position_bullet.md
PLAN create projects/pec/v2/tests/parsers/fixtures/synthetic/memory/prose_in_every_position_heading.md
PLAN create projects/pec/v2/tests/parsers/fixtures/synthetic/memory/prose_in_every_position_table.md
PLAN create projects/pec/v2/tests/parsers/fixtures/synthetic/memory/runs_section_mixed_with_dated_sections.md
PLAN create projects/pec/v2/tests/parsers/fixtures/synthetic/memory/template_table_form.md
PLAN create projects/pec/v2/tests/parsers/fixtures/synthetic/memory/unreadable_date.md
PLAN create projects/pec/v2/tests/parsers/fixtures/synthetic/receipts/malformed_ledger.md
PLAN create projects/pec/v2/tests/parsers/fixtures/synthetic/receipts/marker_carrying_ledger_entry.md
PLAN create projects/pec/v2/tests/parsers/fixtures/synthetic/receipts/prose_in_every_position_central.md
PLAN create projects/pec/v2/tests/parsers/fixtures/synthetic/receipts/prose_in_every_position_ledger.md
PLAN create projects/pec/v2/tests/parsers/fixtures/synthetic/receipts/prose_structured_ledger_entry.md
PLAN create projects/pec/v2/tests/parsers/fixtures/synthetic/receipts/receipt_folder_diverges_from_cursor.md
PLAN create projects/pec/v2/tests/parsers/fixtures/synthetic/receipts/receipt_without_examined_through.md
PLAN create projects/pec/v2/tests/parsers/fixtures/synthetic/work_graph/duplicated_run_identity.md
PLAN create projects/pec/v2/tests/parsers/fixtures/synthetic/work_graph/links_and_bindings.md
PLAN create projects/pec/v2/tests/parsers/fixtures/synthetic/work_graph/missing_run_identity.md
PLAN create projects/pec/v2/tests/parsers/fixtures/synthetic/work_graph/no_node_table.md
PLAN create projects/pec/v2/tests/parsers/fixtures/synthetic/work_graph/prose_in_every_position.md
PLAN create projects/pec/v2/tests/parsers/fixtures/synthetic/work_graph/two_graphs_bind_one_deliverable_a.md
PLAN create projects/pec/v2/tests/parsers/fixtures/synthetic/work_graph/two_graphs_bind_one_deliverable_b.md
PLAN create projects/pec/v2/tests/parsers/fixtures/synthetic/work_graph/unrecognized_state_token.md
PLAN create projects/pec/v2/tests/parsers/fixtures/synthetic/work_graph/unresolved_pr_number.md
PLAN create projects/pec/v2/tests/parsers/test_parser_fixture_integrity.py
WRITE modify projects/pec/software-workflow.json
WRITE create projects/pec/v2/tests/parsers/fixtures/pinned/MANIFEST.json
WRITE create projects/pec/v2/tests/parsers/fixtures/pinned/goldens/FC-1.json
WRITE create projects/pec/v2/tests/parsers/fixtures/pinned/goldens/FC-2.json
WRITE create projects/pec/v2/tests/parsers/fixtures/pinned/goldens/FC-3.json
WRITE create projects/pec/v2/tests/parsers/fixtures/pinned/goldens/FX-PEC-0.json
WRITE create projects/pec/v2/tests/parsers/fixtures/synthetic/MANIFEST.json
WRITE create projects/pec/v2/tests/parsers/fixtures/synthetic/memory/entry_without_readable_run_token.md
WRITE create projects/pec/v2/tests/parsers/fixtures/synthetic/memory/file_without_run_index_entry.md
WRITE create projects/pec/v2/tests/parsers/fixtures/synthetic/memory/links_in_each_form_bullet.md
WRITE create projects/pec/v2/tests/parsers/fixtures/synthetic/memory/links_in_each_form_heading.md
WRITE create projects/pec/v2/tests/parsers/fixtures/synthetic/memory/links_in_each_form_table.md
WRITE create projects/pec/v2/tests/parsers/fixtures/synthetic/memory/prose_in_every_position_bullet.md
WRITE create projects/pec/v2/tests/parsers/fixtures/synthetic/memory/prose_in_every_position_heading.md
WRITE create projects/pec/v2/tests/parsers/fixtures/synthetic/memory/prose_in_every_position_table.md
WRITE create projects/pec/v2/tests/parsers/fixtures/synthetic/memory/runs_section_mixed_with_dated_sections.md
WRITE create projects/pec/v2/tests/parsers/fixtures/synthetic/memory/template_table_form.md
WRITE create projects/pec/v2/tests/parsers/fixtures/synthetic/memory/unreadable_date.md
WRITE create projects/pec/v2/tests/parsers/fixtures/synthetic/receipts/malformed_ledger.md
WRITE create projects/pec/v2/tests/parsers/fixtures/synthetic/receipts/marker_carrying_ledger_entry.md
WRITE create projects/pec/v2/tests/parsers/fixtures/synthetic/receipts/prose_in_every_position_central.md
WRITE create projects/pec/v2/tests/parsers/fixtures/synthetic/receipts/prose_in_every_position_ledger.md
WRITE create projects/pec/v2/tests/parsers/fixtures/synthetic/receipts/prose_structured_ledger_entry.md
WRITE create projects/pec/v2/tests/parsers/fixtures/synthetic/receipts/receipt_folder_diverges_from_cursor.md
WRITE create projects/pec/v2/tests/parsers/fixtures/synthetic/receipts/receipt_without_examined_through.md
WRITE create projects/pec/v2/tests/parsers/fixtures/synthetic/work_graph/duplicated_run_identity.md
WRITE create projects/pec/v2/tests/parsers/fixtures/synthetic/work_graph/links_and_bindings.md
WRITE create projects/pec/v2/tests/parsers/fixtures/synthetic/work_graph/missing_run_identity.md
WRITE create projects/pec/v2/tests/parsers/fixtures/synthetic/work_graph/no_node_table.md
WRITE create projects/pec/v2/tests/parsers/fixtures/synthetic/work_graph/prose_in_every_position.md
WRITE create projects/pec/v2/tests/parsers/fixtures/synthetic/work_graph/two_graphs_bind_one_deliverable_a.md
WRITE create projects/pec/v2/tests/parsers/fixtures/synthetic/work_graph/two_graphs_bind_one_deliverable_b.md
WRITE create projects/pec/v2/tests/parsers/fixtures/synthetic/work_graph/unrecognized_state_token.md
WRITE create projects/pec/v2/tests/parsers/fixtures/synthetic/work_graph/unresolved_pr_number.md
WRITE create projects/pec/v2/tests/parsers/test_parser_fixture_integrity.py
CHECK targets 35/35 byte-exact; write set = grant (34 created, 1 modified, 0 removed under projects/pec outside the run root); pinned 15/15 unchanged
exit=0
