{
  "anchor_rows": 140,
  "bidirectional_pair_count": 0,
  "checks": {
    "anchor_coverage": "PASS",
    "bidirectional_pairs": "PASS",
    "circular_dependencies": "PASS",
    "hubs": "WARNING",
    "id_format_consistency": "PASS",
    "isolated_units": "WARNING",
    "misplaced_fields": "PASS",
    "orphan_dependencies": "PASS",
    "schema_compliance": "PASS"
  },
  "cycles_truncated": false,
  "denominator_complete": true,
  "evidence_populated": 263,
  "evidence_total": 263,
  "execution_rows": 123,
  "filters": {
    "active_only": true,
    "dependency_class": "EXECUTION",
    "hub_threshold": 20,
    "max_cycles": 10000,
    "normalize_ids": true,
    "target_type": "DELIVERABLE"
  },
  "graph_edges": 111,
  "graph_nodes": 66,
  "hub_count": 1,
  "implements_node_missing": 0,
  "implements_node_present": 66,
  "invalid_ids": [],
  "isolated_count": 6,
  "issues": [],
  "misplaced_field_count": 0,
  "normalization_count": 0,
  "orphan_count": 0,
  "outside_scope_count": 0,
  "production_units": 66,
  "representative_cycles": 0,
  "run_status": "COMPLETE",
  "scc_count": 0,
  "scc_sizes": [],
  "schema_invalid": 0,
  "schema_valid": 66,
  "schema_version": 2,
  "scope": [
    "ALL"
  ],
  "subject_status": "PASS",
  "total_files": 66,
  "total_rows": 263
}
