# 2026-09-27T18:04:07Z (date -u); cwd repo root; HEAD 8d85a9b6eed168040d723f073e7542bdeeafa639; origin/main 0adfbc7476df33521883ce1573781237cd24d384
$ git diff --name-status origin/main...HEAD
M	projects/pec/execution/PKG-00_Architecture_Runway_Contracts/1_Working/DEL-00-01_v2_first_ADRs_core_isolation_carried_postures/ScopeOfWork.md
M	projects/pec/execution/PKG-00_Architecture_Runway_Contracts/1_Working/DEL-00-01_v2_first_ADRs_core_isolation_carried_postures/artifacts/v2/ADRs.md
M	projects/pec/execution/PKG-00_Architecture_Runway_Contracts/1_Working/DEL-00-03_v2_SPEC_seed/ScopeOfWork.md
M	projects/pec/execution/PKG-00_Architecture_Runway_Contracts/1_Working/DEL-00-03_v2_SPEC_seed/artifacts/v2/SPEC.md
A	projects/pec/execution/_Coordination/AgentRuns/HELP-HUMAN-PEC-20260925-POST-SCA005/briefs/D1A_D105_PREMISE_ACT.md
A	projects/pec/execution/_Coordination/D1_PREMISE_AMEND_2026-09-27/VERIFIER_VERDICT_01.md
A	projects/pec/execution/_Coordination/D1_PREMISE_AMEND_2026-09-27/apply_d1p.py
A	projects/pec/execution/_Coordination/D1_PREMISE_AMEND_2026-09-27/apply_d1p.template.py
A	projects/pec/execution/_Coordination/D1_PREMISE_AMEND_2026-09-27/boundary_DEL-00-01_SOW.json
A	projects/pec/execution/_Coordination/D1_PREMISE_AMEND_2026-09-27/boundary_DEL-00-03_SOW.json
A	projects/pec/execution/_Coordination/D1_PREMISE_AMEND_2026-09-27/build_apply_d1p.py
A	projects/pec/execution/_Coordination/D1_PREMISE_AMEND_2026-09-27/candidates/projects/pec/execution/PKG-00_Architecture_Runway_Contracts/1_Working/DEL-00-01_v2_first_ADRs_core_isolation_carried_postures/ScopeOfWork.md
A	projects/pec/execution/_Coordination/D1_PREMISE_AMEND_2026-09-27/candidates/projects/pec/execution/PKG-00_Architecture_Runway_Contracts/1_Working/DEL-00-01_v2_first_ADRs_core_isolation_carried_postures/artifacts/v2/ADRs.md
A	projects/pec/execution/_Coordination/D1_PREMISE_AMEND_2026-09-27/candidates/projects/pec/execution/PKG-00_Architecture_Runway_Contracts/1_Working/DEL-00-03_v2_SPEC_seed/ScopeOfWork.md
A	projects/pec/execution/_Coordination/D1_PREMISE_AMEND_2026-09-27/candidates/projects/pec/execution/PKG-00_Architecture_Runway_Contracts/1_Working/DEL-00-03_v2_SPEC_seed/artifacts/v2/SPEC.md
A	projects/pec/execution/_Coordination/D1_PREMISE_AMEND_2026-09-27/check_quote_currency.py
A	projects/pec/execution/_Coordination/D1_PREMISE_AMEND_2026-09-27/checklist_DEL-00-01_SOW.json
A	projects/pec/execution/_Coordination/D1_PREMISE_AMEND_2026-09-27/checklist_DEL-00-03_SOW.json
A	projects/pec/execution/_Coordination/D1_PREMISE_AMEND_2026-09-27/claims/DEL-00-01_ADR.json
A	projects/pec/execution/_Coordination/D1_PREMISE_AMEND_2026-09-27/claims/DEL-00-01_SOW.json
A	projects/pec/execution/_Coordination/D1_PREMISE_AMEND_2026-09-27/claims/DEL-00-03_SOW.json
A	projects/pec/execution/_Coordination/D1_PREMISE_AMEND_2026-09-27/claims/DEL-00-03_SPEC.json
A	projects/pec/execution/_Coordination/D1_PREMISE_AMEND_2026-09-27/evidence/apply_check_only.out
A	projects/pec/execution/_Coordination/D1_PREMISE_AMEND_2026-09-27/evidence/apply_run.out
A	projects/pec/execution/_Coordination/D1_PREMISE_AMEND_2026-09-27/evidence/harness_pre.out
A	projects/pec/execution/_Coordination/D1_PREMISE_AMEND_2026-09-27/evidence/negative_controls/NEGATIVE_CONTROLS.out
A	projects/pec/execution/_Coordination/D1_PREMISE_AMEND_2026-09-27/evidence/negative_controls/neg_1.out
A	projects/pec/execution/_Coordination/D1_PREMISE_AMEND_2026-09-27/evidence/negative_controls/neg_1_baseline.out
A	projects/pec/execution/_Coordination/D1_PREMISE_AMEND_2026-09-27/evidence/negative_controls/neg_2.out
A	projects/pec/execution/_Coordination/D1_PREMISE_AMEND_2026-09-27/evidence/negative_controls/neg_2_baseline.out
A	projects/pec/execution/_Coordination/D1_PREMISE_AMEND_2026-09-27/evidence/negative_controls/neg_3.out
A	projects/pec/execution/_Coordination/D1_PREMISE_AMEND_2026-09-27/evidence/negative_controls/neg_3_baseline.out
A	projects/pec/execution/_Coordination/D1_PREMISE_AMEND_2026-09-27/evidence/negative_controls/neg_4.out
A	projects/pec/execution/_Coordination/D1_PREMISE_AMEND_2026-09-27/evidence/negative_controls/neg_4_baseline.out
A	projects/pec/execution/_Coordination/D1_PREMISE_AMEND_2026-09-27/evidence/negative_controls/neg_5.out
A	projects/pec/execution/_Coordination/D1_PREMISE_AMEND_2026-09-27/evidence/negative_controls/neg_5_baseline.out
A	projects/pec/execution/_Coordination/D1_PREMISE_AMEND_2026-09-27/evidence/negative_controls/neg_6.out
A	projects/pec/execution/_Coordination/D1_PREMISE_AMEND_2026-09-27/evidence/negative_controls/neg_6_baseline.out
A	projects/pec/execution/_Coordination/D1_PREMISE_AMEND_2026-09-27/evidence/negative_controls_console.out
A	projects/pec/execution/_Coordination/D1_PREMISE_AMEND_2026-09-27/evidence/post/HEADER.out
A	projects/pec/execution/_Coordination/D1_PREMISE_AMEND_2026-09-27/evidence/post/before_after_identity.out
A	projects/pec/execution/_Coordination/D1_PREMISE_AMEND_2026-09-27/evidence/post/boundary_DEL-00-01_SOW.out
A	projects/pec/execution/_Coordination/D1_PREMISE_AMEND_2026-09-27/evidence/post/boundary_DEL-00-03_SOW.out
A	projects/pec/execution/_Coordination/D1_PREMISE_AMEND_2026-09-27/evidence/post/boundary_summary.out
A	projects/pec/execution/_Coordination/D1_PREMISE_AMEND_2026-09-27/evidence/post/byte_identity.out
A	projects/pec/execution/_Coordination/D1_PREMISE_AMEND_2026-09-27/evidence/post/checklist_DEL-00-01_SOW.out
A	projects/pec/execution/_Coordination/D1_PREMISE_AMEND_2026-09-27/evidence/post/checklist_DEL-00-03_SOW.out
A	projects/pec/execution/_Coordination/D1_PREMISE_AMEND_2026-09-27/evidence/post/checklist_compare.out
A	projects/pec/execution/_Coordination/D1_PREMISE_AMEND_2026-09-27/evidence/post/checklist_rerun_DEL-00-01_SOW.json
A	projects/pec/execution/_Coordination/D1_PREMISE_AMEND_2026-09-27/evidence/post/checklist_rerun_DEL-00-01_SOW.out
A	projects/pec/execution/_Coordination/D1_PREMISE_AMEND_2026-09-27/evidence/post/checklist_rerun_DEL-00-03_SOW.json
A	projects/pec/execution/_Coordination/D1_PREMISE_AMEND_2026-09-27/evidence/post/checklist_rerun_DEL-00-03_SOW.out
A	projects/pec/execution/_Coordination/D1_PREMISE_AMEND_2026-09-27/evidence/post/containment.out
A	projects/pec/execution/_Coordination/D1_PREMISE_AMEND_2026-09-27/evidence/post/harness_post.out
A	projects/pec/execution/_Coordination/D1_PREMISE_AMEND_2026-09-27/evidence/post/lifecycle.out
A	projects/pec/execution/_Coordination/D1_PREMISE_AMEND_2026-09-27/evidence/post/pins.out
A	projects/pec/execution/_Coordination/D1_PREMISE_AMEND_2026-09-27/evidence/post/quote_currency_post.out
A	projects/pec/execution/_Coordination/D1_PREMISE_AMEND_2026-09-27/evidence/post/quotes.out
A	projects/pec/execution/_Coordination/D1_PREMISE_AMEND_2026-09-27/evidence/post/receipts_post.out
A	projects/pec/execution/_Coordination/D1_PREMISE_AMEND_2026-09-27/evidence/post/render_candidates.out
A	projects/pec/execution/_Coordination/D1_PREMISE_AMEND_2026-09-27/evidence/post/rerun_refuses.out
A	projects/pec/execution/_Coordination/D1_PREMISE_AMEND_2026-09-27/evidence/post/scan_external_quotes.out
A	projects/pec/execution/_Coordination/D1_PREMISE_AMEND_2026-09-27/evidence/post/state_claims.out
A	projects/pec/execution/_Coordination/D1_PREMISE_AMEND_2026-09-27/evidence/post/strict_post.out
A	projects/pec/execution/_Coordination/D1_PREMISE_AMEND_2026-09-27/evidence/post/validate_DEL-00-01_SOW.out
A	projects/pec/execution/_Coordination/D1_PREMISE_AMEND_2026-09-27/evidence/post/validate_DEL-00-03_SOW.out
A	projects/pec/execution/_Coordination/D1_PREMISE_AMEND_2026-09-27/evidence/post/verify_rows_2_12.zsh
A	projects/pec/execution/_Coordination/D1_PREMISE_AMEND_2026-09-27/evidence/post/whitespace.out
A	projects/pec/execution/_Coordination/D1_PREMISE_AMEND_2026-09-27/evidence/preconditions.out
A	projects/pec/execution/_Coordination/D1_PREMISE_AMEND_2026-09-27/evidence/quote_currency_pre.out
A	projects/pec/execution/_Coordination/D1_PREMISE_AMEND_2026-09-27/evidence/receipts_pre.out
A	projects/pec/execution/_Coordination/D1_PREMISE_AMEND_2026-09-27/evidence/reliance_dispatch.out
A	projects/pec/execution/_Coordination/D1_PREMISE_AMEND_2026-09-27/evidence/reliance_rely.out
A	projects/pec/execution/_Coordination/D1_PREMISE_AMEND_2026-09-27/evidence/reliance_rely_verdict.out
A	projects/pec/execution/_Coordination/D1_PREMISE_AMEND_2026-09-27/evidence/rerun_c5d852c4a/SUMMARY.out
A	projects/pec/execution/_Coordination/D1_PREMISE_AMEND_2026-09-27/evidence/rerun_c5d852c4a/apply_A.out
A	projects/pec/execution/_Coordination/D1_PREMISE_AMEND_2026-09-27/evidence/rerun_c5d852c4a/apply_AP.out
A	projects/pec/execution/_Coordination/D1_PREMISE_AMEND_2026-09-27/evidence/rerun_c5d852c4a/apply_AP_checkonly.out
A	projects/pec/execution/_Coordination/D1_PREMISE_AMEND_2026-09-27/evidence/rerun_c5d852c4a/apply_AP_rerun.out
A	projects/pec/execution/_Coordination/D1_PREMISE_AMEND_2026-09-27/evidence/rerun_c5d852c4a/apply_A_checkonly.out
A	projects/pec/execution/_Coordination/D1_PREMISE_AMEND_2026-09-27/evidence/rerun_c5d852c4a/apply_A_rerun.out
A	projects/pec/execution/_Coordination/D1_PREMISE_AMEND_2026-09-27/evidence/rerun_c5d852c4a/boundary_AP_DEL-00-01_SOW.json
A	projects/pec/execution/_Coordination/D1_PREMISE_AMEND_2026-09-27/evidence/rerun_c5d852c4a/boundary_AP_DEL-00-01_SOW.out
A	projects/pec/execution/_Coordination/D1_PREMISE_AMEND_2026-09-27/evidence/rerun_c5d852c4a/boundary_AP_DEL-00-03_SOW.json
A	projects/pec/execution/_Coordination/D1_PREMISE_AMEND_2026-09-27/evidence/rerun_c5d852c4a/boundary_AP_DEL-00-03_SOW.out
A	projects/pec/execution/_Coordination/D1_PREMISE_AMEND_2026-09-27/evidence/rerun_c5d852c4a/boundary_A_DEL-00-03_SOW.json
A	projects/pec/execution/_Coordination/D1_PREMISE_AMEND_2026-09-27/evidence/rerun_c5d852c4a/boundary_A_DEL-00-03_SOW.out
A	projects/pec/execution/_Coordination/D1_PREMISE_AMEND_2026-09-27/evidence/rerun_c5d852c4a/build_rerender.out
A	projects/pec/execution/_Coordination/D1_PREMISE_AMEND_2026-09-27/evidence/rerun_c5d852c4a/checklist_AP_DEL-00-01_SOW.json
A	projects/pec/execution/_Coordination/D1_PREMISE_AMEND_2026-09-27/evidence/rerun_c5d852c4a/checklist_AP_DEL-00-01_SOW.out
A	projects/pec/execution/_Coordination/D1_PREMISE_AMEND_2026-09-27/evidence/rerun_c5d852c4a/checklist_AP_DEL-00-03_SOW.json
A	projects/pec/execution/_Coordination/D1_PREMISE_AMEND_2026-09-27/evidence/rerun_c5d852c4a/checklist_AP_DEL-00-03_SOW.out
A	projects/pec/execution/_Coordination/D1_PREMISE_AMEND_2026-09-27/evidence/rerun_c5d852c4a/checklist_A_DEL-00-03_SOW.json
A	projects/pec/execution/_Coordination/D1_PREMISE_AMEND_2026-09-27/evidence/rerun_c5d852c4a/checklist_A_DEL-00-03_SOW.out
A	projects/pec/execution/_Coordination/D1_PREMISE_AMEND_2026-09-27/evidence/rerun_c5d852c4a/checklist_PRE_DEL-00-01_SOW.json
A	projects/pec/execution/_Coordination/D1_PREMISE_AMEND_2026-09-27/evidence/rerun_c5d852c4a/checklist_PRE_DEL-00-03_SOW.json
A	projects/pec/execution/_Coordination/D1_PREMISE_AMEND_2026-09-27/evidence/rerun_c5d852c4a/checklist_diff_DEL-00-01_SOW.patch
A	projects/pec/execution/_Coordination/D1_PREMISE_AMEND_2026-09-27/evidence/rerun_c5d852c4a/checklist_diff_DEL-00-03_SOW.patch
A	projects/pec/execution/_Coordination/D1_PREMISE_AMEND_2026-09-27/evidence/rerun_c5d852c4a/containment_A.out
A	projects/pec/execution/_Coordination/D1_PREMISE_AMEND_2026-09-27/evidence/rerun_c5d852c4a/containment_AP.out
A	projects/pec/execution/_Coordination/D1_PREMISE_AMEND_2026-09-27/evidence/rerun_c5d852c4a/diff_DEL-00-01_ADR.diff.txt
A	projects/pec/execution/_Coordination/D1_PREMISE_AMEND_2026-09-27/evidence/rerun_c5d852c4a/diff_DEL-00-01_SOW.diff.txt
A	projects/pec/execution/_Coordination/D1_PREMISE_AMEND_2026-09-27/evidence/rerun_c5d852c4a/diff_DEL-00-03_SOW.diff.txt
A	projects/pec/execution/_Coordination/D1_PREMISE_AMEND_2026-09-27/evidence/rerun_c5d852c4a/diff_DEL-00-03_SPEC.diff.txt
A	projects/pec/execution/_Coordination/D1_PREMISE_AMEND_2026-09-27/evidence/rerun_c5d852c4a/harness_post_A.out
A	projects/pec/execution/_Coordination/D1_PREMISE_AMEND_2026-09-27/evidence/rerun_c5d852c4a/harness_post_AP.out
A	projects/pec/execution/_Coordination/D1_PREMISE_AMEND_2026-09-27/evidence/rerun_c5d852c4a/harness_pre.out
A	projects/pec/execution/_Coordination/D1_PREMISE_AMEND_2026-09-27/evidence/rerun_c5d852c4a/quote_currency_post_A.out
A	projects/pec/execution/_Coordination/D1_PREMISE_AMEND_2026-09-27/evidence/rerun_c5d852c4a/quote_currency_post_AP.out
A	projects/pec/execution/_Coordination/D1_PREMISE_AMEND_2026-09-27/evidence/rerun_c5d852c4a/quote_currency_pre.out
A	projects/pec/execution/_Coordination/D1_PREMISE_AMEND_2026-09-27/evidence/rerun_c5d852c4a/receipts_post_A.out
A	projects/pec/execution/_Coordination/D1_PREMISE_AMEND_2026-09-27/evidence/rerun_c5d852c4a/receipts_post_AP.out
A	projects/pec/execution/_Coordination/D1_PREMISE_AMEND_2026-09-27/evidence/rerun_c5d852c4a/receipts_pre.out
A	projects/pec/execution/_Coordination/D1_PREMISE_AMEND_2026-09-27/evidence/rerun_c5d852c4a/render_candidates.out
A	projects/pec/execution/_Coordination/D1_PREMISE_AMEND_2026-09-27/evidence/rerun_c5d852c4a/scan_external_quotes.out
A	projects/pec/execution/_Coordination/D1_PREMISE_AMEND_2026-09-27/evidence/rerun_c5d852c4a/strict_post_A.out
A	projects/pec/execution/_Coordination/D1_PREMISE_AMEND_2026-09-27/evidence/rerun_c5d852c4a/strict_post_AP.out
A	projects/pec/execution/_Coordination/D1_PREMISE_AMEND_2026-09-27/evidence/rerun_c5d852c4a/strict_pre.out
A	projects/pec/execution/_Coordination/D1_PREMISE_AMEND_2026-09-27/evidence/rerun_c5d852c4a/test_apply_d1p.out
A	projects/pec/execution/_Coordination/D1_PREMISE_AMEND_2026-09-27/evidence/rerun_c5d852c4a/validate_AP_DEL-00-01_SOW.out
A	projects/pec/execution/_Coordination/D1_PREMISE_AMEND_2026-09-27/evidence/rerun_c5d852c4a/validate_AP_DEL-00-03_SOW.out
A	projects/pec/execution/_Coordination/D1_PREMISE_AMEND_2026-09-27/evidence/rerun_c5d852c4a/validate_A_DEL-00-03_SOW.out
A	projects/pec/execution/_Coordination/D1_PREMISE_AMEND_2026-09-27/evidence/rerun_c5d852c4a/verify_quotes.out
A	projects/pec/execution/_Coordination/D1_PREMISE_AMEND_2026-09-27/evidence/rerun_c5d852c4a/verify_state_claims.out
A	projects/pec/execution/_Coordination/D1_PREMISE_AMEND_2026-09-27/evidence/rerun_c5d852c4a/whitespace.out
A	projects/pec/execution/_Coordination/D1_PREMISE_AMEND_2026-09-27/evidence/rerun_c5d852c4a_console.out
A	projects/pec/execution/_Coordination/D1_PREMISE_AMEND_2026-09-27/evidence/runroot_copy.sha256
A	projects/pec/execution/_Coordination/D1_PREMISE_AMEND_2026-09-27/evidence/runroot_copy_check.out
A	projects/pec/execution/_Coordination/D1_PREMISE_AMEND_2026-09-27/evidence/strict_pre.out
A	projects/pec/execution/_Coordination/D1_PREMISE_AMEND_2026-09-27/evidence/targets.txt
A	projects/pec/execution/_Coordination/D1_PREMISE_AMEND_2026-09-27/negative_controls.sh
A	projects/pec/execution/_Coordination/D1_PREMISE_AMEND_2026-09-27/premise/DEL-00-01_ADR.json
A	projects/pec/execution/_Coordination/D1_PREMISE_AMEND_2026-09-27/premise/DEL-00-01_SOW.json
A	projects/pec/execution/_Coordination/D1_PREMISE_AMEND_2026-09-27/premise/DEL-00-03_SOW.json
A	projects/pec/execution/_Coordination/D1_PREMISE_AMEND_2026-09-27/premise/DEL-00-03_SPEC.json
A	projects/pec/execution/_Coordination/D1_PREMISE_AMEND_2026-09-27/quotes/DEL-00-01_ADR.json
A	projects/pec/execution/_Coordination/D1_PREMISE_AMEND_2026-09-27/quotes/DEL-00-01_SOW.json
A	projects/pec/execution/_Coordination/D1_PREMISE_AMEND_2026-09-27/quotes/DEL-00-03_SOW.json
A	projects/pec/execution/_Coordination/D1_PREMISE_AMEND_2026-09-27/quotes/DEL-00-03_SPEC.json
A	projects/pec/execution/_Coordination/D1_PREMISE_AMEND_2026-09-27/render_candidates.py
A	projects/pec/execution/_Coordination/D1_PREMISE_AMEND_2026-09-27/run_d1p_checks.sh
A	projects/pec/execution/_Coordination/D1_PREMISE_AMEND_2026-09-27/scan_external_quotes.py
A	projects/pec/execution/_Coordination/D1_PREMISE_AMEND_2026-09-27/targets.json
A	projects/pec/execution/_Coordination/D1_PREMISE_AMEND_2026-09-27/test_apply_d1p.py
A	projects/pec/execution/_Coordination/D1_PREMISE_AMEND_2026-09-27/verify_d1p_quotes.py
A	projects/pec/execution/_Coordination/D1_PREMISE_AMEND_2026-09-27/verify_d1p_state_claims.py
exit=0
