# 2026-09-27T18:04:06Z (date -u); cwd repo root; HEAD 8d85a9b6eed168040d723f073e7542bdeeafa639; origin/main 0adfbc7476df33521883ce1573781237cd24d384
$ python3 projects/pec/execution/_Coordination/D1_PREMISE_AMEND_2026-09-27/verify_d1p_quotes.py --tree . --gitdir . --prep projects/pec/execution/_Coordination/D1_PREMISE_AMEND_2026-09-27 --observation 6c6cc1b00
INFO DEL-00-01_ADR DEP rows citing this target: 0
INFO DEL-00-01_SOW DEP rows citing this target: 0
INFO DEL-00-03_SOW DEP rows citing this target: 0
INFO DEL-00-03_SPEC DEP rows citing this target: 0
PASS DEL-00-01_ADR FORBID phrase 'at the basis' absent
PASS DEL-00-01_ADR PIN pin commit 189f205ff named
PASS DEL-00-01_SOW Q01 [220 chars; candidate=yes; source=yes] projects/pec/execution/_Decomposition/ScopeLedger.csv@189f205ff
PASS DEL-00-01_SOW Q02 [83 chars; candidate=yes; source=yes] projects/pec/execution/_Decomposition/SOFTWARE_DECOMP.md@189f205ff
PASS DEL-00-01_SOW Q03 [60 chars; candidate=yes; source=yes] projects/pec/docs/PRD.md@189f205ff
PASS DEL-00-01_SOW Q04 [72 chars; candidate=yes; source=yes] projects/pec/execution/_ScopeChange/SCA-002_2026-07-25_1042/Amendment_Preview.md@6c6cc1b00
PASS DEL-00-01_SOW Q05 [23 chars; candidate=yes; source=yes] projects/pec/execution/_ScopeChange/SCA-002_2026-07-25_1042/Amendment_Preview.md@6c6cc1b00
PASS DEL-00-01_SOW Q06 [67 chars; candidate=yes; source=yes] projects/pec/execution/_ScopeChange/SCA-002_2026-07-25_1042/Amendment_Preview.md@6c6cc1b00
PASS DEL-00-01_SOW Q07 [80 chars; candidate=yes; source=yes] projects/pec/execution/_ScopeChange/SCA-002_2026-07-25_1042/Amendment_Preview.md@6c6cc1b00
PASS DEL-00-01_SOW Q08 [29 chars; candidate=yes; source=yes] projects/pec/execution/_ScopeChange/SCA-002_2026-07-25_1042/Amendment_Preview.md@6c6cc1b00
PASS DEL-00-01_SOW Q09 [49 chars; candidate=yes; source=yes] projects/pec/execution/_Decomposition/Deliverables.csv@189f205ff
PASS DEL-00-01_SOW Q10 [217 chars; candidate=yes; source=yes] projects/pec/execution/_Decomposition/Deliverables.csv@189f205ff
PASS DEL-00-01_SOW Q11 [68 chars; candidate=yes; source=yes] projects/pec/execution/_Decomposition/Deliverables.csv@189f205ff
PASS DEL-00-01_SOW Q12 [48 chars; candidate=yes; source=yes] projects/pec/docs/.archive/adr/ADR.md@6c6cc1b00
PASS DEL-00-01_SOW Q13 [30 chars; candidate=yes; source=yes] projects/pec/docs/.archive/adr/ADR.md@6c6cc1b00
PASS DEL-00-01_SOW Q14 [137 chars; candidate=yes; source=yes] projects/pec/docs/PRD.md@189f205ff
PASS DEL-00-01_SOW Q15 [52 chars; candidate=yes; source=yes] projects/pec/execution/_Decomposition/SOFTWARE_DECOMP.md@189f205ff
PASS DEL-00-01_SOW Q16 [52 chars; candidate=yes; source=yes] projects/pec/execution/_Decomposition/SOFTWARE_DECOMP.md@189f205ff
PASS DEL-00-01_SOW Q17 [24 chars; candidate=yes; source=yes] projects/pec/execution/_Decomposition/SOFTWARE_DECOMP.md@189f205ff
PASS DEL-00-01_SOW Q18 [33 chars; candidate=yes; source=yes] projects/pec/execution/_Coordination/PLAN_2026-07-25_project_setup_dag_gate.md@6c6cc1b00
PASS DEL-00-01_SOW Q19 [33 chars; candidate=yes; source=yes] projects/pec/execution/_Coordination/PLAN_2026-07-25_project_setup_dag_gate.md@6c6cc1b00
PASS DEL-00-01_SOW Q20 [170 chars; candidate=yes; source=yes] projects/pec/execution/_Decomposition/SOFTWARE_DECOMP.md@189f205ff
PASS DEL-00-01_SOW Q21 [47 chars; candidate=yes; source=yes] projects/pec/execution/_Decomposition/SOFTWARE_DECOMP.md@189f205ff
PASS DEL-00-01_SOW Q22 [35 chars; candidate=yes; source=yes] projects/pec/execution/_Coordination/PLAN_2026-07-25_project_setup_dag_gate.md@6c6cc1b00
PASS DEL-00-01_SOW MULT text quoted by 2 entries occurs 2 times: "Decided in DEL-00-01's ADR; owner review at that ADR"
PASS DEL-00-01_SOW MULT text quoted by 2 entries occurs 2 times: 'owner may prefer PKG-00 unordered'
PASS DEL-00-01_SOW FORBID phrase 'at the basis' absent
PASS DEL-00-01_SOW PIN pin commit 189f205ff named
PASS DEL-00-01_SOW OBS observation commit 6c6cc1b00 named
PASS DEL-00-03_SOW Q01 [12 chars; candidate=yes; source=yes] projects/pec/execution/_Decomposition/Deliverables.csv@189f205ff
PASS DEL-00-03_SOW Q02 [50 chars; candidate=yes; source=yes] projects/pec/execution/_Decomposition/ScopeLedger.csv@189f205ff
PASS DEL-00-03_SOW Q03 [38 chars; candidate=yes; source=yes] projects/pec/execution/_Decomposition/ScopeLedger.csv@189f205ff
PASS DEL-00-03_SOW Q04 [42 chars; candidate=yes; source=yes] projects/pec/docs/PRD.md@189f205ff
PASS DEL-00-03_SOW Q05 [180 chars; candidate=yes; source=yes] projects/pec/docs/PRD.md@189f205ff
PASS DEL-00-03_SOW Q06 [110 chars; candidate=yes; source=yes] projects/pec/execution/_Decomposition/SOFTWARE_DECOMP.md@189f205ff
PASS DEL-00-03_SOW Q07 [22 chars; candidate=yes; source=yes] projects/pec/execution/_ScopeChange/SCA-002_2026-07-25_1042/Amendment_Preview.md@6c6cc1b00
PASS DEL-00-03_SOW Q08 [56 chars; candidate=yes; source=yes] projects/pec/execution/_ScopeChange/SCA-002_2026-07-25_1042/Amendment_Preview.md@6c6cc1b00
PASS DEL-00-03_SOW Q09 [47 chars; candidate=yes; source=yes] projects/pec/execution/_ScopeChange/SCA-002_2026-07-25_1042/Amendment_Preview.md@6c6cc1b00
PASS DEL-00-03_SOW Q10 [17 chars; candidate=yes; source=yes] projects/pec/execution/_ScopeChange/SCA-002_2026-07-25_1042/Amendment_Preview.md@6c6cc1b00
PASS DEL-00-03_SOW Q11 [12 chars; candidate=yes; source=yes] projects/pec/execution/_Decomposition/Deliverables.csv@189f205ff
PASS DEL-00-03_SOW Q12 [140 chars; candidate=yes; source=yes] projects/pec/execution/_Decomposition/Deliverables.csv@189f205ff
PASS DEL-00-03_SOW Q13 [13 chars; candidate=yes; source=yes] projects/pec/execution/_Decomposition/Deliverables.csv@189f205ff
PASS DEL-00-03_SOW Q14 [165 chars; candidate=yes; source=yes] projects/pec/execution/_Decomposition/Deliverables.csv@189f205ff
PASS DEL-00-03_SOW Q15 [15 chars; candidate=yes; source=yes] projects/pec/execution/_Decomposition/Deliverables.csv@189f205ff
PASS DEL-00-03_SOW Q16 [306 chars; candidate=yes; source=yes] projects/pec/execution/_Decomposition/SOFTWARE_DECOMP.md@189f205ff
PASS DEL-00-03_SOW Q17 [174 chars; candidate=yes; source=yes] projects/pec/docs/PRD.md@189f205ff
PASS DEL-00-03_SOW Q18 [25 chars; candidate=yes; source=yes] projects/pec/docs/PRD.md@189f205ff
PASS DEL-00-03_SOW Q19 [20 chars; candidate=yes; source=yes] projects/pec/docs/PRD.md@189f205ff
PASS DEL-00-03_SOW Q20 [96 chars; candidate=yes; source=yes] projects/pec/execution/_Decomposition/SOFTWARE_DECOMP.md@189f205ff
PASS DEL-00-03_SOW Q21 [35 chars; candidate=yes; source=yes] projects/pec/execution/_Decomposition/SOFTWARE_DECOMP.md@189f205ff
PASS DEL-00-03_SOW Q22 [241 chars; candidate=yes; source=yes] projects/pec/execution/_Decomposition/SOFTWARE_DECOMP.md@189f205ff
PASS DEL-00-03_SOW Q23 [111 chars; candidate=yes; source=yes] projects/pec/execution/_Decomposition/SOFTWARE_DECOMP.md@189f205ff
PASS DEL-00-03_SOW Q24 [171 chars; candidate=yes; source=yes] projects/pec/execution/_Decomposition/SOFTWARE_DECOMP.md@189f205ff
PASS DEL-00-03_SOW Q25 [198 chars; candidate=yes; source=yes] projects/pec/execution/_Decomposition/SOFTWARE_DECOMP.md@189f205ff
PASS DEL-00-03_SOW Q26 [36 chars; candidate=yes; source=yes] projects/pec/execution/PKG-00_Architecture_Runway_Contracts/1_Working/DEL-00-03_v2_SPEC_seed/_DEPENDENCIES.md@6c6cc1b00
PASS DEL-00-03_SOW Q27 [44 chars; candidate=yes; source=yes] projects/pec/execution/_Coordination/PLAN_2026-07-25_project_setup_dag_gate.md@6c6cc1b00
PASS DEL-00-03_SOW Q28 [16 chars; candidate=yes; source=yes] projects/pec/execution/_Coordination/PLAN_2026-07-25_project_setup_dag_gate.md@6c6cc1b00
PASS DEL-00-03_SOW Q29 [91 chars; candidate=yes; source=yes] projects/pec/execution/_Coordination/PLAN_2026-07-25_project_setup_dag_gate.md@6c6cc1b00
PASS DEL-00-03_SOW Q30 [57 chars; candidate=yes; source=yes] projects/pec/execution/_Coordination/PLAN_2026-07-25_project_setup_dag_gate.md@6c6cc1b00
PASS DEL-00-03_SOW MULT text quoted by 2 entries occurs 4 times: 'v2 SPEC seed'
PASS DEL-00-03_SOW FORBID phrase 'at the basis' absent
PASS DEL-00-03_SOW PIN pin commit 189f205ff named
PASS DEL-00-03_SOW OBS observation commit 6c6cc1b00 named
PASS DEL-00-03_SPEC Q01 [47 chars; candidate=yes; source=yes] projects/pec/execution/_Decomposition/SOFTWARE_DECOMP.md@189f205ff
PASS DEL-00-03_SPEC Q02 [25 chars; candidate=yes; source=yes] projects/pec/docs/PRD.md@189f205ff
PASS DEL-00-03_SPEC Q03 [34 chars; candidate=yes; source=yes] projects/pec/execution/_Decomposition/ScopeLedger.csv@189f205ff
PASS DEL-00-03_SPEC Q04 [27 chars; candidate=yes; source=yes] projects/pec/docs/PRD.md@189f205ff
PASS DEL-00-03_SPEC Q05 [19 chars; candidate=yes; source=yes] projects/pec/docs/PRD.md@189f205ff
PASS DEL-00-03_SPEC Q06 [23 chars; candidate=yes; source=yes] projects/pec/docs/PRD.md@189f205ff
PASS DEL-00-03_SPEC Q07 [21 chars; candidate=yes; source=yes] projects/pec/execution/_Decomposition/SOFTWARE_DECOMP.md@189f205ff
PASS DEL-00-03_SPEC Q08 [25 chars; candidate=yes; source=yes] projects/pec/execution/_Decomposition/SOFTWARE_DECOMP.md@189f205ff
PASS DEL-00-03_SPEC Q09 [16 chars; candidate=yes; source=yes] projects/pec/execution/_Decomposition/SOFTWARE_DECOMP.md@189f205ff
PASS DEL-00-03_SPEC FORBID phrase 'at the basis' absent
PASS DEL-00-03_SPEC PIN pin commit 189f205ff named
RESULT PASS 74/74
exit=0
