PASS DEL-02-01 cites DEL-01-01/CLM-012 [main 125cfacc1]
PASS DEL-02-01 cites DEL-01-01/REQ-001 [main 125cfacc1]
PASS DEL-02-01 cites DEL-01-01/REQ-017 [main 125cfacc1]
PASS DEL-02-01 cites DEL-01-01/CON-004 [main 125cfacc1]
PASS DEL-02-01 cites DEL-01-06/REQ-010 [main 125cfacc1]
PASS DEL-02-01 cites DEL-02-07/CON-003 [main 125cfacc1]
PASS DEL-02-01 cites DEL-01-03/CON-001 [S1 candidate]
PASS DEL-02-01 cites DEL-01-01/CON-003 [main 125cfacc1]
PASS DEL-02-02 cites DEL-01-01/CLM-012 [main 125cfacc1]
PASS DEL-02-02 cites DEL-01-01/AC-006 [main 125cfacc1]
PASS DEL-02-02 cites DEL-01-03/CON-001 [S1 candidate]
PASS DEL-02-02 cites DEL-01-01/REQ-017 [main 125cfacc1]
PASS DEL-02-02 cites DEL-01-01/CON-003 [main 125cfacc1]
PASS DEL-03-01 cites DEL-02-01/REQ-008 [S1 candidate]
PASS DEL-03-01 cites DEL-02-02/REQ-006 [S1 candidate]
PASS DEL-03-01 cites DEL-02-04/REQ-006 [main 125cfacc1]
PASS DEL-03-01 cites DEL-02-05/REQ-006 [main 125cfacc1]
PASS DEL-03-01 cites DEL-02-06/REQ-007 [main 125cfacc1]
PASS DEL-03-01 cites DEL-02-08/REQ-009 [main 125cfacc1]
PASS DEL-03-01 cites DEL-02-09/REQ-007 [main 125cfacc1]
PASS DEL-03-01 cites DEL-02-09/REQ-001 [main 125cfacc1]
PASS DEL-03-01 cites DEL-02-03/REQ-004 [main 125cfacc1]
PASS DEL-03-01 cites DEL-02-03/AC-004 [main 125cfacc1]
PASS DEL-03-01 cites DEL-02-03/REQ-014 [main 125cfacc1]
PASS DEL-03-01 cites DEL-02-03/REQ-016 [main 125cfacc1]
PASS DEL-03-01 cites DEL-01-01/CON-001 [main 125cfacc1]
PASS DEL-03-01 cites DEL-01-01/TBD-002 [main 125cfacc1]
INFO DEL-03-01 cites its own TBD-005 (not defined: retired or quoted form)
PASS DEL-03-03 cites DEL-01-01/CON-008 [main 125cfacc1]
PASS DEL-04-05 cites DEL-01-01/REQ-008 [main 125cfacc1]
PASS DEL-04-05 cites DEL-01-01/REQ-015 [main 125cfacc1]
PASS DEL-04-05 cites DEL-02-03/CLM-015 [main 125cfacc1]
PASS DEL-04-05 cites DEL-02-03/REQ-014 [main 125cfacc1]
PASS DEL-04-05 cites DEL-02-03/REQ-015 [main 125cfacc1]
PASS DEL-04-05 cites DEL-02-03/OUT-001 [main 125cfacc1]
PASS DEL-04-05 cites DEL-02-03/REQ-016 [main 125cfacc1]
PASS DEL-10-02 cites DEL-03-01/CLM-017 [S1 candidate]
PASS DEL-10-02 cites DEL-10-03/OUT-001 [main 125cfacc1]
PASS DEL-10-02 cites DEL-03-01/CON-005 [S1 candidate]
PASS DEL-10-10 cites DEL-02-05/REQ-013 [main 125cfacc1]
PASS DEL-10-10 cites DEL-02-04/CON-005 [main 125cfacc1]
PASS DEL-10-10 cites DEL-02-05/CLM-016 [main 125cfacc1]
PASS DEL-10-10 cites DEL-02-05/CON-004 [main 125cfacc1]
PASS DEL-10-10 cites DEL-02-05/CON-005 [main 125cfacc1]
PASS DEL-10-10 cites DEL-03-01/CON-005 [S1 candidate]
RESULT PASS 44/44
