basis commit: 16010b4ca9ab6c00247593177e1a8defa97a3ab6
python: Python 3.13.7
S4 overlay from 91a2e8407f27d03be0ad1c1a862f3c51b613196f (simulated S4 act on both exports where not yet applied): DEL-04-01_Loop_orientation_return=already-S4-postimage(no-op) DEL-04-03_Citation_freshness_stamping=already-S4-postimage(no-op)
PASS act: check-only 0, apply 0, rerun refuses 1
PASS containment: 12 differing files, all ScopeOfWork.md
PASS validate DEL-01-03
PASS checklist DEL-01-03 (rerun byte-identical)
PASS boundary DEL-01-03 (no UNRESOLVED_OWNER/UNDEFINED_CLAIM)
PASS validate DEL-01-04
PASS checklist DEL-01-04 (rerun byte-identical)
PASS boundary DEL-01-04 (no UNRESOLVED_OWNER/UNDEFINED_CLAIM)
PASS validate DEL-01-05
PASS checklist DEL-01-05 (rerun byte-identical)
PASS boundary DEL-01-05 (no UNRESOLVED_OWNER/UNDEFINED_CLAIM)
PASS validate DEL-02-01
PASS checklist DEL-02-01 (rerun byte-identical)
PASS boundary DEL-02-01 (no UNRESOLVED_OWNER/UNDEFINED_CLAIM)
PASS validate DEL-02-02
PASS checklist DEL-02-02 (rerun byte-identical)
PASS boundary DEL-02-02 (no UNRESOLVED_OWNER/UNDEFINED_CLAIM)
PASS validate DEL-03-01
PASS checklist DEL-03-01 (rerun byte-identical)
PASS boundary DEL-03-01 (no UNRESOLVED_OWNER/UNDEFINED_CLAIM)
PASS validate DEL-03-02
PASS checklist DEL-03-02 (rerun byte-identical)
PASS boundary DEL-03-02 (no UNRESOLVED_OWNER/UNDEFINED_CLAIM)
PASS validate DEL-03-03
PASS checklist DEL-03-03 (rerun byte-identical)
PASS boundary DEL-03-03 (no UNRESOLVED_OWNER/UNDEFINED_CLAIM)
PASS validate DEL-03-06
PASS checklist DEL-03-06 (rerun byte-identical)
PASS boundary DEL-03-06 (no UNRESOLVED_OWNER/UNDEFINED_CLAIM)
PASS validate DEL-04-05
PASS checklist DEL-04-05 (rerun byte-identical)
PASS boundary DEL-04-05 (no UNRESOLVED_OWNER/UNDEFINED_CLAIM)
PASS validate DEL-10-02
PASS checklist DEL-10-02 (rerun byte-identical)
PASS boundary DEL-10-02 (no UNRESOLVED_OWNER/UNDEFINED_CLAIM)
PASS validate DEL-10-10
PASS checklist DEL-10-10 (rerun byte-identical)
PASS boundary DEL-10-10 (no UNRESOLVED_OWNER/UNDEFINED_CLAIM)
PASS quotes: RESULT PASS 884/884
PASS state claims: RESULT PASS 905/905
PASS qualified IDs: RESULT PASS 44/44
PASS dependency quote currency (pre): RESULT PASS 127/127
PASS dependency quote currency (post): RESULT PASS 127/127
INFO quote audit (informational): S2-STALE 2 NOTFOUND 0
PASS strict identical before/after, export root normalized (exit=1)
PASS harness identical before/after, export root normalized (exit=0)
PASS receipts identical before/after, export root normalized (exit=0)
PASS whitespace
PASS fault injection: RESULT PASS 9/9
OVERALL PASS
