CURRENT DEL-08-06 quotes current DEL-02-03 text: '"Orientation for any loop is a sub-second query with per-claim citations, not a session-length prose derivation" (§3,'
CURRENT DEL-08-06 quotes current DEL-02-04 text: '"Orientation for any loop is a sub-second query with per-claim citations, not a session-length prose derivation" (§3,'
CURRENT DEL-08-06 quotes current DEL-02-06 text: '"Orientation for any loop is a sub-second query with per-claim citations, not a session-length prose derivation" (§3,'
CURRENT DEL-08-06 quotes current DEL-02-07 text: '"Orientation for any loop is a sub-second query with per-claim citations, not a session-length prose derivation" (§3,'
CURRENT DEL-08-06 quotes current DEL-02-03 text: 'are register-wide, non-gating constraints recorded in'
CURRENT DEL-08-06 quotes current DEL-02-06 text: 'are register-wide, non-gating constraints recorded in'
CURRENT DEL-08-06 quotes current DEL-02-07 text: 'are register-wide, non-gating constraints recorded in'
CURRENT DEL-08-06 quotes current DEL-01-01 text: 'remains the sole lifecycle authority and is untouched by the run that authored this document; the deliverable is at'
CURRENT DEL-08-06 quotes current DEL-01-01 text: 'remains the sole lifecycle authority and is untouched by the run that authored this document;'
CURRENT DEL-08-06 quotes current DEL-02-03 text: 'remains the sole lifecycle authority and is untouched by the run that authored this document; the deliverable is at'
CURRENT DEL-08-06 quotes current DEL-02-03 text: 'remains the sole lifecycle authority and is untouched by the run that authored this document;'
CURRENT DEL-08-06 quotes current DEL-02-04 text: 'remains the sole lifecycle authority and is untouched by the run that authored this document; the deliverable is at'
CURRENT DEL-08-06 quotes current DEL-02-04 text: 'remains the sole lifecycle authority and is untouched by the run that authored this document;'
CURRENT DEL-08-06 quotes current DEL-02-05 text: 'remains the sole lifecycle authority and is untouched by the run that authored this document; the deliverable is at'
CURRENT DEL-08-06 quotes current DEL-02-05 text: 'remains the sole lifecycle authority and is untouched by the run that authored this document;'
CURRENT DEL-08-06 quotes current DEL-02-06 text: 'remains the sole lifecycle authority and is untouched by the run that authored this document; the deliverable is at'
CURRENT DEL-08-06 quotes current DEL-02-06 text: 'remains the sole lifecycle authority and is untouched by the run that authored this document;'
CURRENT DEL-08-06 quotes current DEL-02-07 text: 'remains the sole lifecycle authority and is untouched by the run that authored this document; the deliverable is at'
CURRENT DEL-08-06 quotes current DEL-02-07 text: 'remains the sole lifecycle authority and is untouched by the run that authored this document;'
CURRENT DEL-10-13 quotes current DEL-02-07 text: 'compose no reliance-advertisement gate record'
CURRENT DEL-10-13 quotes current DEL-02-07 text: "bear on the reliance-advertisement gate's"
CURRENT DEL-10-13 quotes current DEL-02-03 text: '"Orientation for any loop is a sub-second query with per-claim citations, not a session-length prose derivation" (§3,'
CURRENT DEL-10-13 quotes current DEL-02-04 text: '"Orientation for any loop is a sub-second query with per-claim citations, not a session-length prose derivation" (§3,'
CURRENT DEL-10-13 quotes current DEL-02-06 text: '"Orientation for any loop is a sub-second query with per-claim citations, not a session-length prose derivation" (§3,'
CURRENT DEL-10-13 quotes current DEL-02-07 text: '"Orientation for any loop is a sub-second query with per-claim citations, not a session-length prose derivation" (§3,'
CURRENT DEL-10-13 quotes current DEL-01-06 text: 'for every deliverable this contract names in its own voice:'
CURRENT DEL-10-13 quotes current DEL-02-03 text: 'for every deliverable this contract names in its own voice:'
CURRENT DEL-10-13 quotes current DEL-02-04 text: 'for every deliverable this contract names in its own voice:'
CURRENT DEL-10-13 quotes current DEL-02-05 text: 'for every deliverable this contract names in its own voice:'
CURRENT DEL-10-13 quotes current DEL-02-06 text: 'for every deliverable this contract names in its own voice:'
CURRENT DEL-10-13 quotes current DEL-02-07 text: 'for every deliverable this contract names in its own voice:'
CURRENT DEL-10-13 quotes current DEL-01-01 text: 'remains the sole lifecycle authority and is untouched by the run that authored this document; the deliverable is at'
CURRENT DEL-10-13 quotes current DEL-01-01 text: 'remains the sole lifecycle authority and is untouched by the run that authored this document;'
CURRENT DEL-10-13 quotes current DEL-02-03 text: 'remains the sole lifecycle authority and is untouched by the run that authored this document; the deliverable is at'
CURRENT DEL-10-13 quotes current DEL-02-03 text: 'remains the sole lifecycle authority and is untouched by the run that authored this document;'
CURRENT DEL-10-13 quotes current DEL-02-04 text: 'remains the sole lifecycle authority and is untouched by the run that authored this document; the deliverable is at'
CURRENT DEL-10-13 quotes current DEL-02-04 text: 'remains the sole lifecycle authority and is untouched by the run that authored this document;'
CURRENT DEL-10-13 quotes current DEL-02-05 text: 'remains the sole lifecycle authority and is untouched by the run that authored this document; the deliverable is at'
CURRENT DEL-10-13 quotes current DEL-02-05 text: 'remains the sole lifecycle authority and is untouched by the run that authored this document;'
CURRENT DEL-10-13 quotes current DEL-02-06 text: 'remains the sole lifecycle authority and is untouched by the run that authored this document; the deliverable is at'
CURRENT DEL-10-13 quotes current DEL-02-06 text: 'remains the sole lifecycle authority and is untouched by the run that authored this document;'
CURRENT DEL-10-13 quotes current DEL-02-07 text: 'remains the sole lifecycle authority and is untouched by the run that authored this document; the deliverable is at'
CURRENT DEL-10-13 quotes current DEL-02-07 text: 'remains the sole lifecycle authority and is untouched by the run that authored this document;'
RESULT PASS stale=0 current=43
