PASS DEL-04-01 cites DEL-04-03/REQ-016 [sibling]
PASS DEL-04-01 cites DEL-04-03/REQ-020 [sibling]
PASS DEL-04-01 cites DEL-04-03/REQ-023 [sibling]
PASS DEL-04-01 cites DEL-04-03/TBD-005 [sibling]
PASS DEL-04-01 cites DEL-08-03/CON-007 [sibling]
PASS DEL-04-02 cites DEL-04-01/CON-003 [sibling]
PASS DEL-04-02 cites DEL-04-03/REQ-016 [sibling]
PASS DEL-04-02 cites DEL-04-03/REQ-017 [sibling]
PASS DEL-04-02 cites DEL-04-03/REQ-023 [sibling]
PASS DEL-04-02 cites DEL-04-03/TBD-005 [sibling]
PASS DEL-04-02 cites DEL-08-03/CON-006 [sibling]
PASS DEL-04-02 cites DEL-08-03/REQ-015 [sibling]
PASS DEL-04-02 cites DEL-08-03/TBD-005 [sibling]
PASS DEL-08-03 cites DEL-04-03/CLM-016 [sibling]
PASS DEL-08-03 cites DEL-04-03/CON-002 [sibling]
PASS DEL-08-03 cites DEL-04-03/CON-004 [sibling]
PASS DEL-08-03 cites DEL-04-03/REQ-002 [sibling]
PASS DEL-08-03 cites DEL-04-03/REQ-008 [sibling]
PASS DEL-08-03 cites DEL-04-03/REQ-010 [sibling]
PASS DEL-08-03 cites DEL-04-03/REQ-023 [sibling]
PASS DEL-08-03 cites DEL-04-03/TBD-005 [sibling]
PASS DEL-08-04 cites DEL-04-01/AX-009 [sibling]
PASS DEL-08-04 cites DEL-04-01/CON-002 [sibling]
PASS DEL-08-04 cites DEL-04-01/CON-004 [sibling]
PASS DEL-08-04 cites DEL-04-01/REQ-001 [sibling]
PASS DEL-08-04 cites DEL-04-01/REQ-006 [sibling]
PASS DEL-08-04 cites DEL-04-01/REQ-011 [sibling]
PASS DEL-08-04 cites DEL-04-01/REQ-012 [sibling]
PASS DEL-08-04 cites DEL-08-01/CLM-005 [sibling]
PASS DEL-08-04 cites DEL-08-01/OUT-001 [sibling]
PASS DEL-08-04 cites DEL-08-01/REQ-001 [sibling]
PASS DEL-08-04 cites DEL-08-01/REQ-002 [sibling]
PASS DEL-08-04 cites DEL-08-01/REQ-006 [sibling]
PASS DEL-08-04 cites DEL-08-01/TBD-003 [sibling]
PASS DEL-08-04 cites DEL-08-03/OUT-002 [sibling]
PASS DEL-08-04 cites DEL-08-03/REQ-010 [sibling]
PASS DEL-04-03 cites DEL-04-01/CLM-003 [sibling]
PASS DEL-04-03 cites DEL-04-01/CLM-015 [sibling]
PASS DEL-04-03 cites DEL-04-01/CON-003 [sibling]
PASS DEL-04-03 cites DEL-04-01/REQ-001 [sibling]
PASS DEL-04-03 cites DEL-04-01/REQ-005 [sibling]
PASS DEL-04-03 cites DEL-04-01/REQ-009 [sibling]
PASS DEL-10-03 cites DEL-08-01/CLM-001 [sibling]
PASS DEL-10-03 cites DEL-08-01/CON-002 [sibling]
PASS DEL-10-03 cites DEL-08-01/OUT-001 [sibling]
PASS DEL-10-03 cites DEL-08-01/OUT-002 [sibling]
PASS DEL-10-03 cites DEL-08-01/REQ-002 [sibling]
PASS DEL-01-01 cites DEL-03-04/CON-004 [external]
PASS DEL-02-07 cites DEL-03-04/CON-004 [external]
PASS DEL-04-05 cites DEL-04-01/REQ-001 [external]
PASS DEL-04-05 cites DEL-04-01/REQ-006 [external]
PASS DEL-04-05 cites DEL-04-03/CON-003 [external]
PASS DEL-04-05 cites DEL-04-03/REQ-001 [external]
PASS DEL-04-05 cites DEL-04-03/REQ-008 [external]
RESULT PASS 54/54
