# 2026-09-27T05:26:46Z; HEAD c8b3a8f9c974c5cbac54c2be75924430ae7e38e4
$ git diff --name-status origin/main...HEAD
M	projects/pec/execution/PKG-03_Reconciliation_Parity/1_Working/DEL-03-04_Practitioner_harness_parity_diff/ScopeOfWork.md
M	projects/pec/execution/PKG-04_Orientation_Services/1_Working/DEL-04-01_Loop_orientation_return/ScopeOfWork.md
M	projects/pec/execution/PKG-04_Orientation_Services/1_Working/DEL-04-02_Delta_service_since_SHA/ScopeOfWork.md
M	projects/pec/execution/PKG-04_Orientation_Services/1_Working/DEL-04-03_Citation_freshness_stamping/ScopeOfWork.md
M	projects/pec/execution/PKG-08_API_Access/1_Working/DEL-08-01_Unix_socket_server_token_scoped_access/ScopeOfWork.md
M	projects/pec/execution/PKG-08_API_Access/1_Working/DEL-08-03_Compact_citation_bearing_response_format/ScopeOfWork.md
M	projects/pec/execution/PKG-08_API_Access/1_Working/DEL-08-04_Orientation_latency_budget_p95_100_ms/ScopeOfWork.md
M	projects/pec/execution/PKG-10_Validation_Measurement/1_Working/DEL-10-03_No_ruling_write_verification/ScopeOfWork.md
A	projects/pec/execution/_Coordination/AgentRuns/HELP-HUMAN-PEC-20260925-POST-SCA005/briefs/S4A_D102_SOW_ACT.md
A	projects/pec/execution/_Coordination/SOW_CURRENCY_S4_2026-09-26/VERIFIER_VERDICT_01.md
A	projects/pec/execution/_Coordination/SOW_CURRENCY_S4_2026-09-26/apply_s4p.py
A	projects/pec/execution/_Coordination/SOW_CURRENCY_S4_2026-09-26/apply_s4p.template.py
A	projects/pec/execution/_Coordination/SOW_CURRENCY_S4_2026-09-26/boundary_DEL-03-04.json
A	projects/pec/execution/_Coordination/SOW_CURRENCY_S4_2026-09-26/boundary_DEL-04-01.json
A	projects/pec/execution/_Coordination/SOW_CURRENCY_S4_2026-09-26/boundary_DEL-04-02.json
A	projects/pec/execution/_Coordination/SOW_CURRENCY_S4_2026-09-26/boundary_DEL-04-03.json
A	projects/pec/execution/_Coordination/SOW_CURRENCY_S4_2026-09-26/boundary_DEL-08-01.json
A	projects/pec/execution/_Coordination/SOW_CURRENCY_S4_2026-09-26/boundary_DEL-08-03.json
A	projects/pec/execution/_Coordination/SOW_CURRENCY_S4_2026-09-26/boundary_DEL-08-04.json
A	projects/pec/execution/_Coordination/SOW_CURRENCY_S4_2026-09-26/boundary_DEL-10-03.json
A	projects/pec/execution/_Coordination/SOW_CURRENCY_S4_2026-09-26/build_apply_s4p.py
A	projects/pec/execution/_Coordination/SOW_CURRENCY_S4_2026-09-26/candidates/projects/pec/execution/PKG-03_Reconciliation_Parity/1_Working/DEL-03-04_Practitioner_harness_parity_diff/ScopeOfWork.md
A	projects/pec/execution/_Coordination/SOW_CURRENCY_S4_2026-09-26/candidates/projects/pec/execution/PKG-04_Orientation_Services/1_Working/DEL-04-01_Loop_orientation_return/ScopeOfWork.md
A	projects/pec/execution/_Coordination/SOW_CURRENCY_S4_2026-09-26/candidates/projects/pec/execution/PKG-04_Orientation_Services/1_Working/DEL-04-02_Delta_service_since_SHA/ScopeOfWork.md
A	projects/pec/execution/_Coordination/SOW_CURRENCY_S4_2026-09-26/candidates/projects/pec/execution/PKG-04_Orientation_Services/1_Working/DEL-04-03_Citation_freshness_stamping/ScopeOfWork.md
A	projects/pec/execution/_Coordination/SOW_CURRENCY_S4_2026-09-26/candidates/projects/pec/execution/PKG-08_API_Access/1_Working/DEL-08-01_Unix_socket_server_token_scoped_access/ScopeOfWork.md
A	projects/pec/execution/_Coordination/SOW_CURRENCY_S4_2026-09-26/candidates/projects/pec/execution/PKG-08_API_Access/1_Working/DEL-08-03_Compact_citation_bearing_response_format/ScopeOfWork.md
A	projects/pec/execution/_Coordination/SOW_CURRENCY_S4_2026-09-26/candidates/projects/pec/execution/PKG-08_API_Access/1_Working/DEL-08-04_Orientation_latency_budget_p95_100_ms/ScopeOfWork.md
A	projects/pec/execution/_Coordination/SOW_CURRENCY_S4_2026-09-26/candidates/projects/pec/execution/PKG-10_Validation_Measurement/1_Working/DEL-10-03_No_ruling_write_verification/ScopeOfWork.md
A	projects/pec/execution/_Coordination/SOW_CURRENCY_S4_2026-09-26/check_quote_currency.py
A	projects/pec/execution/_Coordination/SOW_CURRENCY_S4_2026-09-26/check_sibling_ids.py
A	projects/pec/execution/_Coordination/SOW_CURRENCY_S4_2026-09-26/checklist_DEL-03-04.json
A	projects/pec/execution/_Coordination/SOW_CURRENCY_S4_2026-09-26/checklist_DEL-04-01.json
A	projects/pec/execution/_Coordination/SOW_CURRENCY_S4_2026-09-26/checklist_DEL-04-02.json
A	projects/pec/execution/_Coordination/SOW_CURRENCY_S4_2026-09-26/checklist_DEL-04-03.json
A	projects/pec/execution/_Coordination/SOW_CURRENCY_S4_2026-09-26/checklist_DEL-08-01.json
A	projects/pec/execution/_Coordination/SOW_CURRENCY_S4_2026-09-26/checklist_DEL-08-03.json
A	projects/pec/execution/_Coordination/SOW_CURRENCY_S4_2026-09-26/checklist_DEL-08-04.json
A	projects/pec/execution/_Coordination/SOW_CURRENCY_S4_2026-09-26/checklist_DEL-10-03.json
A	projects/pec/execution/_Coordination/SOW_CURRENCY_S4_2026-09-26/claims/DEL-03-04.json
A	projects/pec/execution/_Coordination/SOW_CURRENCY_S4_2026-09-26/claims/DEL-04-01.json
A	projects/pec/execution/_Coordination/SOW_CURRENCY_S4_2026-09-26/claims/DEL-04-02.json
A	projects/pec/execution/_Coordination/SOW_CURRENCY_S4_2026-09-26/claims/DEL-04-03.json
A	projects/pec/execution/_Coordination/SOW_CURRENCY_S4_2026-09-26/claims/DEL-08-01.json
A	projects/pec/execution/_Coordination/SOW_CURRENCY_S4_2026-09-26/claims/DEL-08-03.json
A	projects/pec/execution/_Coordination/SOW_CURRENCY_S4_2026-09-26/claims/DEL-08-04.json
A	projects/pec/execution/_Coordination/SOW_CURRENCY_S4_2026-09-26/claims/DEL-10-03.json
A	projects/pec/execution/_Coordination/SOW_CURRENCY_S4_2026-09-26/evidence/apply_check_only.out
A	projects/pec/execution/_Coordination/SOW_CURRENCY_S4_2026-09-26/evidence/apply_run.out
A	projects/pec/execution/_Coordination/SOW_CURRENCY_S4_2026-09-26/evidence/harness_pre.out
A	projects/pec/execution/_Coordination/SOW_CURRENCY_S4_2026-09-26/evidence/negative_controls.out
A	projects/pec/execution/_Coordination/SOW_CURRENCY_S4_2026-09-26/evidence/post/HEADER.out
A	projects/pec/execution/_Coordination/SOW_CURRENCY_S4_2026-09-26/evidence/post/before_after_identity.out
A	projects/pec/execution/_Coordination/SOW_CURRENCY_S4_2026-09-26/evidence/post/boundary_DEL-03-04.out
A	projects/pec/execution/_Coordination/SOW_CURRENCY_S4_2026-09-26/evidence/post/boundary_DEL-04-01.out
A	projects/pec/execution/_Coordination/SOW_CURRENCY_S4_2026-09-26/evidence/post/boundary_DEL-04-02.out
A	projects/pec/execution/_Coordination/SOW_CURRENCY_S4_2026-09-26/evidence/post/boundary_DEL-04-03.out
A	projects/pec/execution/_Coordination/SOW_CURRENCY_S4_2026-09-26/evidence/post/boundary_DEL-08-01.out
A	projects/pec/execution/_Coordination/SOW_CURRENCY_S4_2026-09-26/evidence/post/boundary_DEL-08-03.out
A	projects/pec/execution/_Coordination/SOW_CURRENCY_S4_2026-09-26/evidence/post/boundary_DEL-08-04.out
A	projects/pec/execution/_Coordination/SOW_CURRENCY_S4_2026-09-26/evidence/post/boundary_DEL-10-03.out
A	projects/pec/execution/_Coordination/SOW_CURRENCY_S4_2026-09-26/evidence/post/boundary_summary.out
A	projects/pec/execution/_Coordination/SOW_CURRENCY_S4_2026-09-26/evidence/post/checklist_DEL-03-04.out
A	projects/pec/execution/_Coordination/SOW_CURRENCY_S4_2026-09-26/evidence/post/checklist_DEL-04-01.out
A	projects/pec/execution/_Coordination/SOW_CURRENCY_S4_2026-09-26/evidence/post/checklist_DEL-04-02.out
A	projects/pec/execution/_Coordination/SOW_CURRENCY_S4_2026-09-26/evidence/post/checklist_DEL-04-03.out
A	projects/pec/execution/_Coordination/SOW_CURRENCY_S4_2026-09-26/evidence/post/checklist_DEL-08-01.out
A	projects/pec/execution/_Coordination/SOW_CURRENCY_S4_2026-09-26/evidence/post/checklist_DEL-08-03.out
A	projects/pec/execution/_Coordination/SOW_CURRENCY_S4_2026-09-26/evidence/post/checklist_DEL-08-04.out
A	projects/pec/execution/_Coordination/SOW_CURRENCY_S4_2026-09-26/evidence/post/checklist_DEL-10-03.out
A	projects/pec/execution/_Coordination/SOW_CURRENCY_S4_2026-09-26/evidence/post/checklist_compare.out
A	projects/pec/execution/_Coordination/SOW_CURRENCY_S4_2026-09-26/evidence/post/checklist_rerun_DEL-03-04.json
A	projects/pec/execution/_Coordination/SOW_CURRENCY_S4_2026-09-26/evidence/post/checklist_rerun_DEL-03-04.out
A	projects/pec/execution/_Coordination/SOW_CURRENCY_S4_2026-09-26/evidence/post/checklist_rerun_DEL-04-01.json
A	projects/pec/execution/_Coordination/SOW_CURRENCY_S4_2026-09-26/evidence/post/checklist_rerun_DEL-04-01.out
A	projects/pec/execution/_Coordination/SOW_CURRENCY_S4_2026-09-26/evidence/post/checklist_rerun_DEL-04-02.json
A	projects/pec/execution/_Coordination/SOW_CURRENCY_S4_2026-09-26/evidence/post/checklist_rerun_DEL-04-02.out
A	projects/pec/execution/_Coordination/SOW_CURRENCY_S4_2026-09-26/evidence/post/checklist_rerun_DEL-04-03.json
A	projects/pec/execution/_Coordination/SOW_CURRENCY_S4_2026-09-26/evidence/post/checklist_rerun_DEL-04-03.out
A	projects/pec/execution/_Coordination/SOW_CURRENCY_S4_2026-09-26/evidence/post/checklist_rerun_DEL-08-01.json
A	projects/pec/execution/_Coordination/SOW_CURRENCY_S4_2026-09-26/evidence/post/checklist_rerun_DEL-08-01.out
A	projects/pec/execution/_Coordination/SOW_CURRENCY_S4_2026-09-26/evidence/post/checklist_rerun_DEL-08-03.json
A	projects/pec/execution/_Coordination/SOW_CURRENCY_S4_2026-09-26/evidence/post/checklist_rerun_DEL-08-03.out
A	projects/pec/execution/_Coordination/SOW_CURRENCY_S4_2026-09-26/evidence/post/checklist_rerun_DEL-08-04.json
A	projects/pec/execution/_Coordination/SOW_CURRENCY_S4_2026-09-26/evidence/post/checklist_rerun_DEL-08-04.out
A	projects/pec/execution/_Coordination/SOW_CURRENCY_S4_2026-09-26/evidence/post/checklist_rerun_DEL-10-03.json
A	projects/pec/execution/_Coordination/SOW_CURRENCY_S4_2026-09-26/evidence/post/checklist_rerun_DEL-10-03.out
A	projects/pec/execution/_Coordination/SOW_CURRENCY_S4_2026-09-26/evidence/post/containment.out
A	projects/pec/execution/_Coordination/SOW_CURRENCY_S4_2026-09-26/evidence/post/harness_post.out
A	projects/pec/execution/_Coordination/SOW_CURRENCY_S4_2026-09-26/evidence/post/lifecycle.out
A	projects/pec/execution/_Coordination/SOW_CURRENCY_S4_2026-09-26/evidence/post/pins.out
A	projects/pec/execution/_Coordination/SOW_CURRENCY_S4_2026-09-26/evidence/post/quote_currency_post.out
A	projects/pec/execution/_Coordination/SOW_CURRENCY_S4_2026-09-26/evidence/post/quotes.out
A	projects/pec/execution/_Coordination/SOW_CURRENCY_S4_2026-09-26/evidence/post/receipts_post.out
A	projects/pec/execution/_Coordination/SOW_CURRENCY_S4_2026-09-26/evidence/post/rerun_refuses.out
A	projects/pec/execution/_Coordination/SOW_CURRENCY_S4_2026-09-26/evidence/post/scan_external_quotes.out
A	projects/pec/execution/_Coordination/SOW_CURRENCY_S4_2026-09-26/evidence/post/scan_s2_quotes.out
A	projects/pec/execution/_Coordination/SOW_CURRENCY_S4_2026-09-26/evidence/post/sibling_ids.out
A	projects/pec/execution/_Coordination/SOW_CURRENCY_S4_2026-09-26/evidence/post/state_claims.out
A	projects/pec/execution/_Coordination/SOW_CURRENCY_S4_2026-09-26/evidence/post/strict_post.out
A	projects/pec/execution/_Coordination/SOW_CURRENCY_S4_2026-09-26/evidence/post/validate_DEL-03-04.out
A	projects/pec/execution/_Coordination/SOW_CURRENCY_S4_2026-09-26/evidence/post/validate_DEL-04-01.out
A	projects/pec/execution/_Coordination/SOW_CURRENCY_S4_2026-09-26/evidence/post/validate_DEL-04-02.out
A	projects/pec/execution/_Coordination/SOW_CURRENCY_S4_2026-09-26/evidence/post/validate_DEL-04-03.out
A	projects/pec/execution/_Coordination/SOW_CURRENCY_S4_2026-09-26/evidence/post/validate_DEL-08-01.out
A	projects/pec/execution/_Coordination/SOW_CURRENCY_S4_2026-09-26/evidence/post/validate_DEL-08-03.out
A	projects/pec/execution/_Coordination/SOW_CURRENCY_S4_2026-09-26/evidence/post/validate_DEL-08-04.out
A	projects/pec/execution/_Coordination/SOW_CURRENCY_S4_2026-09-26/evidence/post/validate_DEL-10-03.out
A	projects/pec/execution/_Coordination/SOW_CURRENCY_S4_2026-09-26/evidence/post/verify_rows_2_12.zsh
A	projects/pec/execution/_Coordination/SOW_CURRENCY_S4_2026-09-26/evidence/post/whitespace.out
A	projects/pec/execution/_Coordination/SOW_CURRENCY_S4_2026-09-26/evidence/preconditions.out
A	projects/pec/execution/_Coordination/SOW_CURRENCY_S4_2026-09-26/evidence/quote_currency_pre.out
A	projects/pec/execution/_Coordination/SOW_CURRENCY_S4_2026-09-26/evidence/receipts_pre.out
A	projects/pec/execution/_Coordination/SOW_CURRENCY_S4_2026-09-26/evidence/reliance_dispatch.out
A	projects/pec/execution/_Coordination/SOW_CURRENCY_S4_2026-09-26/evidence/reliance_rely.out
A	projects/pec/execution/_Coordination/SOW_CURRENCY_S4_2026-09-26/evidence/reliance_rely_verdict.out
A	projects/pec/execution/_Coordination/SOW_CURRENCY_S4_2026-09-26/evidence/rerun_4c2a7768f/SUMMARY.out
A	projects/pec/execution/_Coordination/SOW_CURRENCY_S4_2026-09-26/evidence/rerun_4c2a7768f/apply.out
A	projects/pec/execution/_Coordination/SOW_CURRENCY_S4_2026-09-26/evidence/rerun_4c2a7768f/apply_checkonly.out
A	projects/pec/execution/_Coordination/SOW_CURRENCY_S4_2026-09-26/evidence/rerun_4c2a7768f/apply_rerun.out
A	projects/pec/execution/_Coordination/SOW_CURRENCY_S4_2026-09-26/evidence/rerun_4c2a7768f/boundary_DEL-03-04.json
A	projects/pec/execution/_Coordination/SOW_CURRENCY_S4_2026-09-26/evidence/rerun_4c2a7768f/boundary_DEL-03-04.out
A	projects/pec/execution/_Coordination/SOW_CURRENCY_S4_2026-09-26/evidence/rerun_4c2a7768f/boundary_DEL-04-01.json
A	projects/pec/execution/_Coordination/SOW_CURRENCY_S4_2026-09-26/evidence/rerun_4c2a7768f/boundary_DEL-04-01.out
A	projects/pec/execution/_Coordination/SOW_CURRENCY_S4_2026-09-26/evidence/rerun_4c2a7768f/boundary_DEL-04-02.json
A	projects/pec/execution/_Coordination/SOW_CURRENCY_S4_2026-09-26/evidence/rerun_4c2a7768f/boundary_DEL-04-02.out
A	projects/pec/execution/_Coordination/SOW_CURRENCY_S4_2026-09-26/evidence/rerun_4c2a7768f/boundary_DEL-04-03.json
A	projects/pec/execution/_Coordination/SOW_CURRENCY_S4_2026-09-26/evidence/rerun_4c2a7768f/boundary_DEL-04-03.out
A	projects/pec/execution/_Coordination/SOW_CURRENCY_S4_2026-09-26/evidence/rerun_4c2a7768f/boundary_DEL-08-01.json
A	projects/pec/execution/_Coordination/SOW_CURRENCY_S4_2026-09-26/evidence/rerun_4c2a7768f/boundary_DEL-08-01.out
A	projects/pec/execution/_Coordination/SOW_CURRENCY_S4_2026-09-26/evidence/rerun_4c2a7768f/boundary_DEL-08-03.json
A	projects/pec/execution/_Coordination/SOW_CURRENCY_S4_2026-09-26/evidence/rerun_4c2a7768f/boundary_DEL-08-03.out
A	projects/pec/execution/_Coordination/SOW_CURRENCY_S4_2026-09-26/evidence/rerun_4c2a7768f/boundary_DEL-08-04.json
A	projects/pec/execution/_Coordination/SOW_CURRENCY_S4_2026-09-26/evidence/rerun_4c2a7768f/boundary_DEL-08-04.out
A	projects/pec/execution/_Coordination/SOW_CURRENCY_S4_2026-09-26/evidence/rerun_4c2a7768f/boundary_DEL-10-03.json
A	projects/pec/execution/_Coordination/SOW_CURRENCY_S4_2026-09-26/evidence/rerun_4c2a7768f/boundary_DEL-10-03.out
A	projects/pec/execution/_Coordination/SOW_CURRENCY_S4_2026-09-26/evidence/rerun_4c2a7768f/check_sibling_ids.out
A	projects/pec/execution/_Coordination/SOW_CURRENCY_S4_2026-09-26/evidence/rerun_4c2a7768f/checklist_DEL-03-04.json
A	projects/pec/execution/_Coordination/SOW_CURRENCY_S4_2026-09-26/evidence/rerun_4c2a7768f/checklist_DEL-03-04.out
A	projects/pec/execution/_Coordination/SOW_CURRENCY_S4_2026-09-26/evidence/rerun_4c2a7768f/checklist_DEL-04-01.json
A	projects/pec/execution/_Coordination/SOW_CURRENCY_S4_2026-09-26/evidence/rerun_4c2a7768f/checklist_DEL-04-01.out
A	projects/pec/execution/_Coordination/SOW_CURRENCY_S4_2026-09-26/evidence/rerun_4c2a7768f/checklist_DEL-04-02.json
A	projects/pec/execution/_Coordination/SOW_CURRENCY_S4_2026-09-26/evidence/rerun_4c2a7768f/checklist_DEL-04-02.out
A	projects/pec/execution/_Coordination/SOW_CURRENCY_S4_2026-09-26/evidence/rerun_4c2a7768f/checklist_DEL-04-03.json
A	projects/pec/execution/_Coordination/SOW_CURRENCY_S4_2026-09-26/evidence/rerun_4c2a7768f/checklist_DEL-04-03.out
A	projects/pec/execution/_Coordination/SOW_CURRENCY_S4_2026-09-26/evidence/rerun_4c2a7768f/checklist_DEL-08-01.json
A	projects/pec/execution/_Coordination/SOW_CURRENCY_S4_2026-09-26/evidence/rerun_4c2a7768f/checklist_DEL-08-01.out
A	projects/pec/execution/_Coordination/SOW_CURRENCY_S4_2026-09-26/evidence/rerun_4c2a7768f/checklist_DEL-08-03.json
A	projects/pec/execution/_Coordination/SOW_CURRENCY_S4_2026-09-26/evidence/rerun_4c2a7768f/checklist_DEL-08-03.out
A	projects/pec/execution/_Coordination/SOW_CURRENCY_S4_2026-09-26/evidence/rerun_4c2a7768f/checklist_DEL-08-04.json
A	projects/pec/execution/_Coordination/SOW_CURRENCY_S4_2026-09-26/evidence/rerun_4c2a7768f/checklist_DEL-08-04.out
A	projects/pec/execution/_Coordination/SOW_CURRENCY_S4_2026-09-26/evidence/rerun_4c2a7768f/checklist_DEL-10-03.json
A	projects/pec/execution/_Coordination/SOW_CURRENCY_S4_2026-09-26/evidence/rerun_4c2a7768f/checklist_DEL-10-03.out
A	projects/pec/execution/_Coordination/SOW_CURRENCY_S4_2026-09-26/evidence/rerun_4c2a7768f/command.out
A	projects/pec/execution/_Coordination/SOW_CURRENCY_S4_2026-09-26/evidence/rerun_4c2a7768f/containment.out
A	projects/pec/execution/_Coordination/SOW_CURRENCY_S4_2026-09-26/evidence/rerun_4c2a7768f/harness_post.out
A	projects/pec/execution/_Coordination/SOW_CURRENCY_S4_2026-09-26/evidence/rerun_4c2a7768f/harness_pre.out
A	projects/pec/execution/_Coordination/SOW_CURRENCY_S4_2026-09-26/evidence/rerun_4c2a7768f/quote_currency_post.out
A	projects/pec/execution/_Coordination/SOW_CURRENCY_S4_2026-09-26/evidence/rerun_4c2a7768f/quote_currency_pre.out
A	projects/pec/execution/_Coordination/SOW_CURRENCY_S4_2026-09-26/evidence/rerun_4c2a7768f/receipts_post.out
A	projects/pec/execution/_Coordination/SOW_CURRENCY_S4_2026-09-26/evidence/rerun_4c2a7768f/receipts_pre.out
A	projects/pec/execution/_Coordination/SOW_CURRENCY_S4_2026-09-26/evidence/rerun_4c2a7768f/scan_external_quotes.out
A	projects/pec/execution/_Coordination/SOW_CURRENCY_S4_2026-09-26/evidence/rerun_4c2a7768f/scan_s2_quotes.out
A	projects/pec/execution/_Coordination/SOW_CURRENCY_S4_2026-09-26/evidence/rerun_4c2a7768f/strict_post.out
A	projects/pec/execution/_Coordination/SOW_CURRENCY_S4_2026-09-26/evidence/rerun_4c2a7768f/strict_pre.out
A	projects/pec/execution/_Coordination/SOW_CURRENCY_S4_2026-09-26/evidence/rerun_4c2a7768f/test_apply_s4p.out
A	projects/pec/execution/_Coordination/SOW_CURRENCY_S4_2026-09-26/evidence/rerun_4c2a7768f/validate_DEL-03-04.out
A	projects/pec/execution/_Coordination/SOW_CURRENCY_S4_2026-09-26/evidence/rerun_4c2a7768f/validate_DEL-04-01.out
A	projects/pec/execution/_Coordination/SOW_CURRENCY_S4_2026-09-26/evidence/rerun_4c2a7768f/validate_DEL-04-02.out
A	projects/pec/execution/_Coordination/SOW_CURRENCY_S4_2026-09-26/evidence/rerun_4c2a7768f/validate_DEL-04-03.out
A	projects/pec/execution/_Coordination/SOW_CURRENCY_S4_2026-09-26/evidence/rerun_4c2a7768f/validate_DEL-08-01.out
A	projects/pec/execution/_Coordination/SOW_CURRENCY_S4_2026-09-26/evidence/rerun_4c2a7768f/validate_DEL-08-03.out
A	projects/pec/execution/_Coordination/SOW_CURRENCY_S4_2026-09-26/evidence/rerun_4c2a7768f/validate_DEL-08-04.out
A	projects/pec/execution/_Coordination/SOW_CURRENCY_S4_2026-09-26/evidence/rerun_4c2a7768f/validate_DEL-10-03.out
A	projects/pec/execution/_Coordination/SOW_CURRENCY_S4_2026-09-26/evidence/rerun_4c2a7768f/verify_quotes.out
A	projects/pec/execution/_Coordination/SOW_CURRENCY_S4_2026-09-26/evidence/rerun_4c2a7768f/verify_state_claims.out
A	projects/pec/execution/_Coordination/SOW_CURRENCY_S4_2026-09-26/evidence/rerun_4c2a7768f/whitespace.out
A	projects/pec/execution/_Coordination/SOW_CURRENCY_S4_2026-09-26/evidence/runroot_copy.sha256
A	projects/pec/execution/_Coordination/SOW_CURRENCY_S4_2026-09-26/evidence/runroot_copy_check.out
A	projects/pec/execution/_Coordination/SOW_CURRENCY_S4_2026-09-26/evidence/strict_pre.out
A	projects/pec/execution/_Coordination/SOW_CURRENCY_S4_2026-09-26/evidence/targets.txt
A	projects/pec/execution/_Coordination/SOW_CURRENCY_S4_2026-09-26/negative_controls.sh
A	projects/pec/execution/_Coordination/SOW_CURRENCY_S4_2026-09-26/quotes/DEL-03-04.json
A	projects/pec/execution/_Coordination/SOW_CURRENCY_S4_2026-09-26/quotes/DEL-04-01.json
A	projects/pec/execution/_Coordination/SOW_CURRENCY_S4_2026-09-26/quotes/DEL-04-02.json
A	projects/pec/execution/_Coordination/SOW_CURRENCY_S4_2026-09-26/quotes/DEL-04-03.json
A	projects/pec/execution/_Coordination/SOW_CURRENCY_S4_2026-09-26/quotes/DEL-08-01.json
A	projects/pec/execution/_Coordination/SOW_CURRENCY_S4_2026-09-26/quotes/DEL-08-03.json
A	projects/pec/execution/_Coordination/SOW_CURRENCY_S4_2026-09-26/quotes/DEL-08-04.json
A	projects/pec/execution/_Coordination/SOW_CURRENCY_S4_2026-09-26/quotes/DEL-10-03.json
A	projects/pec/execution/_Coordination/SOW_CURRENCY_S4_2026-09-26/run_s4p_checks.sh
A	projects/pec/execution/_Coordination/SOW_CURRENCY_S4_2026-09-26/scan_external_quotes.py
A	projects/pec/execution/_Coordination/SOW_CURRENCY_S4_2026-09-26/scan_s2_quotes.py
A	projects/pec/execution/_Coordination/SOW_CURRENCY_S4_2026-09-26/test_apply_s4p.py
A	projects/pec/execution/_Coordination/SOW_CURRENCY_S4_2026-09-26/verify_s4p_quotes.py
A	projects/pec/execution/_Coordination/SOW_CURRENCY_S4_2026-09-26/verify_s4p_state_claims.py
exit=0
