basis commit: 78e74f590d6010a52565d250288290b3305a2942
python: Python 3.13.7
PASS act: check-only 0, apply 0, rerun refuses 1
PASS containment: 8 differing files, all ScopeOfWork.md
PASS validate DEL-04-01
PASS checklist DEL-04-01 (rerun byte-identical)
PASS boundary DEL-04-01 (no UNRESOLVED_OWNER/UNDEFINED_CLAIM)
PASS validate DEL-04-02
PASS checklist DEL-04-02 (rerun byte-identical)
PASS boundary DEL-04-02 (no UNRESOLVED_OWNER/UNDEFINED_CLAIM)
PASS validate DEL-08-01
PASS checklist DEL-08-01 (rerun byte-identical)
PASS boundary DEL-08-01 (no UNRESOLVED_OWNER/UNDEFINED_CLAIM)
PASS validate DEL-08-03
PASS checklist DEL-08-03 (rerun byte-identical)
PASS boundary DEL-08-03 (no UNRESOLVED_OWNER/UNDEFINED_CLAIM)
PASS validate DEL-08-04
PASS checklist DEL-08-04 (rerun byte-identical)
PASS boundary DEL-08-04 (no UNRESOLVED_OWNER/UNDEFINED_CLAIM)
PASS validate DEL-04-03
PASS checklist DEL-04-03 (rerun byte-identical)
PASS boundary DEL-04-03 (no UNRESOLVED_OWNER/UNDEFINED_CLAIM)
PASS validate DEL-03-04
PASS checklist DEL-03-04 (rerun byte-identical)
PASS boundary DEL-03-04 (no UNRESOLVED_OWNER/UNDEFINED_CLAIM)
PASS validate DEL-10-03
PASS checklist DEL-10-03 (rerun byte-identical)
PASS boundary DEL-10-03 (no UNRESOLVED_OWNER/UNDEFINED_CLAIM)
PASS quotes: RESULT PASS 740/740
PASS state claims: RESULT PASS 1144/1144
PASS sibling and external IDs: RESULT PASS 57/57
INFO consequence scan (informational): SUMMARY stale=13 kept=26
PASS S2 quotation currency (heuristic scan): SUMMARY stale=0 kept=2
PASS strict identical before/after, export root normalized (exit=1)
PASS harness identical before/after, export root normalized (exit=0)
PASS receipts identical before/after, export root normalized (exit=0)
PASS dependency quote currency identical before/after (SUMMARY active_execution_quotes_verbatim 127/127)
PASS whitespace
PASS fault injection: RESULT PASS 9/9
OVERALL PASS
