PASS DEL-02-08 CLM-001 ledger row verbatim
PASS DEL-02-08 CLM-005 register Description verbatim
PASS DEL-02-08 OBJ-001 statement [110 chars]
PASS DEL-02-08 OBJ-002 statement [71 chars]
PASS DEL-02-08 §3 mapping note [104 chars]
PASS DEL-02-08 DL-20 entry quote [51 chars]
PASS DEL-02-08 PEC-RCN-002 lead [177 chars]
PASS DEL-02-08 PKG-02 charter head [39 chars]
PASS DEL-02-08 PKG-02 charter feeds [92 chars]
PASS DEL-02-08 PKG-02 out of scope [57 chars]
PASS DEL-02-08 §B4 carry-forward [279 chars]
PASS DEL-02-08 §B7 fixture strategy [462 chars]
PASS DEL-02-08 §B7 placement [42 chars]
PASS DEL-02-08 K-10 quote [64 chars]
PASS DEL-02-08 fourteen/RunRecord upstream [45 chars]
PASS DEL-02-09 CLM-001 ledger row verbatim
PASS DEL-02-09 CLM-005 register Description verbatim
PASS DEL-02-09 OBJ-001 statement [110 chars]
PASS DEL-02-09 OBJ-002 statement [71 chars]
PASS DEL-02-09 §3 mapping note [104 chars]
PASS DEL-02-09 DL-20 entry quote [51 chars]
PASS DEL-02-09 PEC-RCN-002 lead [177 chars]
PASS DEL-02-09 PKG-02 charter head [39 chars]
PASS DEL-02-09 PKG-02 charter feeds [92 chars]
PASS DEL-02-09 PKG-02 out of scope [57 chars]
PASS DEL-02-09 §B4 carry-forward [279 chars]
PASS DEL-02-09 §B7 fixture strategy [462 chars]
PASS DEL-02-09 §B7 placement [42 chars]
PASS DEL-02-09 K-10 quote [64 chars]
PASS DEL-02-09 fourteen/RunRecord upstream [45 chars]
PASS 08 RCN-002 work-graph clause [295 chars]
PASS 08 §7.1 WorkGraph row [453 chars]
PASS 08 envelope notes [149 chars]
PASS 08 CBQA action [131 chars]
PASS 08 DEL-01-01 register 16 types [98 chars]
PASS 08 DEL-02-05 description tail [45 chars]
PASS 08 §8 envelope [21 chars]
PASS 08 §8 slice [24 chars]
PASS 08 template identity bullet [75 chars]
PASS 08 template columns [96 chars]
PASS 08 template states [142 chars]
PASS 08 template current graph ref [18 chars]
PASS 08 method authority clause [64 chars]
PASS 08 design note authority class [36 chars]
PASS 08 design note threshold [24 chars]
PASS 08 IA §9.3 receipt fields, Examined-Throu [58 chars]
PASS 08 IA §9.3 run ID ≠ folder; dated-heading [55 chars]
PASS 08 IA §9.3 run ID ≠ folder; bullet `## Ru [56 chars]
PASS 08 IA §9.3 missing run identity, unknown  [92 chars]
PASS 08 PRD DependencyEdge [73 chars]
PASS 08 SOW-015 notes [55 chars]
PASS 08 §5 row [76 chars]
PASS 09 RCN-002 run evidence [191 chars]
PASS 09 §7.1 RunRecord row [484 chars]
PASS 09 DEL-01-01 REQ-006 quote [115 chars]
PASS 09 DEL-01-01 register RunRecord [115 chars]
PASS 09 CBQA LOW / None (equality)
PASS 09 §8 [45 chars]
PASS 09 §5 row [82 chars]
PASS 09 template intro [37 chars]
PASS 09 template not a list [98 chars]
PASS 09 template columns [70 chars]
PASS 09 AGENTS indexes [45 chars]
PASS 09 AGENTS no future [36 chars]
PASS 09 design note class [16 chars]
PASS 09 IA R-08 [58 chars]
PASS 09 IA FC-3 bullet [16 chars]
PASS 08 PRD §7.1 remaining items field [97 chars]
PASS 08 PRD §7.1 census source [105 chars]
PASS 09 PRD §7.1 remaining items field [97 chars]
PASS 09 PRD §7.1 census source [105 chars]
RESULT PASS 71/71
