v2/config/loops.json: OK
v2/config/loops.schema.json: OK
v2/src/pec_v2/core/ports/loop_registry.py: OK
v2/src/pec_v2/core/ports/__init__.py: OK
v2/src/pec_v2/core/__init__.py: OK
v2/src/pec_v2/adapters/config/loop_registry.py: OK
v2/tests/config/test_json_loop_registry.py: OK
v2/tests/config/test_loop_registry_contract.py: OK
v2/tests/config/fixtures/duplicate_loop_id.json: OK
v2/tests/config/fixtures/missing_loop_id.json: OK
v2/tests/config/fixtures/schema_version_1.json: OK
--- prep postimages/optionA_v2 comparison
IDENTICAL v2/config/loops.json
IDENTICAL v2/config/loops.schema.json
IDENTICAL v2/src/pec_v2/core/ports/loop_registry.py
IDENTICAL v2/src/pec_v2/core/ports/__init__.py
IDENTICAL v2/src/pec_v2/core/__init__.py
IDENTICAL v2/src/pec_v2/adapters/config/loop_registry.py
IDENTICAL v2/tests/config/test_json_loop_registry.py
IDENTICAL v2/tests/config/test_loop_registry_contract.py
IDENTICAL v2/tests/config/fixtures/duplicate_loop_id.json
IDENTICAL v2/tests/config/fixtures/missing_loop_id.json
IDENTICAL v2/tests/config/fixtures/schema_version_1.json
--- path-list sha256 (11 paths sorted, newline-terminated; expected b5db12e59bec0188b1798e8ccf7a3c09300c44e5dbcdf31c16a64aff5e84c73c)
b5db12e59bec0188b1798e8ccf7a3c09300c44e5dbcdf31c16a64aff5e84c73c  -
--- must-remain
f37303491c50fa74756f547929f09c99900abfad5a9310cc2b46beb5027425b0  v2/tests/config/fixtures/malformed.json
7a9bdbc59b96d3c9f306af483d18d6c0b23b7071481fd6ab79204ba398513cba  v2/src/pec_v2/adapters/config/__init__.py
8c80e607671eef1a35dca0334503deb151418c03b618af0c4577514d0184ef22  v2/src/pec_v2/adapters/__init__.py
ae46d431c13413d5bcbb6ab60a97f6db09510dd97903c1f2a8586a3567b17c1e  v2/src/pec_v2/__init__.py
8ec9ba6dcba7ea6b935923f5b4d846b2a9ac3f3d5cc43f5e160abe0971058a8b  software-workflow.json
20d64ff38122fa2f7b4bbe6478e42450ce6f9c8b03dc91c90b5095393ef309ed  v2/config/service_core_posture.json
