OK	CREATE	projects/pec/execution/PKG-02_File_Truth_Parsers/1_Working/DEL-02-08_Work_graph_parser/_STATUS.md	d80800a48b45a43d641916bd5ee67c4b478e21538281b833e34dbc7cfe5f0eef
OK	CREATE	projects/pec/execution/PKG-02_File_Truth_Parsers/1_Working/DEL-02-08_Work_graph_parser/_CONTEXT.md	721a9807211b1330b0cd124139d37fdb9b2f9167b9edc461f218bb4570f34d20
OK	CREATE	projects/pec/execution/PKG-02_File_Truth_Parsers/1_Working/DEL-02-08_Work_graph_parser/_REFERENCES.md	87f95d423851a800651c6e01c4b04a7434b5f56f3476b5512075da556563840b
OK	CREATE	projects/pec/execution/PKG-02_File_Truth_Parsers/1_Working/DEL-02-08_Work_graph_parser/_DEPENDENCIES.md	0ee572b955cedf628958305e049b0f776bec3fad39dada73bca88b1421959a3d
OK	CREATE	projects/pec/execution/PKG-02_File_Truth_Parsers/1_Working/DEL-02-08_Work_graph_parser/_SEMANTIC.md	e3b0c44298fc1c149afbf4c8996fb92427ae41e4649b934ca495991b7852b855
OK	CREATE	projects/pec/execution/PKG-02_File_Truth_Parsers/1_Working/DEL-02-08_Work_graph_parser/Dependencies.csv	c23cd711fc8762dbd4a8629ba277753544f9f9e91368f789140b040f94cf701e
OK	CREATE	projects/pec/execution/PKG-02_File_Truth_Parsers/1_Working/DEL-02-09_MEMORY_run_index_parser/_STATUS.md	3e14313c78e2500cabbd3f4897f9095daabc75c6468169074cb4400f4667d768
OK	CREATE	projects/pec/execution/PKG-02_File_Truth_Parsers/1_Working/DEL-02-09_MEMORY_run_index_parser/_CONTEXT.md	2413b5c0b241eb44c9e53401499729ca3b84e23860692b63f09104af56640502
OK	CREATE	projects/pec/execution/PKG-02_File_Truth_Parsers/1_Working/DEL-02-09_MEMORY_run_index_parser/_REFERENCES.md	211cb59ce46a7399ba56775fa57024f018322ebf2f50ecaf0887eb419d06073f
OK	CREATE	projects/pec/execution/PKG-02_File_Truth_Parsers/1_Working/DEL-02-09_MEMORY_run_index_parser/_DEPENDENCIES.md	41c841a4cac76634bd5f1aae664152f9488c073b5ef5c254f2fe2cdaaebadf3a
OK	CREATE	projects/pec/execution/PKG-02_File_Truth_Parsers/1_Working/DEL-02-09_MEMORY_run_index_parser/_SEMANTIC.md	e3b0c44298fc1c149afbf4c8996fb92427ae41e4649b934ca495991b7852b855
OK	CREATE	projects/pec/execution/PKG-02_File_Truth_Parsers/1_Working/DEL-02-09_MEMORY_run_index_parser/Dependencies.csv	41afd6dc44f21200f6b2a1c480e9175d98b64d49b12e638bca67edcd15168e4b
OK	MODIFY	projects/pec/execution/PKG-03_Reconciliation_Parity/1_Working/DEL-03-01_Full_rebuild_reconciler_one_command/Dependencies.csv	833fbfe0c2a09ab8b564866dff8e55327fb005d5c4993973ef93408d2e2a436b
OK	MODIFY	projects/pec/execution/PKG-06_Presence_Git_Observation/1_Working/DEL-06-04_Live_hierarchy_edges/Dependencies.csv	ac55576e8bb4b17ba57d7e1d92e96415ce4f9da40c2c742e8be769df4d49b8fc
OK	MODIFY	projects/pec/execution/PKG-07_Event_Ingest_Bridges/1_Working/DEL-07-02_Daemon_SSE_subscriber_bridge/Dependencies.csv	77230bbbc0e809c4e9e0c3a8353ad5bf4f42ee7ad7849b7199a33c84f0b1d8dd
OK	MODIFY	projects/pec/execution/PKG-07_Event_Ingest_Bridges/1_Working/DEL-07-04_cmux_socket_adapter_optional/Dependencies.csv	cbb2175b28c4a1ba8e7ec58777d8831d20053b14363f63647ff727f7a5392b12
OK	MODIFY	projects/pec/execution/PKG-07_Event_Ingest_Bridges/1_Working/DEL-07-05_Shared_runtime_client_seam_v2/Dependencies.csv	aa1dbe679b23450fed5eb603d687ae91cfa3fa9550f33d057094f9366ec6d41c
OK	MODIFY	projects/pec/execution/PKG-09_Dashboards/1_Working/DEL-09-05_Presence_board/Dependencies.csv	9811343ccb1f9e6820a03ebdac5aa53f163d355049508815438befb35db032d5
OK	MODIFY	projects/pec/execution/PKG-00_Architecture_Runway_Contracts/1_Working/DEL-00-02_Event_contract_schema_v1/_DEPENDENCIES.md	818a06a33952651ce70c415b33bfc7c381898eda4891cd33cb21472bc4b62c3c
OK	MODIFY	projects/pec/execution/PKG-01_Service_Core_Store/1_Working/DEL-01-01_Record_tier_schema_entity_model/_DEPENDENCIES.md	1c39420c392e09b7e37edb48680bf203018ddad64a1cfbdae98808bbab5172f0
OK	MODIFY	projects/pec/execution/PKG-01_Service_Core_Store/1_Working/DEL-01-02_Presence_tier_schema_entity_model/_DEPENDENCIES.md	625bb400c65ff866369bfb1789244e651570555f2ac7054cd9ceac505455052e
OK	MODIFY	projects/pec/execution/PKG-03_Reconciliation_Parity/1_Working/DEL-03-01_Full_rebuild_reconciler_one_command/_DEPENDENCIES.md	e039ded3a08b3951540d960c3c626ebccde1f24df7584416326325dcd8d261ec
OK	MODIFY	projects/pec/execution/PKG-06_Presence_Git_Observation/1_Working/DEL-06-01_Session_presence_records/_DEPENDENCIES.md	9fd90c726544d06550f730c383a38df4aedcfb8dc0d5582432af0a80a5d1afad
OK	MODIFY	projects/pec/execution/PKG-07_Event_Ingest_Bridges/1_Working/DEL-07-01_Idempotent_event_ingest_durable_message_store/_DEPENDENCIES.md	2ea6519dec0866dc38881d0074d2893cb7b635c53ea703516b21014ff10a5360
OK	MODIFY	projects/pec/execution/PKG-07_Event_Ingest_Bridges/1_Working/DEL-07-03_Hooks_CLI_bridge/_DEPENDENCIES.md	a9536c7a9a7caf419a941f204f9cd4d71b328b5047e142fb04d96017655d7b8b
OK	MODIFY	projects/pec/execution/PKG-09_Dashboards/1_Working/DEL-09-05_Presence_board/_DEPENDENCIES.md	faa212e0c6f667c291177f6a2859799302fe84d0fdea20f83c91e35e45965251
OK	MODIFY	projects/pec/execution/PKG-02_File_Truth_Parsers/1_Working/DEL-02-07_adapter_yaml_feed_manifest_consumer/_DEPENDENCIES.md	2e53136f4580ae902b732c0ae657913d02e380b2a30350be39935347f88c8cdb
OK	MODIFY	projects/pec/execution/PKG-06_Presence_Git_Observation/1_Working/DEL-06-04_Live_hierarchy_edges/_DEPENDENCIES.md	d6a1ad590fddacf18132411661a11fa613436573fc3b480f7cad61f90e4d034d
OK	MODIFY	projects/pec/execution/PKG-07_Event_Ingest_Bridges/1_Working/DEL-07-02_Daemon_SSE_subscriber_bridge/_DEPENDENCIES.md	f315d8a8bd7bb34ecabc0d32fd6a6c92ceaf6e070ae26c346d87cc3f3d06da89
OK	MODIFY	projects/pec/execution/PKG-07_Event_Ingest_Bridges/1_Working/DEL-07-04_cmux_socket_adapter_optional/_DEPENDENCIES.md	b1dc2ed3c6d78e3412907d72fbc2ea4b229861717b985a7f16852808b9df3ac6
OK	MODIFY	projects/pec/execution/PKG-07_Event_Ingest_Bridges/1_Working/DEL-07-05_Shared_runtime_client_seam_v2/_DEPENDENCIES.md	fc43eb3d3873cce8f9e488a039bcf8379ea7ecbc83436d2817e925ca3b863617
TOTAL 31 OK 31 MISMATCH 0
