$ date -u
Sun Sep 27 18:02:05 UTC 2026
HEAD 0040299f6111001d1ac34940ce51cb32acc6b0bb (merge of origin/main 0adfbc7476df33521883ce1573781237cd24d384)
$ python3 projects/pec/execution/_Coordination/X1_FIXTURES_2026-09-27/evidence/rerun_after_merge_0adfbc747/act_pins_and_targets.py projects/pec/execution/_Coordination/X1_FIXTURES_2026-09-27
OK   pin projects/pec/execution/_Decomposition/SOFTWARE_DECOMP.md
OK   pin projects/pec/execution/_Decomposition/Deliverables.csv
OK   pin projects/pec/execution/_Decomposition/ScopeLedger.csv
OK   pin projects/pec/docs/PRD.md
OK   pin projects/pec/AGENTS.md
OK   pin projects/pec/v2/config/loops.json
OK   pin projects/pec/v2/config/loops.schema.json
OK   pin projects/pec/v2/config/service_core_posture.json
OK   pin projects/pec/v2/tools/check_service_core_posture.py
OK   pin projects/pec/execution/PKG-02_File_Truth_Parsers/1_Working/DEL-02-03_Receipts_ledger_parser_per_loop_grammars/ScopeOfWork.md
OK   pin projects/pec/execution/PKG-02_File_Truth_Parsers/1_Working/DEL-02-08_Work_graph_parser/ScopeOfWork.md
OK   pin projects/pec/execution/PKG-02_File_Truth_Parsers/1_Working/DEL-02-09_MEMORY_run_index_parser/ScopeOfWork.md
OK   target postimage projects/pec/software-workflow.json
OK   target postimage projects/pec/v2/tests/parsers/fixtures/pinned/MANIFEST.json
OK   target postimage projects/pec/v2/tests/parsers/fixtures/pinned/goldens/FC-1.json
OK   target postimage projects/pec/v2/tests/parsers/fixtures/pinned/goldens/FC-2.json
OK   target postimage projects/pec/v2/tests/parsers/fixtures/pinned/goldens/FC-3.json
OK   target postimage projects/pec/v2/tests/parsers/fixtures/pinned/goldens/FX-PEC-0.json
OK   target postimage projects/pec/v2/tests/parsers/fixtures/synthetic/MANIFEST.json
OK   target postimage projects/pec/v2/tests/parsers/fixtures/synthetic/memory/entry_without_readable_run_token.md
OK   target postimage projects/pec/v2/tests/parsers/fixtures/synthetic/memory/file_without_run_index_entry.md
OK   target postimage projects/pec/v2/tests/parsers/fixtures/synthetic/memory/links_in_each_form_bullet.md
OK   target postimage projects/pec/v2/tests/parsers/fixtures/synthetic/memory/links_in_each_form_heading.md
OK   target postimage projects/pec/v2/tests/parsers/fixtures/synthetic/memory/links_in_each_form_table.md
OK   target postimage projects/pec/v2/tests/parsers/fixtures/synthetic/memory/prose_in_every_position_bullet.md
OK   target postimage projects/pec/v2/tests/parsers/fixtures/synthetic/memory/prose_in_every_position_heading.md
OK   target postimage projects/pec/v2/tests/parsers/fixtures/synthetic/memory/prose_in_every_position_table.md
OK   target postimage projects/pec/v2/tests/parsers/fixtures/synthetic/memory/runs_section_mixed_with_dated_sections.md
OK   target postimage projects/pec/v2/tests/parsers/fixtures/synthetic/memory/template_table_form.md
OK   target postimage projects/pec/v2/tests/parsers/fixtures/synthetic/memory/unreadable_date.md
OK   target postimage projects/pec/v2/tests/parsers/fixtures/synthetic/receipts/malformed_ledger.md
OK   target postimage projects/pec/v2/tests/parsers/fixtures/synthetic/receipts/marker_carrying_ledger_entry.md
OK   target postimage projects/pec/v2/tests/parsers/fixtures/synthetic/receipts/prose_in_every_position_central.md
OK   target postimage projects/pec/v2/tests/parsers/fixtures/synthetic/receipts/prose_in_every_position_ledger.md
OK   target postimage projects/pec/v2/tests/parsers/fixtures/synthetic/receipts/prose_structured_ledger_entry.md
OK   target postimage projects/pec/v2/tests/parsers/fixtures/synthetic/receipts/receipt_folder_diverges_from_cursor.md
OK   target postimage projects/pec/v2/tests/parsers/fixtures/synthetic/receipts/receipt_without_examined_through.md
OK   target postimage projects/pec/v2/tests/parsers/fixtures/synthetic/work_graph/duplicated_run_identity.md
OK   target postimage projects/pec/v2/tests/parsers/fixtures/synthetic/work_graph/links_and_bindings.md
OK   target postimage projects/pec/v2/tests/parsers/fixtures/synthetic/work_graph/missing_run_identity.md
OK   target postimage projects/pec/v2/tests/parsers/fixtures/synthetic/work_graph/no_node_table.md
OK   target postimage projects/pec/v2/tests/parsers/fixtures/synthetic/work_graph/prose_in_every_position.md
OK   target postimage projects/pec/v2/tests/parsers/fixtures/synthetic/work_graph/two_graphs_bind_one_deliverable_a.md
OK   target postimage projects/pec/v2/tests/parsers/fixtures/synthetic/work_graph/two_graphs_bind_one_deliverable_b.md
OK   target postimage projects/pec/v2/tests/parsers/fixtures/synthetic/work_graph/unrecognized_state_token.md
OK   target postimage projects/pec/v2/tests/parsers/fixtures/synthetic/work_graph/unresolved_pr_number.md
OK   target postimage projects/pec/v2/tests/parsers/test_parser_fixture_integrity.py
OK   projects/pec/execution/PKG-02_File_Truth_Parsers/1_Working/DEL-02-03_Receipts_ledger_parser_per_loop_grammars/_STATUS.md
OK   projects/pec/execution/PKG-02_File_Truth_Parsers/1_Working/DEL-02-08_Work_graph_parser/_STATUS.md
OK   projects/pec/execution/PKG-02_File_Truth_Parsers/1_Working/DEL-02-09_MEMORY_run_index_parser/_STATUS.md
OK   tools/scaffolding/write_status.sh
OK   projects/pec/execution/_Coordination/ACTIVE_RELIANCE_HOLDS.csv
OK   projects/pec/execution/_Scripts/pec_reliance_hold.py
RESULT PASS 53/53
exit=0
