# 2026-09-27T04:51:45Z (date -u), before dispatch (before the act and before the verifier dispatch)
# cwd: projects/pec; HEAD 4c2a7768ff43ef2d3590a37a28e53c519de744d9; register sha256 f877d9316c7da76218399838aa6b69f1bb51bbd3e59b5b1d19b31f69ad741cbc; script sha256 b1712e4b6e9f1476c577afd9170a4dd078beaa95878fa5f3b6c46a17b548cd0e
$ python3 execution/_Scripts/pec_reliance_hold.py --register execution/_Coordination/ACTIVE_RELIANCE_HOLDS.csv --target execution/PKG-04_Orientation_Services/1_Working/DEL-04-01_Loop_orientation_return/ScopeOfWork.md --operation dispatch-for-production
{"operation": "dispatch-for-production", "status": "ALLOW"}
exit=0
$ python3 execution/_Scripts/pec_reliance_hold.py --register execution/_Coordination/ACTIVE_RELIANCE_HOLDS.csv --target execution/PKG-04_Orientation_Services/1_Working/DEL-04-02_Delta_service_since_SHA/ScopeOfWork.md --operation dispatch-for-production
{"operation": "dispatch-for-production", "status": "ALLOW"}
exit=0
$ python3 execution/_Scripts/pec_reliance_hold.py --register execution/_Coordination/ACTIVE_RELIANCE_HOLDS.csv --target execution/PKG-08_API_Access/1_Working/DEL-08-01_Unix_socket_server_token_scoped_access/ScopeOfWork.md --operation dispatch-for-production
{"operation": "dispatch-for-production", "status": "ALLOW"}
exit=0
$ python3 execution/_Scripts/pec_reliance_hold.py --register execution/_Coordination/ACTIVE_RELIANCE_HOLDS.csv --target execution/PKG-08_API_Access/1_Working/DEL-08-03_Compact_citation_bearing_response_format/ScopeOfWork.md --operation dispatch-for-production
{"operation": "dispatch-for-production", "status": "ALLOW"}
exit=0
$ python3 execution/_Scripts/pec_reliance_hold.py --register execution/_Coordination/ACTIVE_RELIANCE_HOLDS.csv --target execution/PKG-08_API_Access/1_Working/DEL-08-04_Orientation_latency_budget_p95_100_ms/ScopeOfWork.md --operation dispatch-for-production
{"operation": "dispatch-for-production", "status": "ALLOW"}
exit=0
$ python3 execution/_Scripts/pec_reliance_hold.py --register execution/_Coordination/ACTIVE_RELIANCE_HOLDS.csv --target execution/PKG-04_Orientation_Services/1_Working/DEL-04-03_Citation_freshness_stamping/ScopeOfWork.md --operation dispatch-for-production
{"operation": "dispatch-for-production", "status": "ALLOW"}
exit=0
$ python3 execution/_Scripts/pec_reliance_hold.py --register execution/_Coordination/ACTIVE_RELIANCE_HOLDS.csv --target execution/PKG-03_Reconciliation_Parity/1_Working/DEL-03-04_Practitioner_harness_parity_diff/ScopeOfWork.md --operation dispatch-for-production
{"operation": "dispatch-for-production", "status": "ALLOW"}
exit=0
$ python3 execution/_Scripts/pec_reliance_hold.py --register execution/_Coordination/ACTIVE_RELIANCE_HOLDS.csv --target execution/PKG-10_Validation_Measurement/1_Working/DEL-10-03_No_ruling_write_verification/ScopeOfWork.md --operation dispatch-for-production
{"operation": "dispatch-for-production", "status": "ALLOW"}
exit=0
# 2026-09-27T04:51:45Z (date -u), end
