# cwd: run root; 2026-09-27T04:51:16Z
$ shasum -a 256 -c evidence/runroot_copy.sha256
apply_s4p.py: OK
apply_s4p.template.py: OK
build_apply_s4p.py: OK
candidates/projects/pec/execution/PKG-03_Reconciliation_Parity/1_Working/DEL-03-04_Practitioner_harness_parity_diff/ScopeOfWork.md: OK
candidates/projects/pec/execution/PKG-04_Orientation_Services/1_Working/DEL-04-01_Loop_orientation_return/ScopeOfWork.md: OK
candidates/projects/pec/execution/PKG-04_Orientation_Services/1_Working/DEL-04-02_Delta_service_since_SHA/ScopeOfWork.md: OK
candidates/projects/pec/execution/PKG-04_Orientation_Services/1_Working/DEL-04-03_Citation_freshness_stamping/ScopeOfWork.md: OK
candidates/projects/pec/execution/PKG-08_API_Access/1_Working/DEL-08-01_Unix_socket_server_token_scoped_access/ScopeOfWork.md: OK
candidates/projects/pec/execution/PKG-08_API_Access/1_Working/DEL-08-03_Compact_citation_bearing_response_format/ScopeOfWork.md: OK
candidates/projects/pec/execution/PKG-08_API_Access/1_Working/DEL-08-04_Orientation_latency_budget_p95_100_ms/ScopeOfWork.md: OK
candidates/projects/pec/execution/PKG-10_Validation_Measurement/1_Working/DEL-10-03_No_ruling_write_verification/ScopeOfWork.md: OK
check_quote_currency.py: OK
check_sibling_ids.py: OK
claims/DEL-03-04.json: OK
claims/DEL-04-01.json: OK
claims/DEL-04-02.json: OK
claims/DEL-04-03.json: OK
claims/DEL-08-01.json: OK
claims/DEL-08-03.json: OK
claims/DEL-08-04.json: OK
claims/DEL-10-03.json: OK
negative_controls.sh: OK
quotes/DEL-03-04.json: OK
quotes/DEL-04-01.json: OK
quotes/DEL-04-02.json: OK
quotes/DEL-04-03.json: OK
quotes/DEL-08-01.json: OK
quotes/DEL-08-03.json: OK
quotes/DEL-08-04.json: OK
quotes/DEL-10-03.json: OK
run_s4p_checks.sh: OK
scan_external_quotes.py: OK
scan_s2_quotes.py: OK
test_apply_s4p.py: OK
verify_s4p_quotes.py: OK
verify_s4p_state_claims.py: OK
exit=0
