{"operation": "exact-correction-preparation", "status": "ALLOW"}
exit=0 execution/PKG-01_Service_Core_Store/1_Working/DEL-01-03_Store_bootstrap_content_minimal_guard/ScopeOfWork.md
{"operation": "exact-correction-preparation", "status": "ALLOW"}
exit=0 execution/PKG-01_Service_Core_Store/1_Working/DEL-01-03_Store_bootstrap_content_minimal_guard/_STATUS.md
{"operation": "exact-correction-preparation", "status": "ALLOW"}
exit=0 execution/PKG-01_Service_Core_Store/1_Working/DEL-01-03_Store_bootstrap_content_minimal_guard/MEMORY.md
{"operation": "exact-correction-preparation", "status": "ALLOW"}
exit=0 execution/PKG-01_Service_Core_Store/1_Working/DEL-01-04_Self_observability_logging/ScopeOfWork.md
{"operation": "exact-correction-preparation", "status": "ALLOW"}
exit=0 execution/PKG-01_Service_Core_Store/1_Working/DEL-01-04_Self_observability_logging/_STATUS.md
{"operation": "exact-correction-preparation", "status": "ALLOW"}
exit=0 execution/PKG-01_Service_Core_Store/1_Working/DEL-01-04_Self_observability_logging/MEMORY.md
{"operation": "exact-correction-preparation", "status": "ALLOW"}
exit=0 execution/PKG-01_Service_Core_Store/1_Working/DEL-01-05_Zero_dependency_locality_enforcement/ScopeOfWork.md
{"operation": "exact-correction-preparation", "status": "ALLOW"}
exit=0 execution/PKG-01_Service_Core_Store/1_Working/DEL-01-05_Zero_dependency_locality_enforcement/_STATUS.md
{"operation": "exact-correction-preparation", "status": "ALLOW"}
exit=0 execution/PKG-01_Service_Core_Store/1_Working/DEL-01-05_Zero_dependency_locality_enforcement/MEMORY.md
{"operation": "exact-correction-preparation", "status": "ALLOW"}
exit=0 execution/PKG-02_File_Truth_Parsers/1_Working/DEL-02-01_STATUS_md_parser/ScopeOfWork.md
{"operation": "exact-correction-preparation", "status": "ALLOW"}
exit=0 execution/PKG-02_File_Truth_Parsers/1_Working/DEL-02-01_STATUS_md_parser/_STATUS.md
{"operation": "exact-correction-preparation", "status": "ALLOW"}
exit=0 execution/PKG-02_File_Truth_Parsers/1_Working/DEL-02-01_STATUS_md_parser/MEMORY.md
{"operation": "exact-correction-preparation", "status": "ALLOW"}
exit=0 execution/PKG-02_File_Truth_Parsers/1_Working/DEL-02-02_Decision_register_packet_parser/ScopeOfWork.md
{"operation": "exact-correction-preparation", "status": "ALLOW"}
exit=0 execution/PKG-02_File_Truth_Parsers/1_Working/DEL-02-02_Decision_register_packet_parser/_STATUS.md
{"operation": "exact-correction-preparation", "status": "ALLOW"}
exit=0 execution/PKG-02_File_Truth_Parsers/1_Working/DEL-02-02_Decision_register_packet_parser/MEMORY.md
{"operation": "exact-correction-preparation", "status": "ALLOW"}
exit=0 execution/PKG-03_Reconciliation_Parity/1_Working/DEL-03-01_Full_rebuild_reconciler_one_command/ScopeOfWork.md
{"operation": "exact-correction-preparation", "status": "ALLOW"}
exit=0 execution/PKG-03_Reconciliation_Parity/1_Working/DEL-03-01_Full_rebuild_reconciler_one_command/_STATUS.md
{"operation": "exact-correction-preparation", "status": "ALLOW"}
exit=0 execution/PKG-03_Reconciliation_Parity/1_Working/DEL-03-01_Full_rebuild_reconciler_one_command/MEMORY.md
{"operation": "exact-correction-preparation", "status": "ALLOW"}
exit=0 execution/PKG-03_Reconciliation_Parity/1_Working/DEL-03-02_Incremental_reconcile_on_Git_delta/ScopeOfWork.md
{"operation": "exact-correction-preparation", "status": "ALLOW"}
exit=0 execution/PKG-03_Reconciliation_Parity/1_Working/DEL-03-02_Incremental_reconcile_on_Git_delta/_STATUS.md
{"operation": "exact-correction-preparation", "status": "ALLOW"}
exit=0 execution/PKG-03_Reconciliation_Parity/1_Working/DEL-03-02_Incremental_reconcile_on_Git_delta/MEMORY.md
{"operation": "exact-correction-preparation", "status": "ALLOW"}
exit=0 execution/PKG-03_Reconciliation_Parity/1_Working/DEL-03-03_Drift_classification/ScopeOfWork.md
{"operation": "exact-correction-preparation", "status": "ALLOW"}
exit=0 execution/PKG-03_Reconciliation_Parity/1_Working/DEL-03-03_Drift_classification/_STATUS.md
{"operation": "exact-correction-preparation", "status": "ALLOW"}
exit=0 execution/PKG-03_Reconciliation_Parity/1_Working/DEL-03-03_Drift_classification/MEMORY.md
{"operation": "exact-correction-preparation", "status": "ALLOW"}
exit=0 execution/PKG-03_Reconciliation_Parity/1_Working/DEL-03-06_Rebuild_performance_bounds/ScopeOfWork.md
{"operation": "exact-correction-preparation", "status": "ALLOW"}
exit=0 execution/PKG-03_Reconciliation_Parity/1_Working/DEL-03-06_Rebuild_performance_bounds/_STATUS.md
{"operation": "exact-correction-preparation", "status": "ALLOW"}
exit=0 execution/PKG-03_Reconciliation_Parity/1_Working/DEL-03-06_Rebuild_performance_bounds/MEMORY.md
{"operation": "exact-correction-preparation", "status": "ALLOW"}
exit=0 execution/PKG-04_Orientation_Services/1_Working/DEL-04-05_Measurement_limitation_honesty/ScopeOfWork.md
{"operation": "exact-correction-preparation", "status": "ALLOW"}
exit=0 execution/PKG-04_Orientation_Services/1_Working/DEL-04-05_Measurement_limitation_honesty/_STATUS.md
{"operation": "exact-correction-preparation", "status": "ALLOW"}
exit=0 execution/PKG-04_Orientation_Services/1_Working/DEL-04-05_Measurement_limitation_honesty/MEMORY.md
{"operation": "exact-correction-preparation", "status": "ALLOW"}
exit=0 execution/PKG-10_Validation_Measurement/1_Working/DEL-10-02_Kill_test_standing_release_gate/ScopeOfWork.md
{"operation": "exact-correction-preparation", "status": "ALLOW"}
exit=0 execution/PKG-10_Validation_Measurement/1_Working/DEL-10-02_Kill_test_standing_release_gate/_STATUS.md
{"operation": "exact-correction-preparation", "status": "ALLOW"}
exit=0 execution/PKG-10_Validation_Measurement/1_Working/DEL-10-02_Kill_test_standing_release_gate/MEMORY.md
{"operation": "exact-correction-preparation", "status": "ALLOW"}
exit=0 execution/PKG-10_Validation_Measurement/1_Working/DEL-10-10_Directed_bootstrap_self_ingest_validation/ScopeOfWork.md
{"operation": "exact-correction-preparation", "status": "ALLOW"}
exit=0 execution/PKG-10_Validation_Measurement/1_Working/DEL-10-10_Directed_bootstrap_self_ingest_validation/_STATUS.md
{"operation": "exact-correction-preparation", "status": "ALLOW"}
exit=0 execution/PKG-10_Validation_Measurement/1_Working/DEL-10-10_Directed_bootstrap_self_ingest_validation/MEMORY.md
