f877d9316c7da76218399838aa6b69f1bb51bbd3e59b5b1d19b31f69ad741cbc  execution/_Coordination/ACTIVE_RELIANCE_HOLDS.csv
b1712e4b6e9f1476c577afd9170a4dd078beaa95878fa5f3b6c46a17b548cd0e  execution/_Scripts/pec_reliance_hold.py
## target=execution/PKG-00_Architecture_Runway_Contracts/1_Working/DEL-00-01_v2_first_ADRs_core_isolation_carried_postures/ScopeOfWork.md op=dispatch-for-production
{"operation": "dispatch-for-production", "status": "ALLOW"}
exit=0
## target=execution/PKG-00_Architecture_Runway_Contracts/1_Working/DEL-00-01_v2_first_ADRs_core_isolation_carried_postures/ScopeOfWork.md op=candidate-validation
{"operation": "candidate-validation", "status": "ALLOW"}
exit=0
## target=execution/PKG-00_Architecture_Runway_Contracts/1_Working/DEL-00-01_v2_first_ADRs_core_isolation_carried_postures/artifacts/v2/ADRs.md op=dispatch-for-production
{"operation": "dispatch-for-production", "status": "ALLOW"}
exit=0
## target=execution/PKG-00_Architecture_Runway_Contracts/1_Working/DEL-00-01_v2_first_ADRs_core_isolation_carried_postures/artifacts/v2/ADRs.md op=candidate-validation
{"operation": "candidate-validation", "status": "ALLOW"}
exit=0
## target=execution/PKG-00_Architecture_Runway_Contracts/1_Working/DEL-00-03_v2_SPEC_seed/ScopeOfWork.md op=dispatch-for-production
{"operation": "dispatch-for-production", "status": "ALLOW"}
exit=0
## target=execution/PKG-00_Architecture_Runway_Contracts/1_Working/DEL-00-03_v2_SPEC_seed/ScopeOfWork.md op=candidate-validation
{"operation": "candidate-validation", "status": "ALLOW"}
exit=0
## target=execution/PKG-00_Architecture_Runway_Contracts/1_Working/DEL-00-03_v2_SPEC_seed/artifacts/v2/SPEC.md op=dispatch-for-production
{"operation": "dispatch-for-production", "status": "ALLOW"}
exit=0
## target=execution/PKG-00_Architecture_Runway_Contracts/1_Working/DEL-00-03_v2_SPEC_seed/artifacts/v2/SPEC.md op=candidate-validation
{"operation": "candidate-validation", "status": "ALLOW"}
exit=0
