basis commit: 3488a236af293762ef47b0101a4c209845f372e7
python: Python 3.13.7
PASS act: check-only 0, apply 0, rerun refuses 1
PASS containment: 12 differing files, all ScopeOfWork.md
PASS validate DEL-01-03
PASS checklist DEL-01-03 (rerun byte-identical)
PASS boundary DEL-01-03 (no UNRESOLVED_OWNER/UNDEFINED_CLAIM)
PASS validate DEL-01-04
PASS checklist DEL-01-04 (rerun byte-identical)
PASS boundary DEL-01-04 (no UNRESOLVED_OWNER/UNDEFINED_CLAIM)
PASS validate DEL-01-05
PASS checklist DEL-01-05 (rerun byte-identical)
PASS boundary DEL-01-05 (no UNRESOLVED_OWNER/UNDEFINED_CLAIM)
PASS validate DEL-02-01
PASS checklist DEL-02-01 (rerun byte-identical)
PASS boundary DEL-02-01 (no UNRESOLVED_OWNER/UNDEFINED_CLAIM)
PASS validate DEL-02-02
PASS checklist DEL-02-02 (rerun byte-identical)
PASS boundary DEL-02-02 (no UNRESOLVED_OWNER/UNDEFINED_CLAIM)
PASS validate DEL-03-01
PASS checklist DEL-03-01 (rerun byte-identical)
PASS boundary DEL-03-01 (no UNRESOLVED_OWNER/UNDEFINED_CLAIM)
PASS validate DEL-03-02
PASS checklist DEL-03-02 (rerun byte-identical)
PASS boundary DEL-03-02 (no UNRESOLVED_OWNER/UNDEFINED_CLAIM)
PASS validate DEL-03-03
PASS checklist DEL-03-03 (rerun byte-identical)
PASS boundary DEL-03-03 (no UNRESOLVED_OWNER/UNDEFINED_CLAIM)
PASS validate DEL-03-06
PASS checklist DEL-03-06 (rerun byte-identical)
PASS boundary DEL-03-06 (no UNRESOLVED_OWNER/UNDEFINED_CLAIM)
PASS validate DEL-04-05
PASS checklist DEL-04-05 (rerun byte-identical)
PASS boundary DEL-04-05 (no UNRESOLVED_OWNER/UNDEFINED_CLAIM)
PASS validate DEL-10-02
PASS checklist DEL-10-02 (rerun byte-identical)
PASS boundary DEL-10-02 (no UNRESOLVED_OWNER/UNDEFINED_CLAIM)
PASS validate DEL-10-10
PASS checklist DEL-10-10 (rerun byte-identical)
PASS boundary DEL-10-10 (no UNRESOLVED_OWNER/UNDEFINED_CLAIM)
PASS quotes: RESULT PASS 884/884
PASS state claims: RESULT PASS 894/894
PASS qualified IDs: RESULT PASS 44/44
PASS dependency quote currency (pre): RESULT PASS 127/127
PASS dependency quote currency (post): RESULT PASS 127/127
INFO quote audit (informational): S2-STALE 2 NOTFOUND 0
PASS strict identical before/after, export root normalized (exit=1)
PASS harness identical before/after, export root normalized (exit=0)
PASS receipts identical before/after, export root normalized (exit=0)
PASS whitespace
PASS fault injection: RESULT PASS 9/9
OVERALL PASS
