# 2026-09-27T17:19:59Z (date -u), before fan-in of the act (after the act run, before the act commit)
# cwd: projects/pec; HEAD 053ca4e220e59b52eb742b46dc1f070e0eae64d6; register sha256 f877d9316c7da76218399838aa6b69f1bb51bbd3e59b5b1d19b31f69ad741cbc; script sha256 b1712e4b6e9f1476c577afd9170a4dd078beaa95878fa5f3b6c46a17b548cd0e
$ python3 execution/_Scripts/pec_reliance_hold.py --register execution/_Coordination/ACTIVE_RELIANCE_HOLDS.csv --target execution/PKG-01_Service_Core_Store/1_Working/DEL-01-03_Store_bootstrap_content_minimal_guard/ScopeOfWork.md --operation rely-for-production
{"operation": "rely-for-production", "status": "ALLOW"}
exit=0
$ python3 execution/_Scripts/pec_reliance_hold.py --register execution/_Coordination/ACTIVE_RELIANCE_HOLDS.csv --target execution/PKG-01_Service_Core_Store/1_Working/DEL-01-04_Self_observability_logging/ScopeOfWork.md --operation rely-for-production
{"operation": "rely-for-production", "status": "ALLOW"}
exit=0
$ python3 execution/_Scripts/pec_reliance_hold.py --register execution/_Coordination/ACTIVE_RELIANCE_HOLDS.csv --target execution/PKG-01_Service_Core_Store/1_Working/DEL-01-05_Zero_dependency_locality_enforcement/ScopeOfWork.md --operation rely-for-production
{"operation": "rely-for-production", "status": "ALLOW"}
exit=0
$ python3 execution/_Scripts/pec_reliance_hold.py --register execution/_Coordination/ACTIVE_RELIANCE_HOLDS.csv --target execution/PKG-02_File_Truth_Parsers/1_Working/DEL-02-01_STATUS_md_parser/ScopeOfWork.md --operation rely-for-production
{"operation": "rely-for-production", "status": "ALLOW"}
exit=0
$ python3 execution/_Scripts/pec_reliance_hold.py --register execution/_Coordination/ACTIVE_RELIANCE_HOLDS.csv --target execution/PKG-02_File_Truth_Parsers/1_Working/DEL-02-02_Decision_register_packet_parser/ScopeOfWork.md --operation rely-for-production
{"operation": "rely-for-production", "status": "ALLOW"}
exit=0
$ python3 execution/_Scripts/pec_reliance_hold.py --register execution/_Coordination/ACTIVE_RELIANCE_HOLDS.csv --target execution/PKG-03_Reconciliation_Parity/1_Working/DEL-03-01_Full_rebuild_reconciler_one_command/ScopeOfWork.md --operation rely-for-production
{"operation": "rely-for-production", "status": "ALLOW"}
exit=0
$ python3 execution/_Scripts/pec_reliance_hold.py --register execution/_Coordination/ACTIVE_RELIANCE_HOLDS.csv --target execution/PKG-03_Reconciliation_Parity/1_Working/DEL-03-02_Incremental_reconcile_on_Git_delta/ScopeOfWork.md --operation rely-for-production
{"operation": "rely-for-production", "status": "ALLOW"}
exit=0
$ python3 execution/_Scripts/pec_reliance_hold.py --register execution/_Coordination/ACTIVE_RELIANCE_HOLDS.csv --target execution/PKG-03_Reconciliation_Parity/1_Working/DEL-03-03_Drift_classification/ScopeOfWork.md --operation rely-for-production
{"operation": "rely-for-production", "status": "ALLOW"}
exit=0
$ python3 execution/_Scripts/pec_reliance_hold.py --register execution/_Coordination/ACTIVE_RELIANCE_HOLDS.csv --target execution/PKG-03_Reconciliation_Parity/1_Working/DEL-03-06_Rebuild_performance_bounds/ScopeOfWork.md --operation rely-for-production
{"operation": "rely-for-production", "status": "ALLOW"}
exit=0
$ python3 execution/_Scripts/pec_reliance_hold.py --register execution/_Coordination/ACTIVE_RELIANCE_HOLDS.csv --target execution/PKG-04_Orientation_Services/1_Working/DEL-04-05_Measurement_limitation_honesty/ScopeOfWork.md --operation rely-for-production
{"operation": "rely-for-production", "status": "ALLOW"}
exit=0
$ python3 execution/_Scripts/pec_reliance_hold.py --register execution/_Coordination/ACTIVE_RELIANCE_HOLDS.csv --target execution/PKG-10_Validation_Measurement/1_Working/DEL-10-02_Kill_test_standing_release_gate/ScopeOfWork.md --operation rely-for-production
{"operation": "rely-for-production", "status": "ALLOW"}
exit=0
$ python3 execution/_Scripts/pec_reliance_hold.py --register execution/_Coordination/ACTIVE_RELIANCE_HOLDS.csv --target execution/PKG-10_Validation_Measurement/1_Working/DEL-10-10_Directed_bootstrap_self_ingest_validation/ScopeOfWork.md --operation rely-for-production
{"operation": "rely-for-production", "status": "ALLOW"}
exit=0
# 2026-09-27T17:19:59Z (date -u), end
