POST f077b9958d42c9115234aef94c6c7d1d480f767829b552107d729a52412baeef docs/governance_harness/tranche_manifests/PEC-REMAINING-RETIREMENT-20260926.yaml
POST e1b3929fe1a514b361811ffee9b50d1e9f618346524e53b9aa2284fcdca38add execution/_Coordination/NOTICE_2026-09-26_PEC_REMAINING_RETIREMENT.md
POST 20aecce99a9835cba3e28f38154852138755ac914a9b42fb85aeba37a2a16aa6 projects/chirality-runtime/execution/_Coordination/NOTICE_2026-09-26_PEC_REMAINING_RETIREMENT.md
POST df9196d152a01afe59b388111ae0a14381b4ad74f280e95f9c44a1eaee925eb8 projects/pec/AGENTS.md
POST f54d7ced67bcdbda79065c46f0141725af0c49c0b64a2699b17e394fb74238e0 projects/pec/execution/PKG-00_Architecture_Runway_Contracts/1_Working/DEL-00-02_Event_contract_schema_v1/_STATUS.md
POST 26ec3a6e3d4b557cff30ff5a18014c5c9f2eef4da23bf0c25f19cf87b01af83d projects/pec/execution/PKG-01_Service_Core_Store/1_Working/DEL-01-01_Record_tier_schema_entity_model/_STATUS.md
POST 7a1cd659104e40175f2c02d359293edd9dfdb90e7c0f7ce8c982ab5344d1f222 projects/pec/execution/PKG-01_Service_Core_Store/1_Working/DEL-01-02_Presence_tier_schema_entity_model/_STATUS.md
POST 76e76eee155679c3b15b65b2f136a0efd6d79034d033553edcc130f4b5ab709c projects/pec/execution/PKG-01_Service_Core_Store/1_Working/DEL-01-03_Store_bootstrap_content_minimal_guard/_STATUS.md
POST b04e097ce114564d35d8e0ec9db2bd8b208467b335bebb42f35991dc6684daa0 projects/pec/execution/PKG-01_Service_Core_Store/1_Working/DEL-01-04_Self_observability_logging/_STATUS.md
POST be9b2ae22c49882be9ddd4ab89c7135dc6c250d5b0e78903a1193c2fcff63938 projects/pec/execution/PKG-02_File_Truth_Parsers/1_Working/DEL-02-01_STATUS_md_parser/_STATUS.md
POST c0691c05ae0f549424f8ab42ed5845485f399312d50f44a357af11f14b335dd1 projects/pec/execution/PKG-02_File_Truth_Parsers/1_Working/DEL-02-02_Decision_register_packet_parser/_STATUS.md
POST 6f94c04f79b678082b0407f93ec9c898d988c2693c0d1e19791f5cff985cf06f projects/pec/execution/PKG-02_File_Truth_Parsers/1_Working/DEL-02-03_Receipts_ledger_parser_per_loop_grammars/_STATUS.md
POST 2ac8fd42d7c72f85fbf65daea10b6935c4a84dd1629756a55988476fc05d86a9 projects/pec/execution/PKG-02_File_Truth_Parsers/1_Working/DEL-02-04_Run_evidence_JSON_parser/_STATUS.md
POST 5feb5e170d196146a3a83fff4e1558468e85ea83ee7b35faba6e106ac6f589bb projects/pec/execution/PKG-02_File_Truth_Parsers/1_Working/DEL-02-05_Dependency_register_parser/_STATUS.md
POST a20147a10b21b709e6f31e0178b53921d58109447f8d607f3afe2e35b27ed055 projects/pec/execution/PKG-02_File_Truth_Parsers/1_Working/DEL-02-06_Workplan_LOOP_INIT_parser/_STATUS.md
POST 653daef4a2eb08b74866d405534b41e0031c7c3590ac8f39be5f7a42c584060a projects/pec/execution/PKG-02_File_Truth_Parsers/1_Working/DEL-02-07_adapter_yaml_feed_manifest_consumer/_STATUS.md
POST 6509149665f8e7bae97fecfc73cc0f1b4a066fb856c67ba0f3019300f1a2a62f projects/pec/execution/PKG-03_Reconciliation_Parity/1_Working/DEL-03-01_Full_rebuild_reconciler_one_command/_STATUS.md
POST 1aaa65af822b06405d6d7a12740b99b1b0268dfb1eb79966022037b6e827e8b1 projects/pec/execution/PKG-03_Reconciliation_Parity/1_Working/DEL-03-02_Incremental_reconcile_on_Git_delta/_STATUS.md
POST 7d70fca0dc1853067a28a349cb01f8778af2a9a9c50cb1c5c51e3254b02ac3bf projects/pec/execution/PKG-03_Reconciliation_Parity/1_Working/DEL-03-03_Drift_classification/_STATUS.md
POST ec35873b5b95a4e1f6dee31f9abd34b2f9ddf5403b0c85b8ce0e1a6014f2573a projects/pec/execution/PKG-03_Reconciliation_Parity/1_Working/DEL-03-04_Practitioner_harness_parity_diff/_STATUS.md
POST d12b2d22be1f0ce3496474a45835f2173375a1f18892f6d28ff61300c4a8340b projects/pec/execution/PKG-03_Reconciliation_Parity/1_Working/DEL-03-05_Stream_loss_recovery_guarantee/_STATUS.md
POST 9d63c0e7838e52d495f684e875a9c0e35b01e9c19055815d6261838db2844653 projects/pec/execution/PKG-03_Reconciliation_Parity/1_Working/DEL-03-06_Rebuild_performance_bounds/_STATUS.md
POST 41510909e60227808ff0e4b597603dea2eb8f28703cf2359b0b6058afe94ac31 projects/pec/execution/PKG-04_Orientation_Services/1_Working/DEL-04-01_Loop_orientation_return/_STATUS.md
POST d876ae1a5ce679209baa0cf19b82e86f66d83d1f5608550b2a9d2faa60f2abad projects/pec/execution/PKG-04_Orientation_Services/1_Working/DEL-04-02_Delta_service_since_SHA/_STATUS.md
POST c8a82497502085ba69b65dae496e8bfedaeff4d7129c35502416952718d4af34 projects/pec/execution/PKG-04_Orientation_Services/1_Working/DEL-04-03_Citation_freshness_stamping/_STATUS.md
POST 48f900d8c3f11e1374d155f2859d337c58d924db776bcd1766b077f20e4f9ca8 projects/pec/execution/PKG-04_Orientation_Services/1_Working/DEL-04-05_Measurement_limitation_honesty/_STATUS.md
POST 3058db592e0b36a2fbb24e8d57b6afd5798dbc316c55f7f80311f67f9551eabc projects/pec/execution/PKG-05_Gate_Evaluation_Decision_Slate/1_Working/DEL-05-01_Gate_precondition_evaluators_Explain_shaped/_STATUS.md
POST 7f5834b2f8cb75daccc4df7fa6ad740c39b4c3b888a44214f277b3076dfd653b projects/pec/execution/PKG-05_Gate_Evaluation_Decision_Slate/1_Working/DEL-05-02_Cross_loop_decision_slate/_STATUS.md
POST aaeb00a87bd534522d3cb8c403a3739d31e2e777cc5900ad57cfeef4c70c8b52 projects/pec/execution/PKG-06_Presence_Git_Observation/1_Working/DEL-06-01_Session_presence_records/_STATUS.md
POST 6e0213a407e9a552e9387f437447997bd068b2f5fd386ab04f7454fe2e7852e7 projects/pec/execution/PKG-06_Presence_Git_Observation/1_Working/DEL-06-02_Git_worktree_scanner/_STATUS.md
POST 78387f9c043f3da2312f401e172ba95b2d27dda1dbb1947a2a170188c6ef1b71 projects/pec/execution/PKG-06_Presence_Git_Observation/1_Working/DEL-06-03_Session_worktree_scope_correlation/_STATUS.md
POST b24dd461a43e68f72359f8110d0303d27f491a874c1b4a70efada38198724407 projects/pec/execution/PKG-06_Presence_Git_Observation/1_Working/DEL-06-04_Live_hierarchy_edges/_STATUS.md
POST e8f4046667ca87c0cbe1cc7ff918613642843e79f7df82a3b4d395080c579969 projects/pec/execution/PKG-06_Presence_Git_Observation/1_Working/DEL-06-05_TTL_heartbeat_discipline_citation_exclusion/_STATUS.md
POST 265d8bf01be1c5137624ac9855fb02b820b9cc8045c0ac6db2dd53449a39fdb7 projects/pec/execution/PKG-06_Presence_Git_Observation/1_Working/DEL-06-06_Advisory_overlap_detection/_STATUS.md
POST 2fae5b9160668a037a3f8aef03d0f19744dc525f68f6b8d8548327e1e5e239c1 projects/pec/execution/PKG-07_Event_Ingest_Bridges/1_Working/DEL-07-01_Idempotent_event_ingest_durable_message_store/_STATUS.md
POST ceb6c378fecd1e9f948ff38a165083aaba6d9b382506b1b4c1f6a375cd1a5620 projects/pec/execution/PKG-07_Event_Ingest_Bridges/1_Working/DEL-07-02_Daemon_SSE_subscriber_bridge/_STATUS.md
POST cbda9939261283562dada2b84aaae3b552263f84a4e790f6fc8190ca23f06d35 projects/pec/execution/PKG-07_Event_Ingest_Bridges/1_Working/DEL-07-03_Hooks_CLI_bridge/_STATUS.md
POST fa349996a1c2d88ad9428a68ac319828603ed11e6dedc64af542bad6682ddc8b projects/pec/execution/PKG-07_Event_Ingest_Bridges/1_Working/DEL-07-04_cmux_socket_adapter_optional/_STATUS.md
POST e4ce2f01d3112f567d3ad8a823d5ccdd99899601a2aa50ba126d7963376736d3 projects/pec/execution/PKG-07_Event_Ingest_Bridges/1_Working/DEL-07-05_Shared_runtime_client_seam_v2/_STATUS.md
POST ac61a8db734b2767627d412cab419bf801b7382e0ba840b88e546445b8b4262d projects/pec/execution/PKG-08_API_Access/1_Working/DEL-08-01_Unix_socket_server_token_scoped_access/_STATUS.md
POST 88cf8d11cbfc39375ce929f83b2a1080e3b322e7edc34d1f58ab6ed2fbe5f2ec projects/pec/execution/PKG-08_API_Access/1_Working/DEL-08-03_Compact_citation_bearing_response_format/_STATUS.md
POST fc3c58ad3ac877cdcef616aae75b31f26878c8f93b8ae319fbd520a4e0d33054 projects/pec/execution/PKG-08_API_Access/1_Working/DEL-08-04_Orientation_latency_budget_p95_100_ms/_STATUS.md
POST a6d90872a06acfa1ea595ac858725d44c1eb6e1c71ce85a644acaacb7811012e projects/pec/execution/PKG-08_API_Access/1_Working/DEL-08-05_SSE_delta_presence_subscription/_STATUS.md
POST 99e428e662dc38ad4a43937fc6bd2e8f86a6d8726915b80150133bc8b88784f4 projects/pec/execution/PKG-09_Dashboards/1_Working/DEL-09-01_Overview_dashboard/_STATUS.md
POST c65ffe806d04a33347b9df1de06ecab1b343af1edd2fed1013d6fb3f781c0ea7 projects/pec/execution/PKG-09_Dashboards/1_Working/DEL-09-02_Lifecycle_census_dashboard/_STATUS.md
POST 1d9295903d6fbc8cc089efcd9b6cb9e591ff91c8c23199f1a84dccf85e33547d projects/pec/execution/PKG-09_Dashboards/1_Working/DEL-09-03_Register_views/_STATUS.md
POST c2bbdde75b7ec0d6a35497e335845a25055feae4a73f6bc805ad942eb9e4c0f0 projects/pec/execution/PKG-09_Dashboards/1_Working/DEL-09-04_Decision_slate_view_waiting_on_you/_STATUS.md
POST 571f8e7d4ca207043e51a04a8b8d728d3a63d046ca67477f9ab6f66bfeca6245 projects/pec/execution/PKG-09_Dashboards/1_Working/DEL-09-05_Presence_board/_STATUS.md
POST acfe88a17d0f182a3079512b32f89c4fe09d39f007eadffeab8cbdc7caa202e8 projects/pec/execution/PKG-09_Dashboards/1_Working/DEL-09-06_Universal_drill_down_to_cited_source/_STATUS.md
POST c09e4192de7fbbb410fe2c4e3a866e14cd19057b0578ac7bc2bf34c68d4867b8 projects/pec/execution/PKG-09_Dashboards/1_Working/DEL-09-07_Explain_shaped_pressure_rules/_STATUS.md
POST 03ec8ff022c153f1ba59876718b5ca591d29e9a3806209a8f5454dc63d9fd4a0 projects/pec/execution/PKG-10_Validation_Measurement/1_Working/DEL-10-02_Kill_test_standing_release_gate/_STATUS.md
POST ab9646cb68e4226a4d39e737a4a23c8ca28d563d9045c12c3cb5c88fd3f8e1fb projects/pec/execution/PKG-10_Validation_Measurement/1_Working/DEL-10-03_No_ruling_write_verification/_STATUS.md
POST 85495444130618584259452044fc3b4eaee9a0addb88f2de5716ea232d15e011 projects/pec/execution/PKG-10_Validation_Measurement/1_Working/DEL-10-04_Orientation_defect_rate_spot_check/_STATUS.md
POST 78ee3ca3ffc1102f31efdf19c7954bb8c6eb813e7f7fa8b1f2c7b5e988216cce projects/pec/execution/PKG-10_Validation_Measurement/1_Working/DEL-10-05_Owner_consultation_logging/_STATUS.md
POST cebc65ceb89ce5cedbd1d48cde895e3239538743a9d077b7aa0c8657cd50c9f2 projects/pec/execution/PKG-10_Validation_Measurement/1_Working/DEL-10-06_Seeded_conflict_overlap_test/_STATUS.md
POST dbc587a19e2bb54de39477bdcda5cf07e1f417cd921b3a8b45ab662ee225307f projects/pec/execution/PKG-10_Validation_Measurement/1_Working/DEL-10-07_Presence_TTL_honesty_tests/_STATUS.md
POST 4fe48ed071a8a64a9a818a212d54d8d427cf411e2a1dd17371d6b045f446874c projects/pec/execution/PKG-10_Validation_Measurement/1_Working/DEL-10-08_Stream_loss_recovery_demonstration/_STATUS.md
POST 1c9594b579ff912b8f39c91a60f1859597afffb8288fb025850349f23dad9535 projects/pec/execution/PKG-10_Validation_Measurement/1_Working/DEL-10-09_Collision_incident_measurement/_STATUS.md
POST ec684074371c922cd40c4f5e0260685d492f7914553845ad6cc4ea0f9d769ce8 projects/pec/execution/PKG-10_Validation_Measurement/1_Working/DEL-10-10_Directed_bootstrap_self_ingest_validation/_STATUS.md
POST d66be53ac5f9a84ebbeac39180189ccd82db665bd4092d4872f194b123256f0a projects/pec/execution/PKG-10_Validation_Measurement/1_Working/DEL-10-11_Parity_metric_DriftFindings_per_reconcile/_STATUS.md
POST d371a3d4a5d3b1ff773be8afedf6e182155ccd1d8fff9e60aef5d6bec316fe99 projects/pec/execution/PKG-10_Validation_Measurement/1_Working/DEL-10-12_Poll_adoption_measurement/_STATUS.md
POST 69b646f8481fe39a12b811d8078ed14a4c49622d9a8ab566d87f83683044f45e projects/pec/execution/_Coordination/_DECISIONS/D-PEC-99_REMAINING_RETIREMENT_2026-09-26/EXHIBIT_MOVED_ITEMS.md
CHECK write_set 62
CHECK status_sections_removed 57
CHECK account_keys 92 {'CLOSED_ON_RECORD': 9, 'EXHIBIT_A_D83E': 71, 'EXHIBIT_B_CARRY_S1': 4, 'EXHIBIT_B_CARRY_S2': 4, 'EXHIBIT_B_CARRY_S4': 4}
CHECK-ONLY: nothing written
gen_check_only rc=0
