RENDER modify projects/pec/software-workflow.json
RENDER create projects/pec/v2/tests/parsers/fixtures/pinned/MANIFEST.json
RENDER create projects/pec/v2/tests/parsers/fixtures/pinned/goldens/FC-1.json
RENDER create projects/pec/v2/tests/parsers/fixtures/pinned/goldens/FC-2.json
RENDER create projects/pec/v2/tests/parsers/fixtures/pinned/goldens/FC-3.json
RENDER create projects/pec/v2/tests/parsers/fixtures/pinned/goldens/FX-PEC-0.json
RENDER create projects/pec/v2/tests/parsers/fixtures/synthetic/MANIFEST.json
RENDER create projects/pec/v2/tests/parsers/fixtures/synthetic/memory/entry_without_readable_run_token.md
RENDER create projects/pec/v2/tests/parsers/fixtures/synthetic/memory/file_without_run_index_entry.md
RENDER create projects/pec/v2/tests/parsers/fixtures/synthetic/memory/links_in_each_form_bullet.md
RENDER create projects/pec/v2/tests/parsers/fixtures/synthetic/memory/links_in_each_form_heading.md
RENDER create projects/pec/v2/tests/parsers/fixtures/synthetic/memory/links_in_each_form_table.md
RENDER create projects/pec/v2/tests/parsers/fixtures/synthetic/memory/prose_in_every_position_bullet.md
RENDER create projects/pec/v2/tests/parsers/fixtures/synthetic/memory/prose_in_every_position_heading.md
RENDER create projects/pec/v2/tests/parsers/fixtures/synthetic/memory/prose_in_every_position_table.md
RENDER create projects/pec/v2/tests/parsers/fixtures/synthetic/memory/runs_section_mixed_with_dated_sections.md
RENDER create projects/pec/v2/tests/parsers/fixtures/synthetic/memory/template_table_form.md
RENDER create projects/pec/v2/tests/parsers/fixtures/synthetic/memory/unreadable_date.md
RENDER create projects/pec/v2/tests/parsers/fixtures/synthetic/receipts/malformed_ledger.md
RENDER create projects/pec/v2/tests/parsers/fixtures/synthetic/receipts/marker_carrying_ledger_entry.md
RENDER create projects/pec/v2/tests/parsers/fixtures/synthetic/receipts/prose_in_every_position_central.md
RENDER create projects/pec/v2/tests/parsers/fixtures/synthetic/receipts/prose_in_every_position_ledger.md
RENDER create projects/pec/v2/tests/parsers/fixtures/synthetic/receipts/prose_structured_ledger_entry.md
RENDER create projects/pec/v2/tests/parsers/fixtures/synthetic/receipts/receipt_folder_diverges_from_cursor.md
RENDER create projects/pec/v2/tests/parsers/fixtures/synthetic/receipts/receipt_without_examined_through.md
RENDER create projects/pec/v2/tests/parsers/fixtures/synthetic/work_graph/duplicated_run_identity.md
RENDER create projects/pec/v2/tests/parsers/fixtures/synthetic/work_graph/links_and_bindings.md
RENDER create projects/pec/v2/tests/parsers/fixtures/synthetic/work_graph/missing_run_identity.md
RENDER create projects/pec/v2/tests/parsers/fixtures/synthetic/work_graph/no_node_table.md
RENDER create projects/pec/v2/tests/parsers/fixtures/synthetic/work_graph/prose_in_every_position.md
RENDER create projects/pec/v2/tests/parsers/fixtures/synthetic/work_graph/two_graphs_bind_one_deliverable_a.md
RENDER create projects/pec/v2/tests/parsers/fixtures/synthetic/work_graph/two_graphs_bind_one_deliverable_b.md
RENDER create projects/pec/v2/tests/parsers/fixtures/synthetic/work_graph/unrecognized_state_token.md
RENDER create projects/pec/v2/tests/parsers/fixtures/synthetic/work_graph/unresolved_pr_number.md
RENDER create projects/pec/v2/tests/parsers/test_parser_fixture_integrity.py
CHECK preflight passed; planned write set 34 creates, 1 modifies, 0 removes (the inventory check runs in apply mode); nothing written
exit=0
