changed existing files: 149; of which K4 paths 129; K1 MODIFY 20; other 0
K4 verifier 'extra' (changed minus K4): 20; equals K1 MODIFY set: True
  EXTRA projects/pec/execution/PKG-02_File_Truth_Parsers/1_Working/DEL-02-01_STATUS_md_parser/_DEPENDENCIES.md
  EXTRA projects/pec/execution/PKG-02_File_Truth_Parsers/1_Working/DEL-02-02_Decision_register_packet_parser/_DEPENDENCIES.md
  EXTRA projects/pec/execution/PKG-02_File_Truth_Parsers/1_Working/DEL-02-03_Receipts_ledger_parser_per_loop_grammars/_DEPENDENCIES.md
  EXTRA projects/pec/execution/PKG-02_File_Truth_Parsers/1_Working/DEL-02-04_Run_evidence_JSON_parser/_DEPENDENCIES.md
  EXTRA projects/pec/execution/PKG-02_File_Truth_Parsers/1_Working/DEL-02-05_Dependency_register_parser/_DEPENDENCIES.md
  EXTRA projects/pec/execution/PKG-02_File_Truth_Parsers/1_Working/DEL-02-06_Workplan_LOOP_INIT_parser/_DEPENDENCIES.md
  EXTRA projects/pec/execution/PKG-02_File_Truth_Parsers/1_Working/DEL-02-08_Work_graph_parser/_DEPENDENCIES.md
  EXTRA projects/pec/execution/PKG-02_File_Truth_Parsers/1_Working/DEL-02-09_MEMORY_run_index_parser/_DEPENDENCIES.md
  EXTRA projects/pec/execution/PKG-03_Reconciliation_Parity/1_Working/DEL-03-04_Practitioner_harness_parity_diff/_DEPENDENCIES.md
  EXTRA projects/pec/execution/PKG-04_Orientation_Services/1_Working/DEL-04-01_Loop_orientation_return/_DEPENDENCIES.md
  EXTRA projects/pec/execution/PKG-04_Orientation_Services/1_Working/DEL-04-03_Citation_freshness_stamping/Dependencies.csv
  EXTRA projects/pec/execution/PKG-04_Orientation_Services/1_Working/DEL-04-03_Citation_freshness_stamping/_DEPENDENCIES.md
  EXTRA projects/pec/execution/PKG-04_Orientation_Services/1_Working/DEL-04-05_Measurement_limitation_honesty/_DEPENDENCIES.md
  EXTRA projects/pec/execution/PKG-08_API_Access/1_Working/DEL-08-01_Unix_socket_server_token_scoped_access/_DEPENDENCIES.md
  EXTRA projects/pec/execution/PKG-08_API_Access/1_Working/DEL-08-02_Versioned_additive_API_schema/_DEPENDENCIES.md
  EXTRA projects/pec/execution/PKG-08_API_Access/1_Working/DEL-08-03_Compact_citation_bearing_response_format/Dependencies.csv
  EXTRA projects/pec/execution/PKG-08_API_Access/1_Working/DEL-08-03_Compact_citation_bearing_response_format/_DEPENDENCIES.md
  EXTRA projects/pec/execution/PKG-09_Dashboards/1_Working/DEL-09-06_Universal_drill_down_to_cited_source/Dependencies.csv
  EXTRA projects/pec/execution/PKG-10_Validation_Measurement/1_Working/DEL-10-02_Kill_test_standing_release_gate/_DEPENDENCIES.md
  EXTRA projects/pec/execution/PKG-10_Validation_Measurement/1_Working/DEL-10-03_No_ruling_write_verification/Dependencies.csv
added files: 12; equals K1 CREATE set: True
removed files: 0
RESULT PASS
