$ date -u
Sun Sep 27 18:01:07 UTC 2026
cwd: projects/pec; HEAD f4ab6c307e812f872498a7cbfbccc8448443610b; register sha256 f877d9316c7da76218399838aa6b69f1bb51bbd3e59b5b1d19b31f69ad741cbc; script sha256 b1712e4b6e9f1476c577afd9170a4dd078beaa95878fa5f3b6c46a17b548cd0e
$ python3 execution/_Scripts/pec_reliance_hold.py --register execution/_Coordination/ACTIVE_RELIANCE_HOLDS.csv --target software-workflow.json --operation rely-for-production
{"operation": "rely-for-production", "status": "ALLOW"}
exit=0
$ python3 execution/_Scripts/pec_reliance_hold.py --register execution/_Coordination/ACTIVE_RELIANCE_HOLDS.csv --target v2/tests/parsers/fixtures/pinned/MANIFEST.json --operation rely-for-production
{"operation": "rely-for-production", "status": "ALLOW"}
exit=0
$ python3 execution/_Scripts/pec_reliance_hold.py --register execution/_Coordination/ACTIVE_RELIANCE_HOLDS.csv --target v2/tests/parsers/fixtures/pinned/goldens/FC-1.json --operation rely-for-production
{"operation": "rely-for-production", "status": "ALLOW"}
exit=0
$ python3 execution/_Scripts/pec_reliance_hold.py --register execution/_Coordination/ACTIVE_RELIANCE_HOLDS.csv --target v2/tests/parsers/fixtures/pinned/goldens/FC-2.json --operation rely-for-production
{"operation": "rely-for-production", "status": "ALLOW"}
exit=0
$ python3 execution/_Scripts/pec_reliance_hold.py --register execution/_Coordination/ACTIVE_RELIANCE_HOLDS.csv --target v2/tests/parsers/fixtures/pinned/goldens/FC-3.json --operation rely-for-production
{"operation": "rely-for-production", "status": "ALLOW"}
exit=0
$ python3 execution/_Scripts/pec_reliance_hold.py --register execution/_Coordination/ACTIVE_RELIANCE_HOLDS.csv --target v2/tests/parsers/fixtures/pinned/goldens/FX-PEC-0.json --operation rely-for-production
{"operation": "rely-for-production", "status": "ALLOW"}
exit=0
$ python3 execution/_Scripts/pec_reliance_hold.py --register execution/_Coordination/ACTIVE_RELIANCE_HOLDS.csv --target v2/tests/parsers/fixtures/synthetic/MANIFEST.json --operation rely-for-production
{"operation": "rely-for-production", "status": "ALLOW"}
exit=0
$ python3 execution/_Scripts/pec_reliance_hold.py --register execution/_Coordination/ACTIVE_RELIANCE_HOLDS.csv --target v2/tests/parsers/fixtures/synthetic/memory/entry_without_readable_run_token.md --operation rely-for-production
{"operation": "rely-for-production", "status": "ALLOW"}
exit=0
$ python3 execution/_Scripts/pec_reliance_hold.py --register execution/_Coordination/ACTIVE_RELIANCE_HOLDS.csv --target v2/tests/parsers/fixtures/synthetic/memory/file_without_run_index_entry.md --operation rely-for-production
{"operation": "rely-for-production", "status": "ALLOW"}
exit=0
$ python3 execution/_Scripts/pec_reliance_hold.py --register execution/_Coordination/ACTIVE_RELIANCE_HOLDS.csv --target v2/tests/parsers/fixtures/synthetic/memory/links_in_each_form_bullet.md --operation rely-for-production
{"operation": "rely-for-production", "status": "ALLOW"}
exit=0
$ python3 execution/_Scripts/pec_reliance_hold.py --register execution/_Coordination/ACTIVE_RELIANCE_HOLDS.csv --target v2/tests/parsers/fixtures/synthetic/memory/links_in_each_form_heading.md --operation rely-for-production
{"operation": "rely-for-production", "status": "ALLOW"}
exit=0
$ python3 execution/_Scripts/pec_reliance_hold.py --register execution/_Coordination/ACTIVE_RELIANCE_HOLDS.csv --target v2/tests/parsers/fixtures/synthetic/memory/links_in_each_form_table.md --operation rely-for-production
{"operation": "rely-for-production", "status": "ALLOW"}
exit=0
$ python3 execution/_Scripts/pec_reliance_hold.py --register execution/_Coordination/ACTIVE_RELIANCE_HOLDS.csv --target v2/tests/parsers/fixtures/synthetic/memory/prose_in_every_position_bullet.md --operation rely-for-production
{"operation": "rely-for-production", "status": "ALLOW"}
exit=0
$ python3 execution/_Scripts/pec_reliance_hold.py --register execution/_Coordination/ACTIVE_RELIANCE_HOLDS.csv --target v2/tests/parsers/fixtures/synthetic/memory/prose_in_every_position_heading.md --operation rely-for-production
{"operation": "rely-for-production", "status": "ALLOW"}
exit=0
$ python3 execution/_Scripts/pec_reliance_hold.py --register execution/_Coordination/ACTIVE_RELIANCE_HOLDS.csv --target v2/tests/parsers/fixtures/synthetic/memory/prose_in_every_position_table.md --operation rely-for-production
{"operation": "rely-for-production", "status": "ALLOW"}
exit=0
$ python3 execution/_Scripts/pec_reliance_hold.py --register execution/_Coordination/ACTIVE_RELIANCE_HOLDS.csv --target v2/tests/parsers/fixtures/synthetic/memory/runs_section_mixed_with_dated_sections.md --operation rely-for-production
{"operation": "rely-for-production", "status": "ALLOW"}
exit=0
$ python3 execution/_Scripts/pec_reliance_hold.py --register execution/_Coordination/ACTIVE_RELIANCE_HOLDS.csv --target v2/tests/parsers/fixtures/synthetic/memory/template_table_form.md --operation rely-for-production
{"operation": "rely-for-production", "status": "ALLOW"}
exit=0
$ python3 execution/_Scripts/pec_reliance_hold.py --register execution/_Coordination/ACTIVE_RELIANCE_HOLDS.csv --target v2/tests/parsers/fixtures/synthetic/memory/unreadable_date.md --operation rely-for-production
{"operation": "rely-for-production", "status": "ALLOW"}
exit=0
$ python3 execution/_Scripts/pec_reliance_hold.py --register execution/_Coordination/ACTIVE_RELIANCE_HOLDS.csv --target v2/tests/parsers/fixtures/synthetic/receipts/malformed_ledger.md --operation rely-for-production
{"operation": "rely-for-production", "status": "ALLOW"}
exit=0
$ python3 execution/_Scripts/pec_reliance_hold.py --register execution/_Coordination/ACTIVE_RELIANCE_HOLDS.csv --target v2/tests/parsers/fixtures/synthetic/receipts/marker_carrying_ledger_entry.md --operation rely-for-production
{"operation": "rely-for-production", "status": "ALLOW"}
exit=0
$ python3 execution/_Scripts/pec_reliance_hold.py --register execution/_Coordination/ACTIVE_RELIANCE_HOLDS.csv --target v2/tests/parsers/fixtures/synthetic/receipts/prose_in_every_position_central.md --operation rely-for-production
{"operation": "rely-for-production", "status": "ALLOW"}
exit=0
$ python3 execution/_Scripts/pec_reliance_hold.py --register execution/_Coordination/ACTIVE_RELIANCE_HOLDS.csv --target v2/tests/parsers/fixtures/synthetic/receipts/prose_in_every_position_ledger.md --operation rely-for-production
{"operation": "rely-for-production", "status": "ALLOW"}
exit=0
$ python3 execution/_Scripts/pec_reliance_hold.py --register execution/_Coordination/ACTIVE_RELIANCE_HOLDS.csv --target v2/tests/parsers/fixtures/synthetic/receipts/prose_structured_ledger_entry.md --operation rely-for-production
{"operation": "rely-for-production", "status": "ALLOW"}
exit=0
$ python3 execution/_Scripts/pec_reliance_hold.py --register execution/_Coordination/ACTIVE_RELIANCE_HOLDS.csv --target v2/tests/parsers/fixtures/synthetic/receipts/receipt_folder_diverges_from_cursor.md --operation rely-for-production
{"operation": "rely-for-production", "status": "ALLOW"}
exit=0
$ python3 execution/_Scripts/pec_reliance_hold.py --register execution/_Coordination/ACTIVE_RELIANCE_HOLDS.csv --target v2/tests/parsers/fixtures/synthetic/receipts/receipt_without_examined_through.md --operation rely-for-production
{"operation": "rely-for-production", "status": "ALLOW"}
exit=0
$ python3 execution/_Scripts/pec_reliance_hold.py --register execution/_Coordination/ACTIVE_RELIANCE_HOLDS.csv --target v2/tests/parsers/fixtures/synthetic/work_graph/duplicated_run_identity.md --operation rely-for-production
{"operation": "rely-for-production", "status": "ALLOW"}
exit=0
$ python3 execution/_Scripts/pec_reliance_hold.py --register execution/_Coordination/ACTIVE_RELIANCE_HOLDS.csv --target v2/tests/parsers/fixtures/synthetic/work_graph/links_and_bindings.md --operation rely-for-production
{"operation": "rely-for-production", "status": "ALLOW"}
exit=0
$ python3 execution/_Scripts/pec_reliance_hold.py --register execution/_Coordination/ACTIVE_RELIANCE_HOLDS.csv --target v2/tests/parsers/fixtures/synthetic/work_graph/missing_run_identity.md --operation rely-for-production
{"operation": "rely-for-production", "status": "ALLOW"}
exit=0
$ python3 execution/_Scripts/pec_reliance_hold.py --register execution/_Coordination/ACTIVE_RELIANCE_HOLDS.csv --target v2/tests/parsers/fixtures/synthetic/work_graph/no_node_table.md --operation rely-for-production
{"operation": "rely-for-production", "status": "ALLOW"}
exit=0
$ python3 execution/_Scripts/pec_reliance_hold.py --register execution/_Coordination/ACTIVE_RELIANCE_HOLDS.csv --target v2/tests/parsers/fixtures/synthetic/work_graph/prose_in_every_position.md --operation rely-for-production
{"operation": "rely-for-production", "status": "ALLOW"}
exit=0
$ python3 execution/_Scripts/pec_reliance_hold.py --register execution/_Coordination/ACTIVE_RELIANCE_HOLDS.csv --target v2/tests/parsers/fixtures/synthetic/work_graph/two_graphs_bind_one_deliverable_a.md --operation rely-for-production
{"operation": "rely-for-production", "status": "ALLOW"}
exit=0
$ python3 execution/_Scripts/pec_reliance_hold.py --register execution/_Coordination/ACTIVE_RELIANCE_HOLDS.csv --target v2/tests/parsers/fixtures/synthetic/work_graph/two_graphs_bind_one_deliverable_b.md --operation rely-for-production
{"operation": "rely-for-production", "status": "ALLOW"}
exit=0
$ python3 execution/_Scripts/pec_reliance_hold.py --register execution/_Coordination/ACTIVE_RELIANCE_HOLDS.csv --target v2/tests/parsers/fixtures/synthetic/work_graph/unrecognized_state_token.md --operation rely-for-production
{"operation": "rely-for-production", "status": "ALLOW"}
exit=0
$ python3 execution/_Scripts/pec_reliance_hold.py --register execution/_Coordination/ACTIVE_RELIANCE_HOLDS.csv --target v2/tests/parsers/fixtures/synthetic/work_graph/unresolved_pr_number.md --operation rely-for-production
{"operation": "rely-for-production", "status": "ALLOW"}
exit=0
$ python3 execution/_Scripts/pec_reliance_hold.py --register execution/_Coordination/ACTIVE_RELIANCE_HOLDS.csv --target v2/tests/parsers/test_parser_fixture_integrity.py --operation rely-for-production
{"operation": "rely-for-production", "status": "ALLOW"}
exit=0
$ python3 execution/_Scripts/pec_reliance_hold.py --register execution/_Coordination/ACTIVE_RELIANCE_HOLDS.csv --target execution/PKG-02_File_Truth_Parsers/1_Working/DEL-02-03_Receipts_ledger_parser_per_loop_grammars/_STATUS.md --operation rely-for-production
{"operation": "rely-for-production", "status": "ALLOW"}
exit=0
$ python3 execution/_Scripts/pec_reliance_hold.py --register execution/_Coordination/ACTIVE_RELIANCE_HOLDS.csv --target execution/PKG-02_File_Truth_Parsers/1_Working/DEL-02-08_Work_graph_parser/_STATUS.md --operation rely-for-production
{"operation": "rely-for-production", "status": "ALLOW"}
exit=0
$ python3 execution/_Scripts/pec_reliance_hold.py --register execution/_Coordination/ACTIVE_RELIANCE_HOLDS.csv --target execution/PKG-02_File_Truth_Parsers/1_Working/DEL-02-09_MEMORY_run_index_parser/_STATUS.md --operation rely-for-production
{"operation": "rely-for-production", "status": "ALLOW"}
exit=0
$ python3 execution/_Scripts/pec_reliance_hold.py --register execution/_Coordination/ACTIVE_RELIANCE_HOLDS.csv --target execution/PKG-02_File_Truth_Parsers/1_Working/DEL-02-03_Receipts_ledger_parser_per_loop_grammars/MEMORY.md --operation rely-for-production
{"operation": "rely-for-production", "status": "ALLOW"}
exit=0
$ python3 execution/_Scripts/pec_reliance_hold.py --register execution/_Coordination/ACTIVE_RELIANCE_HOLDS.csv --target execution/PKG-02_File_Truth_Parsers/1_Working/DEL-02-08_Work_graph_parser/MEMORY.md --operation rely-for-production
{"operation": "rely-for-production", "status": "ALLOW"}
exit=0
$ python3 execution/_Scripts/pec_reliance_hold.py --register execution/_Coordination/ACTIVE_RELIANCE_HOLDS.csv --target execution/PKG-02_File_Truth_Parsers/1_Working/DEL-02-09_MEMORY_run_index_parser/MEMORY.md --operation rely-for-production
{"operation": "rely-for-production", "status": "ALLOW"}
exit=0
SUMMARY rely-for-production: ALLOW exit 0 on 41 of 41 targets
