$ date -u
Sun Sep 27 17:44:45 UTC 2026
$ (cd projects/pec && python3 ../../tools/software_workflow/select_affected_checks.py software-workflow.json <35 changed paths from git diff --name-only origin/main...HEAD -- projects/pec/software-workflow.json projects/pec/v2>)
      35
{
  "checks": [
    "harness-self-check",
    "v2-api-contract",
    "v2-core-posture",
    "v2-loop-registry",
    "v2-parsers",
    "v2-store-guard"
  ],
  "paths": [
    "software-workflow.json",
    "v2/tests/parsers/fixtures/pinned/MANIFEST.json",
    "v2/tests/parsers/fixtures/pinned/goldens/FC-1.json",
    "v2/tests/parsers/fixtures/pinned/goldens/FC-2.json",
    "v2/tests/parsers/fixtures/pinned/goldens/FC-3.json",
    "v2/tests/parsers/fixtures/pinned/goldens/FX-PEC-0.json",
    "v2/tests/parsers/fixtures/synthetic/MANIFEST.json",
    "v2/tests/parsers/fixtures/synthetic/memory/entry_without_readable_run_token.md",
    "v2/tests/parsers/fixtures/synthetic/memory/file_without_run_index_entry.md",
    "v2/tests/parsers/fixtures/synthetic/memory/links_in_each_form_bullet.md",
    "v2/tests/parsers/fixtures/synthetic/memory/links_in_each_form_heading.md",
    "v2/tests/parsers/fixtures/synthetic/memory/links_in_each_form_table.md",
    "v2/tests/parsers/fixtures/synthetic/memory/prose_in_every_position_bullet.md",
    "v2/tests/parsers/fixtures/synthetic/memory/prose_in_every_position_heading.md",
    "v2/tests/parsers/fixtures/synthetic/memory/prose_in_every_position_table.md",
    "v2/tests/parsers/fixtures/synthetic/memory/runs_section_mixed_with_dated_sections.md",
    "v2/tests/parsers/fixtures/synthetic/memory/template_table_form.md",
    "v2/tests/parsers/fixtures/synthetic/memory/unreadable_date.md",
    "v2/tests/parsers/fixtures/synthetic/receipts/malformed_ledger.md",
    "v2/tests/parsers/fixtures/synthetic/receipts/marker_carrying_ledger_entry.md",
    "v2/tests/parsers/fixtures/synthetic/receipts/prose_in_every_position_central.md",
    "v2/tests/parsers/fixtures/synthetic/receipts/prose_in_every_position_ledger.md",
    "v2/tests/parsers/fixtures/synthetic/receipts/prose_structured_ledger_entry.md",
    "v2/tests/parsers/fixtures/synthetic/receipts/receipt_folder_diverges_from_cursor.md",
    "v2/tests/parsers/fixtures/synthetic/receipts/receipt_without_examined_through.md",
    "v2/tests/parsers/fixtures/synthetic/work_graph/duplicated_run_identity.md",
    "v2/tests/parsers/fixtures/synthetic/work_graph/links_and_bindings.md",
    "v2/tests/parsers/fixtures/synthetic/work_graph/missing_run_identity.md",
    "v2/tests/parsers/fixtures/synthetic/work_graph/no_node_table.md",
    "v2/tests/parsers/fixtures/synthetic/work_graph/prose_in_every_position.md",
    "v2/tests/parsers/fixtures/synthetic/work_graph/two_graphs_bind_one_deliverable_a.md",
    "v2/tests/parsers/fixtures/synthetic/work_graph/two_graphs_bind_one_deliverable_b.md",
    "v2/tests/parsers/fixtures/synthetic/work_graph/unrecognized_state_token.md",
    "v2/tests/parsers/fixtures/synthetic/work_graph/unresolved_pr_number.md",
    "v2/tests/parsers/test_parser_fixture_integrity.py"
  ],
  "reasons": {
    "v2-api-contract": [
      "software-workflow.json"
    ],
    "v2-core-posture": [
      "software-workflow.json"
    ],
    "v2-loop-registry": [
      "software-workflow.json"
    ],
    "v2-parsers": [
      "software-workflow.json",
      "v2/tests/parsers/fixtures/pinned/MANIFEST.json",
      "v2/tests/parsers/fixtures/pinned/goldens/FC-1.json",
      "v2/tests/parsers/fixtures/pinned/goldens/FC-2.json",
      "v2/tests/parsers/fixtures/pinned/goldens/FC-3.json",
      "v2/tests/parsers/fixtures/pinned/goldens/FX-PEC-0.json",
      "v2/tests/parsers/fixtures/synthetic/MANIFEST.json",
      "v2/tests/parsers/fixtures/synthetic/memory/entry_without_readable_run_token.md",
      "v2/tests/parsers/fixtures/synthetic/memory/file_without_run_index_entry.md",
      "v2/tests/parsers/fixtures/synthetic/memory/links_in_each_form_bullet.md",
      "v2/tests/parsers/fixtures/synthetic/memory/links_in_each_form_heading.md",
      "v2/tests/parsers/fixtures/synthetic/memory/links_in_each_form_table.md",
      "v2/tests/parsers/fixtures/synthetic/memory/prose_in_every_position_bullet.md",
      "v2/tests/parsers/fixtures/synthetic/memory/prose_in_every_position_heading.md",
      "v2/tests/parsers/fixtures/synthetic/memory/prose_in_every_position_table.md",
      "v2/tests/parsers/fixtures/synthetic/memory/runs_section_mixed_with_dated_sections.md",
      "v2/tests/parsers/fixtures/synthetic/memory/template_table_form.md",
      "v2/tests/parsers/fixtures/synthetic/memory/unreadable_date.md",
      "v2/tests/parsers/fixtures/synthetic/receipts/malformed_ledger.md",
      "v2/tests/parsers/fixtures/synthetic/receipts/marker_carrying_ledger_entry.md",
      "v2/tests/parsers/fixtures/synthetic/receipts/prose_in_every_position_central.md",
      "v2/tests/parsers/fixtures/synthetic/receipts/prose_in_every_position_ledger.md",
      "v2/tests/parsers/fixtures/synthetic/receipts/prose_structured_ledger_entry.md",
      "v2/tests/parsers/fixtures/synthetic/receipts/receipt_folder_diverges_from_cursor.md",
      "v2/tests/parsers/fixtures/synthetic/receipts/receipt_without_examined_through.md",
      "v2/tests/parsers/fixtures/synthetic/work_graph/duplicated_run_identity.md",
      "v2/tests/parsers/fixtures/synthetic/work_graph/links_and_bindings.md",
      "v2/tests/parsers/fixtures/synthetic/work_graph/missing_run_identity.md",
      "v2/tests/parsers/fixtures/synthetic/work_graph/no_node_table.md",
      "v2/tests/parsers/fixtures/synthetic/work_graph/prose_in_every_position.md",
      "v2/tests/parsers/fixtures/synthetic/work_graph/two_graphs_bind_one_deliverable_a.md",
      "v2/tests/parsers/fixtures/synthetic/work_graph/two_graphs_bind_one_deliverable_b.md",
      "v2/tests/parsers/fixtures/synthetic/work_graph/unrecognized_state_token.md",
      "v2/tests/parsers/fixtures/synthetic/work_graph/unresolved_pr_number.md",
      "v2/tests/parsers/test_parser_fixture_integrity.py"
    ],
    "v2-store-guard": [
      "software-workflow.json"
    ]
  },
  "schema": "chirality-affected-checks/v1"
}
exit=0
