$ date -u
Sun Sep 27 17:46:19 UTC 2026
HEAD 7ff6eb7bb54c4aeda08032fc64bb0c28a88631e5; origin/main c5d852c4a95a478f34d9e4e4375d603e08245e25
$ git diff --name-status origin/main...HEAD
M	projects/pec/execution/PKG-02_File_Truth_Parsers/1_Working/DEL-02-03_Receipts_ledger_parser_per_loop_grammars/_STATUS.md
M	projects/pec/execution/PKG-02_File_Truth_Parsers/1_Working/DEL-02-08_Work_graph_parser/_STATUS.md
M	projects/pec/execution/PKG-02_File_Truth_Parsers/1_Working/DEL-02-09_MEMORY_run_index_parser/_STATUS.md
A	projects/pec/execution/_Coordination/AgentRuns/HELP-HUMAN-PEC-20260925-POST-SCA005/briefs/X1A_D106_FIXTURES_ACT.md
A	projects/pec/execution/_Coordination/X1_FIXTURES_2026-09-27/apply_x1p.py
A	projects/pec/execution/_Coordination/X1_FIXTURES_2026-09-27/apply_x1p.template.py
A	projects/pec/execution/_Coordination/X1_FIXTURES_2026-09-27/build_apply_x1p.py
A	projects/pec/execution/_Coordination/X1_FIXTURES_2026-09-27/candidates/projects/pec/software-workflow.json
A	projects/pec/execution/_Coordination/X1_FIXTURES_2026-09-27/candidates/projects/pec/v2/tests/parsers/fixtures/pinned/MANIFEST.json
A	projects/pec/execution/_Coordination/X1_FIXTURES_2026-09-27/candidates/projects/pec/v2/tests/parsers/fixtures/pinned/goldens/FC-1.json
A	projects/pec/execution/_Coordination/X1_FIXTURES_2026-09-27/candidates/projects/pec/v2/tests/parsers/fixtures/pinned/goldens/FC-2.json
A	projects/pec/execution/_Coordination/X1_FIXTURES_2026-09-27/candidates/projects/pec/v2/tests/parsers/fixtures/pinned/goldens/FC-3.json
A	projects/pec/execution/_Coordination/X1_FIXTURES_2026-09-27/candidates/projects/pec/v2/tests/parsers/fixtures/pinned/goldens/FX-PEC-0.json
A	projects/pec/execution/_Coordination/X1_FIXTURES_2026-09-27/candidates/projects/pec/v2/tests/parsers/fixtures/synthetic/MANIFEST.json
A	projects/pec/execution/_Coordination/X1_FIXTURES_2026-09-27/candidates/projects/pec/v2/tests/parsers/fixtures/synthetic/memory/entry_without_readable_run_token.md
A	projects/pec/execution/_Coordination/X1_FIXTURES_2026-09-27/candidates/projects/pec/v2/tests/parsers/fixtures/synthetic/memory/file_without_run_index_entry.md
A	projects/pec/execution/_Coordination/X1_FIXTURES_2026-09-27/candidates/projects/pec/v2/tests/parsers/fixtures/synthetic/memory/links_in_each_form_bullet.md
A	projects/pec/execution/_Coordination/X1_FIXTURES_2026-09-27/candidates/projects/pec/v2/tests/parsers/fixtures/synthetic/memory/links_in_each_form_heading.md
A	projects/pec/execution/_Coordination/X1_FIXTURES_2026-09-27/candidates/projects/pec/v2/tests/parsers/fixtures/synthetic/memory/links_in_each_form_table.md
A	projects/pec/execution/_Coordination/X1_FIXTURES_2026-09-27/candidates/projects/pec/v2/tests/parsers/fixtures/synthetic/memory/prose_in_every_position_bullet.md
A	projects/pec/execution/_Coordination/X1_FIXTURES_2026-09-27/candidates/projects/pec/v2/tests/parsers/fixtures/synthetic/memory/prose_in_every_position_heading.md
A	projects/pec/execution/_Coordination/X1_FIXTURES_2026-09-27/candidates/projects/pec/v2/tests/parsers/fixtures/synthetic/memory/prose_in_every_position_table.md
A	projects/pec/execution/_Coordination/X1_FIXTURES_2026-09-27/candidates/projects/pec/v2/tests/parsers/fixtures/synthetic/memory/runs_section_mixed_with_dated_sections.md
A	projects/pec/execution/_Coordination/X1_FIXTURES_2026-09-27/candidates/projects/pec/v2/tests/parsers/fixtures/synthetic/memory/template_table_form.md
A	projects/pec/execution/_Coordination/X1_FIXTURES_2026-09-27/candidates/projects/pec/v2/tests/parsers/fixtures/synthetic/memory/unreadable_date.md
A	projects/pec/execution/_Coordination/X1_FIXTURES_2026-09-27/candidates/projects/pec/v2/tests/parsers/fixtures/synthetic/receipts/malformed_ledger.md
A	projects/pec/execution/_Coordination/X1_FIXTURES_2026-09-27/candidates/projects/pec/v2/tests/parsers/fixtures/synthetic/receipts/marker_carrying_ledger_entry.md
A	projects/pec/execution/_Coordination/X1_FIXTURES_2026-09-27/candidates/projects/pec/v2/tests/parsers/fixtures/synthetic/receipts/prose_in_every_position_central.md
A	projects/pec/execution/_Coordination/X1_FIXTURES_2026-09-27/candidates/projects/pec/v2/tests/parsers/fixtures/synthetic/receipts/prose_in_every_position_ledger.md
A	projects/pec/execution/_Coordination/X1_FIXTURES_2026-09-27/candidates/projects/pec/v2/tests/parsers/fixtures/synthetic/receipts/prose_structured_ledger_entry.md
A	projects/pec/execution/_Coordination/X1_FIXTURES_2026-09-27/candidates/projects/pec/v2/tests/parsers/fixtures/synthetic/receipts/receipt_folder_diverges_from_cursor.md
A	projects/pec/execution/_Coordination/X1_FIXTURES_2026-09-27/candidates/projects/pec/v2/tests/parsers/fixtures/synthetic/receipts/receipt_without_examined_through.md
A	projects/pec/execution/_Coordination/X1_FIXTURES_2026-09-27/candidates/projects/pec/v2/tests/parsers/fixtures/synthetic/work_graph/duplicated_run_identity.md
A	projects/pec/execution/_Coordination/X1_FIXTURES_2026-09-27/candidates/projects/pec/v2/tests/parsers/fixtures/synthetic/work_graph/links_and_bindings.md
A	projects/pec/execution/_Coordination/X1_FIXTURES_2026-09-27/candidates/projects/pec/v2/tests/parsers/fixtures/synthetic/work_graph/missing_run_identity.md
A	projects/pec/execution/_Coordination/X1_FIXTURES_2026-09-27/candidates/projects/pec/v2/tests/parsers/fixtures/synthetic/work_graph/no_node_table.md
A	projects/pec/execution/_Coordination/X1_FIXTURES_2026-09-27/candidates/projects/pec/v2/tests/parsers/fixtures/synthetic/work_graph/prose_in_every_position.md
A	projects/pec/execution/_Coordination/X1_FIXTURES_2026-09-27/candidates/projects/pec/v2/tests/parsers/fixtures/synthetic/work_graph/two_graphs_bind_one_deliverable_a.md
A	projects/pec/execution/_Coordination/X1_FIXTURES_2026-09-27/candidates/projects/pec/v2/tests/parsers/fixtures/synthetic/work_graph/two_graphs_bind_one_deliverable_b.md
A	projects/pec/execution/_Coordination/X1_FIXTURES_2026-09-27/candidates/projects/pec/v2/tests/parsers/fixtures/synthetic/work_graph/unrecognized_state_token.md
A	projects/pec/execution/_Coordination/X1_FIXTURES_2026-09-27/candidates/projects/pec/v2/tests/parsers/fixtures/synthetic/work_graph/unresolved_pr_number.md
A	projects/pec/execution/_Coordination/X1_FIXTURES_2026-09-27/candidates/projects/pec/v2/tests/parsers/test_parser_fixture_integrity.py
A	projects/pec/execution/_Coordination/X1_FIXTURES_2026-09-27/evidence/bound_copy.sums
A	projects/pec/execution/_Coordination/X1_FIXTURES_2026-09-27/evidence/check_addon_L_slots.py
A	projects/pec/execution/_Coordination/X1_FIXTURES_2026-09-27/evidence/check_bytes_hygiene.py
A	projects/pec/execution/_Coordination/X1_FIXTURES_2026-09-27/evidence/deps_read.py
A	projects/pec/execution/_Coordination/X1_FIXTURES_2026-09-27/evidence/hold_targets.txt
A	projects/pec/execution/_Coordination/X1_FIXTURES_2026-09-27/evidence/pre_act_checks.cmd
A	projects/pec/execution/_Coordination/X1_FIXTURES_2026-09-27/evidence/pre_act_checks_c5d852c4a/SUMMARY.out
A	projects/pec/execution/_Coordination/X1_FIXTURES_2026-09-27/evidence/pre_act_checks_c5d852c4a/apply.out
A	projects/pec/execution/_Coordination/X1_FIXTURES_2026-09-27/evidence/pre_act_checks_c5d852c4a/apply_checkonly.out
A	projects/pec/execution/_Coordination/X1_FIXTURES_2026-09-27/evidence/pre_act_checks_c5d852c4a/apply_rerun.out
A	projects/pec/execution/_Coordination/X1_FIXTURES_2026-09-27/evidence/pre_act_checks_c5d852c4a/containment.out
A	projects/pec/execution/_Coordination/X1_FIXTURES_2026-09-27/evidence/pre_act_checks_c5d852c4a/harness_post.out
A	projects/pec/execution/_Coordination/X1_FIXTURES_2026-09-27/evidence/pre_act_checks_c5d852c4a/harness_pre.out
A	projects/pec/execution/_Coordination/X1_FIXTURES_2026-09-27/evidence/pre_act_checks_c5d852c4a/hygiene.out
A	projects/pec/execution/_Coordination/X1_FIXTURES_2026-09-27/evidence/pre_act_checks_c5d852c4a/negative_controls.out
A	projects/pec/execution/_Coordination/X1_FIXTURES_2026-09-27/evidence/pre_act_checks_c5d852c4a/pins.md
A	projects/pec/execution/_Coordination/X1_FIXTURES_2026-09-27/evidence/pre_act_checks_c5d852c4a/posture_pre.out
A	projects/pec/execution/_Coordination/X1_FIXTURES_2026-09-27/evidence/pre_act_checks_c5d852c4a/receipts_post.out
A	projects/pec/execution/_Coordination/X1_FIXTURES_2026-09-27/evidence/pre_act_checks_c5d852c4a/receipts_pre.out
A	projects/pec/execution/_Coordination/X1_FIXTURES_2026-09-27/evidence/pre_act_checks_c5d852c4a/registered_post.json
A	projects/pec/execution/_Coordination/X1_FIXTURES_2026-09-27/evidence/pre_act_checks_c5d852c4a/registered_post.out
A	projects/pec/execution/_Coordination/X1_FIXTURES_2026-09-27/evidence/pre_act_checks_c5d852c4a/registered_post.summary
A	projects/pec/execution/_Coordination/X1_FIXTURES_2026-09-27/evidence/pre_act_checks_c5d852c4a/select_affected.out
A	projects/pec/execution/_Coordination/X1_FIXTURES_2026-09-27/evidence/pre_act_checks_c5d852c4a/strict_post.out
A	projects/pec/execution/_Coordination/X1_FIXTURES_2026-09-27/evidence/pre_act_checks_c5d852c4a/strict_pre.out
A	projects/pec/execution/_Coordination/X1_FIXTURES_2026-09-27/evidence/pre_act_checks_c5d852c4a/test_apply_x1p.out
A	projects/pec/execution/_Coordination/X1_FIXTURES_2026-09-27/evidence/pre_act_checks_c5d852c4a/v2_parsers_verbose.out
A	projects/pec/execution/_Coordination/X1_FIXTURES_2026-09-27/evidence/pre_act_checks_c5d852c4a/verify_bindings.out
A	projects/pec/execution/_Coordination/X1_FIXTURES_2026-09-27/evidence/pre_act_checks_c5d852c4a/verify_claims.out
A	projects/pec/execution/_Coordination/X1_FIXTURES_2026-09-27/evidence/row0_bound_copy.out
A	projects/pec/execution/_Coordination/X1_FIXTURES_2026-09-27/evidence/row1_apply_check_only.out
A	projects/pec/execution/_Coordination/X1_FIXTURES_2026-09-27/evidence/row1_basis.out
A	projects/pec/execution/_Coordination/X1_FIXTURES_2026-09-27/evidence/row1_dependencies.out
A	projects/pec/execution/_Coordination/X1_FIXTURES_2026-09-27/evidence/row1_fixture_suite_pre_act.out
A	projects/pec/execution/_Coordination/X1_FIXTURES_2026-09-27/evidence/row1_hold_dispatch_for_production.out
A	projects/pec/execution/_Coordination/X1_FIXTURES_2026-09-27/evidence/row1_pins.out
A	projects/pec/execution/_Coordination/X1_FIXTURES_2026-09-27/evidence/row1_preimages.out
A	projects/pec/execution/_Coordination/X1_FIXTURES_2026-09-27/evidence/row1a_addon_L.out
A	projects/pec/execution/_Coordination/X1_FIXTURES_2026-09-27/evidence/row1a_addon_L_slots.out
A	projects/pec/execution/_Coordination/X1_FIXTURES_2026-09-27/evidence/row2_apply.out
A	projects/pec/execution/_Coordination/X1_FIXTURES_2026-09-27/evidence/row2_apply_check_only.out
A	projects/pec/execution/_Coordination/X1_FIXTURES_2026-09-27/evidence/row2b_bytes_hygiene.out
A	projects/pec/execution/_Coordination/X1_FIXTURES_2026-09-27/evidence/row3_posture_post.out
A	projects/pec/execution/_Coordination/X1_FIXTURES_2026-09-27/evidence/row3_registered.json
A	projects/pec/execution/_Coordination/X1_FIXTURES_2026-09-27/evidence/row3_registered.out
A	projects/pec/execution/_Coordination/X1_FIXTURES_2026-09-27/evidence/row3_v2_parsers_verbose.out
A	projects/pec/execution/_Coordination/X1_FIXTURES_2026-09-27/evidence/row4_select_affected.out
A	projects/pec/execution/_Coordination/X1_FIXTURES_2026-09-27/evidence/row5_bindings.out
A	projects/pec/execution/_Coordination/X1_FIXTURES_2026-09-27/evidence/row5_pins.out
A	projects/pec/execution/_Coordination/X1_FIXTURES_2026-09-27/evidence/row6_compare.out
A	projects/pec/execution/_Coordination/X1_FIXTURES_2026-09-27/evidence/row6_harness_after_act.out
A	projects/pec/execution/_Coordination/X1_FIXTURES_2026-09-27/evidence/row6_harness_before_L.out
A	projects/pec/execution/_Coordination/X1_FIXTURES_2026-09-27/evidence/row6_receipts_after_act.out
A	projects/pec/execution/_Coordination/X1_FIXTURES_2026-09-27/evidence/row6_receipts_before_L.out
A	projects/pec/execution/_Coordination/X1_FIXTURES_2026-09-27/evidence/row6_strict_after_act.out
A	projects/pec/execution/_Coordination/X1_FIXTURES_2026-09-27/evidence/row6_strict_before_L.out
A	projects/pec/execution/_Coordination/X1_FIXTURES_2026-09-27/negative_controls_x1p.py
A	projects/pec/execution/_Coordination/X1_FIXTURES_2026-09-27/negative_controls_x1p.sh
A	projects/pec/execution/_Coordination/X1_FIXTURES_2026-09-27/report_x1p_pins.py
A	projects/pec/execution/_Coordination/X1_FIXTURES_2026-09-27/run_fixture_suite.sh
A	projects/pec/execution/_Coordination/X1_FIXTURES_2026-09-27/run_x1p_checks.sh
A	projects/pec/execution/_Coordination/X1_FIXTURES_2026-09-27/test_apply_x1p.py
A	projects/pec/execution/_Coordination/X1_FIXTURES_2026-09-27/verify_x1p_bindings.py
M	projects/pec/software-workflow.json
A	projects/pec/v2/tests/parsers/fixtures/pinned/MANIFEST.json
A	projects/pec/v2/tests/parsers/fixtures/pinned/goldens/FC-1.json
A	projects/pec/v2/tests/parsers/fixtures/pinned/goldens/FC-2.json
A	projects/pec/v2/tests/parsers/fixtures/pinned/goldens/FC-3.json
A	projects/pec/v2/tests/parsers/fixtures/pinned/goldens/FX-PEC-0.json
A	projects/pec/v2/tests/parsers/fixtures/synthetic/MANIFEST.json
A	projects/pec/v2/tests/parsers/fixtures/synthetic/memory/entry_without_readable_run_token.md
A	projects/pec/v2/tests/parsers/fixtures/synthetic/memory/file_without_run_index_entry.md
A	projects/pec/v2/tests/parsers/fixtures/synthetic/memory/links_in_each_form_bullet.md
A	projects/pec/v2/tests/parsers/fixtures/synthetic/memory/links_in_each_form_heading.md
A	projects/pec/v2/tests/parsers/fixtures/synthetic/memory/links_in_each_form_table.md
A	projects/pec/v2/tests/parsers/fixtures/synthetic/memory/prose_in_every_position_bullet.md
A	projects/pec/v2/tests/parsers/fixtures/synthetic/memory/prose_in_every_position_heading.md
A	projects/pec/v2/tests/parsers/fixtures/synthetic/memory/prose_in_every_position_table.md
A	projects/pec/v2/tests/parsers/fixtures/synthetic/memory/runs_section_mixed_with_dated_sections.md
A	projects/pec/v2/tests/parsers/fixtures/synthetic/memory/template_table_form.md
A	projects/pec/v2/tests/parsers/fixtures/synthetic/memory/unreadable_date.md
A	projects/pec/v2/tests/parsers/fixtures/synthetic/receipts/malformed_ledger.md
A	projects/pec/v2/tests/parsers/fixtures/synthetic/receipts/marker_carrying_ledger_entry.md
A	projects/pec/v2/tests/parsers/fixtures/synthetic/receipts/prose_in_every_position_central.md
A	projects/pec/v2/tests/parsers/fixtures/synthetic/receipts/prose_in_every_position_ledger.md
A	projects/pec/v2/tests/parsers/fixtures/synthetic/receipts/prose_structured_ledger_entry.md
A	projects/pec/v2/tests/parsers/fixtures/synthetic/receipts/receipt_folder_diverges_from_cursor.md
A	projects/pec/v2/tests/parsers/fixtures/synthetic/receipts/receipt_without_examined_through.md
A	projects/pec/v2/tests/parsers/fixtures/synthetic/work_graph/duplicated_run_identity.md
A	projects/pec/v2/tests/parsers/fixtures/synthetic/work_graph/links_and_bindings.md
A	projects/pec/v2/tests/parsers/fixtures/synthetic/work_graph/missing_run_identity.md
A	projects/pec/v2/tests/parsers/fixtures/synthetic/work_graph/no_node_table.md
A	projects/pec/v2/tests/parsers/fixtures/synthetic/work_graph/prose_in_every_position.md
A	projects/pec/v2/tests/parsers/fixtures/synthetic/work_graph/two_graphs_bind_one_deliverable_a.md
A	projects/pec/v2/tests/parsers/fixtures/synthetic/work_graph/two_graphs_bind_one_deliverable_b.md
A	projects/pec/v2/tests/parsers/fixtures/synthetic/work_graph/unrecognized_state_token.md
A	projects/pec/v2/tests/parsers/fixtures/synthetic/work_graph/unresolved_pr_number.md
A	projects/pec/v2/tests/parsers/test_parser_fixture_integrity.py
exit=0
