=== DEL-10-02 projects/pec/execution/PKG-10_Validation_Measurement/1_Working/DEL-10-02_Kill_test_standing_release_gate/ScopeOfWork.md
L35 OTHER-SOW DEL-03-04: 'Author this contract as a STANDING assertion — a continuously re-runnable verification, not a one-shot artifact.'
L35 OTHER-SOW DEL-03-04: 'Author this contract as a STANDING assertion — a continuously re-runnable verification, not a one-shot artifact.'
L57 SELF: '``` OLD col4: SOW-010, SOW-055; bound by C1/C2 across all items NEW col4: SOW-010, SOW-021, SOW-025, SOW-052..056, SOW-088; bound by C1/C2 across all items OLD '
L57 SELF: 'DEL-00-01, DEL-01-03, DEL-01-05, DEL-03-01, DEL-03-06, DEL-10-02, DEL-10-03 ``` (`execution/_ScopeChange/SCA-002_2026-07-25_1042/Amendment_Preview.md`, action `'
L57 OTHER-SOW DEL-02-04: 'ID-shaped text inside this quotation is upstream source context, not a local definition or reference.)'
L78 SELF: '| ~~`SOW-055` kill test → `DEL-10-02` → `OBJ-005`~~ | — | WITHDRAWN. `SOW-055` reads "delete the store, run representative governed workflows, nothing blocks"; '
L78 SELF: 'Using it to give `DEL-10-03` HIGH confidence was wrong | (`Amendment_Preview.md`, "Register precedents (measured) — and one I withdraw", columns `Precedent | Ma'
L78 SELF: 'the correction is logged as `C-18`:'
L78 OTHER-SOW DEL-10-03: '"`SOW-055` precedent withdrawn as tautological — it restates OBJ-005 nearly verbatim and selects nothing for `SOW-025`".'
L78 SELF: 'Both quoted in full, neither elided.'
L78 OTHER-SOW DEL-02-04: 'ID-shaped text inside this quotation is upstream source context, not a local definition or reference.)'
L115 SELF: '`SOW-055,IN,"Maintain the kill test — delete the store, run representative governed workflows, nothing blocks — as a standing, executable release gate","PEC-SVC'
L115 SELF: '`SOW-055,IN,"Maintain the kill test — delete the store, run representative governed workflows, nothing blocks — as a standing, executable release gate","PEC-SVC'
L115 OTHER-SOW DEL-02-04: 'ID-shaped text inside this quotation is upstream source context, not a local definition or reference.)'
L129 SELF: '| OBJ-005 | Everything PEC holds can be deleted at any moment without blocking any governed act | §3.5 | SOW-010, SOW-021, SOW-025, SOW-052..056, SOW-088; bound'
L129 SELF: 'bound by C1/C2 across all items | DEL-00-01, DEL-01-03, DEL-01-05, DEL-03-01, DEL-03-06, DEL-10-02, DEL-10-03 | (Quoted in full, not elided.'
L129 OTHER-SOW DEL-02-04: 'ID-shaped text inside this quotation is upstream source context, not a local definition or reference.)'
L138 SELF: '`DEL-10-02,PKG-10,Kill test (standing release gate),"Executable: delete the store, run representative governed workflows, nothing blocks. Runs at every release.'
L138 SELF: '`DEL-10-02,PKG-10,Kill test (standing release gate),"Executable:'
L138 SELF: 'Runs at every release.",TEST_SUITE,TBD,Kill-test harness + gate wiring,SOW-055,OBJ-005,M,,P1` (Quoted in full, not elided.'
L138 OTHER-SOW DEL-02-04: 'ID-shaped text inside this quotation is upstream source context, not a local definition or reference.)'
L147 SELF: '| PKG-10 | Validation & Measurement | Release-gating proof and metrics: kill test, no-ruling-write verification, Step-0 baseline, defect/adoption/collision/pari'
L147 SELF: 'kill test, no-ruling-write verification, Step-0 baseline, defect/adoption/collision/parity measurement, seeded-conflict, TTL-honesty and stream-loss tests, usag'
L147 OTHER-SOW DEL-02-04: 'ID-shaped text inside this quotation is upstream source context, not a local definition or reference.)'
L156 SELF: '`C-08,STANDING_NODES,"DEL-01-05, DEL-03-04, DEL-10-02, DEL-10-03, DEL-10-10","Own text: "Automated assertion" / "Permanent" / "Runs at every release" / "tested '
L156 OTHER-SOW DEL-03-04: '`C-08,STANDING_NODES,"DEL-01-05, DEL-03-04, DEL-10-02, DEL-10-03, DEL-10-10","Own text:'
L156 SELF: 'DEL-10-10 is the bootstrap progression record itself` (Quoted in full, not elided.'
L156 OTHER-SOW DEL-02-04: 'ID-shaped text inside this quotation is upstream source context, not a local definition or reference.)'
L163 SELF: 'This packet reads "as presented" as accepting the exhibit flags as flags — E-A11 (AMBIGUOUS_BASIS), E-P69/E-N02 (PHASE_TENSION), E-N13/E-N18 (LOW_CONFIDENCE), C'
L163 SELF: '(`execution/_Coordination/_DECISIONS/D-PEC-62_project_setup_scaffold_and_local_dependency_registers.md` §1(4).'
L163 OTHER-SOW DEL-02-04: 'ID-shaped text inside this quotation is upstream source context, not a local definition or reference.)'
L175 SELF: '- REQ-002 — The store shall be safe to delete at any moment. The lifecycle module shall provide an explicit delete operation and shall recreate a valid empty st'
L175 OTHER-SOW DEL-01-03: '- REQ-002 — The store shall be safe to delete at any moment.'
L175 OTHER-SOW DEL-01-03: 'The lifecycle module shall provide an explicit delete operation and shall recreate a valid empty store on next start without manual repair.'
L175 OTHER-SOW DEL-01-03: 'Deletion shall block no governed act, per `PEC-K-01`.'
L175 OTHER-SOW DEL-01-03: '- REQ-003 — Every write into the store shall pass through one declared ingest boundary.'
L175 OTHER-SOW DEL-01-03: 'No store write path may bypass the guard, including writes originating inside the service core.'
L175 OTHER-SOW DEL-03-01: '(`DEL-01-03/ScopeOfWork.md`, Epistemology section;'
L175 OTHER-SOW DEL-03-01: 'both records quoted in full, neither elided.'
L175 OTHER-SOW DEL-02-04: 'ID-shaped text inside this quotation is upstream source context, not a local definition or reference.)'
L189 SELF: '- CLM-010 — The system-level kill test is not this deliverable\'s scope. `SOW-055` — "delete the store, run representative governed workflows, nothing blocks" — '
L189 OTHER-SOW DEL-01-03: "- CLM-010 — The system-level kill test is not this deliverable's scope."
L189 OTHER-SOW DEL-01-03: '`SOW-055` — "delete the store, run representative governed workflows, nothing blocks" — is covered by `DEL-10-02` (Kill test, standing release gate), and the ac'
L189 OTHER-SOW DEL-01-03: '`DEL-10-02` is the tester and this deliverable is the tested surface.'
L189 OTHER-SOW DEL-01-03: "`DEL-10-02` will exercise this deliverable's safe-delete behaviour from outside, against representative governed workflows."
L189 OTHER-SOW DEL-01-03: 'This contract binds only the store-local property that makes that outside test possible;'
L189 OTHER-SOW DEL-01-03: 'it neither runs nor discharges the kill test.'
L189 OTHER-SOW DEL-01-03: '- AX-004 — Enforcement duties are separated across deliverables and this contract produces only its own:'
L189 OTHER-SOW DEL-01-03: 'the standing kill-test gate is `DEL-10-02` (`SOW-055`), the reconciler write restriction is `DEL-03-01` (`SOW-021`, `PEC-RCN-006`), zero-dependency and locality'
L189 OTHER-SOW DEL-01-03: 'Nothing here discharges those obligations.'
L189 SELF: '(`DEL-01-03/ScopeOfWork.md`, Ontology and Axiology sections;'
L189 OTHER-SOW DEL-03-01: 'both records quoted in full, neither elided.'
L189 OTHER-SOW DEL-02-04: 'ID-shaped text inside this quotation is upstream source context, not a local definition or reference.)'
L217 SELF: '- REQ-001 — The reconciler shall expose a single command that rebuilds the record tier in full from file sources for every loop the registry names, per `SOW-010'
L217 OTHER-SOW DEL-03-01: '- REQ-001 — The reconciler shall expose a single command that rebuilds the record tier in full from file sources for every loop the registry names, per `SOW-010'
L217 OTHER-SOW DEL-03-01: 'A rebuild shall require no operator step, repair action, or manual sequence beyond that one invocation.'
L217 OTHER-SOW DEL-03-01: '- REQ-003 — The rebuild shall complete against a store that is absent, newly deleted, or empty, obtaining the store through the upstream store-lifecycle interfa'
L217 OTHER-SOW DEL-03-01: 'This deliverable shall implement no store path resolution, no ignore-rule registration, no store creation, and no store deletion of its own;'
L217 OTHER-SOW DEL-03-01: "those are the upstream deliverable's under `SOW-056` (CLM-008, CLM-013)."
L217 OTHER-SOW DEL-03-01: '- REQ-009 — Where an upstream unit reports that a feed is absent, unreadable, malformed, stale, or grammar-unrecognized, the rebuild shall carry that limitation'
L217 OTHER-SOW DEL-03-01: 'Silent omission is prohibited, per `PEC-ORI-006` ("Where a feed is unparseable or stale, the response shall state the measurement limitation explicitly;'
L217 OTHER-SOW DEL-01-01: 'silent omission is prohibited").'
L217 OTHER-SOW DEL-03-01: "Rendering such a limitation into an orientation response is `DEL-04-05`'s act under `SOW-009` (CLM-019);"
L217 OTHER-SOW DEL-02-01: 'this deliverable makes the limitation available to that consumer.'
L217 OTHER-SOW DEL-03-01: '- CON-005 — `SOW-010` requires the record tier be rebuildable "in full", while every upstream feed unit is contractually obliged to report feeds it could not re'
L217 OTHER-SOW DEL-03-01: 'No accepted source states whether a rebuild that completed with stated coverage limitations counts as a full rebuild for `SOW-010`\'s purposes, or whether "in fu'
L217 OTHER-SOW DEL-03-01: 'This contract takes neither reading as settled:'
L217 OTHER-SOW DEL-03-01: 'REQ-001 obliges the command to reach every registered loop and every manifest-named feed, and REQ-009 obliges every gap to be carried through as a stated limita'
L217 OTHER-SOW DEL-03-01: '`PRD.md` §12\'s `P1` exit test names "rebuild-from-scratch ≤ bound" without stating the bound, which `PEC-SVC-003` records as "confirmed at Phase 1";'
L217 OTHER-SOW DEL-03-01: "that measurement is `DEL-03-06`'s under `SOW-054` (CLM-019) and this contract asserts no bound."
L217 OTHER-SOW DEL-03-04: '(`DEL-03-01/ScopeOfWork.md`, Epistemology section;'
L217 OTHER-SOW DEL-03-03: 'all four records quoted in full, none elided.'
L217 OTHER-SOW DEL-02-04: 'ID-shaped text inside this quotation is upstream source context, not a local definition or reference.)'
L259 SELF: '`DEL-10-02` is the tester and this deliverable is the tested surface; the kill test is exercised on this deliverable from outside, under `SOW-055`, and is neith'
L259 OTHER-SOW DEL-03-01: '`DEL-10-02` is the tester and this deliverable is the tested surface;'
L259 OTHER-SOW DEL-03-01: 'the kill test is exercised on this deliverable from outside, under `SOW-055`, and is neither run nor discharged here (REQ-014).'
L259 SELF: '(`DEL-03-01/ScopeOfWork.md`, `CLM-017`, closing sentence quoted in full, not elided.'
L259 OTHER-SOW DEL-02-04: 'ID-shaped text inside this quotation is upstream source context, not a local definition or reference.)'
L143 SELF: '; there are no envelope notes to carry. The `AnticipatedArtifacts` value is a two-part artifact bound —'
L171 SELF: '`, `Explicitness` `IMPLICIT`, `RequiredMaturity` `INITIALIZED`, `ProposedMaturity` `TBD`, `SatisfactionStatus` `PENDING`, `Confidence` `MEDIUM`, `Origin` `EXTRA'
L171 SELF: ". The gate exhibit's own edge row reads `E-P71,DEL-01-03,DEL-10-02,PROPOSAL,TESTS,,"
L269 OTHER-SOW DEL-10-03: 'shall expose a binding interface through which an externally owned change path or release gate can invoke it without modification to the suite'
L269 OTHER-SOW DEL-10-03: 'this contract delivers no gate wiring and places no obligation on any other deliverable to re-run, re-certify, or maintain anything'
L269 SELF: "it is the sibling row `DEL-10-02` that carries 'Kill-test harness + gate wiring' in its `AnticipatedArtifacts`"
L277 OTHER-SOW DEL-01-05: ', and its anticipated artifacts are'
L287 SELF: 'is not enumerated by any accepted source. `SOW-055`, `PEC-SVC-004`, and the register `Description` all use the word without a list. The accepted corpus does sup'
L288 SELF: "is not fixed beyond `PEC-K-01`'s wording,"
L290 OTHER-SOW DEL-01-03: 'an explicit delete operation'
L296 SELF: 'no accepted source names a CI system for the PEC v2 build'
L297 OTHER-SOW DEL-03-01: 'counts as a full rebuild'
--- DEL-10-02 counts {'OTHER-SOW': 58, 'SELF': 32, 'UPSTREAM': 60}
