=== DEL-10-10 projects/pec/execution/PKG-10_Validation_Measurement/1_Working/DEL-10-10_Directed_bootstrap_self_ingest_validation/ScopeOfWork.md
L34 OTHER-SOW DEL-03-04: 'Author this contract as a STANDING assertion — a continuously re-runnable verification, not a one-shot artifact.'
L34 OTHER-SOW DEL-03-04: 'Author this contract as a STANDING assertion — a continuously re-runnable verification, not a one-shot artifact.'
L112 SELF: '`SOW-064,IN,"Directed bootstrap: P1 first ingests PEC v2\'s accepted full dependency DAG as its initial file-native coordination state; later DAG nodes consume o'
L112 SELF: '`SOW-064,IN,"Directed bootstrap:'
L112 SELF: 'observations grant no authority or scope, the file-native fallback remains operable, and generality is validated against a structurally different loop"` (ID-sha'
L141 SELF: "PRD v2.1 clarification. `projects/pec/docs/PRD.md` advances from v2.0 to v2.1. Section 12 records that PEC's own build uses the accepted full dependency DAG as "
L141 SELF: '(`D-PEC-61_directed_full_dag_self_bootstrap.md`, "Ruled behavior" item 1, quoted in full.'
L141 OTHER-SOW DEL-02-04: 'ID-shaped text inside this quotation is upstream source context, not a local definition or reference.)'
L176 SELF: '`DEL-10-10,PKG-10,Directed bootstrap self-ingest validation,"Introduced in P1 and used as a standing validation thereafter. Maintain one bootstrap progression r'
L176 SELF: '`DEL-10-10,PKG-10,Directed bootstrap self-ingest validation,"Introduced in P1 and used as a standing validation thereafter.'
L176 SELF: 'keep one cohesive validation record",P1` (ID-shaped text inside this quotation is upstream source context, not a local definition or reference.)'
L184 SELF: '`C-08,STANDING_NODES,"DEL-01-05, DEL-03-04, DEL-10-02, DEL-10-03, DEL-10-10","Own text: "Automated assertion" / "Permanent" / "Runs at every release" / "tested '
L184 OTHER-SOW DEL-03-04: '`C-08,STANDING_NODES,"DEL-01-05, DEL-03-04, DEL-10-02, DEL-10-03, DEL-10-10","Own text:'
L184 SELF: 'DEL-10-10 is the bootstrap progression record itself` (`execution/_Coordination/PLAN_2026-07-25_project_setup_dag_gate.md` §4, constraint register.'
L184 OTHER-SOW DEL-02-04: 'ID-shaped text inside this quotation is upstream source context, not a local definition or reference.)'
L204 SELF: '- OUT-001 — A dependency register parser in the PEC service core: it reads `Dependencies.csv` registers and `WORK_GRAPH.json` files in the checkouts it is point'
L204 OTHER-SOW DEL-02-05: '- OUT-001 — A dependency register parser in the PEC service core:'
L204 OTHER-SOW DEL-03-01: 'it reads `Dependencies.csv` registers and `WORK_GRAPH.json` files in the checkouts it is pointed at, parses each under a declared grammar, and emits DependencyE'
L204 S2-STALE DEL-02-05: '- REQ-001 — The parser shall read `Dependencies.csv` registers and `WORK_GRAPH.json` files in the checkouts it is pointed at, and shall emit from them Dependenc'
L204 OTHER-SOW DEL-02-05: 'Both named file forms are in scope;'
L204 OTHER-SOW DEL-02-05: 'neither may be dropped in favour of the other (CLM-006).'
L204 S2-STALE DEL-02-05: '- REQ-006 — Where a register or work-graph file is absent, unreadable, malformed, or carries a shape the declared grammar does not recognize, the parser shall r'
L204 SELF: 'a silently dropped, empty, partial, or defaulted record is prohibited, per `PEC-ORI-006` ...'
L204 S2-STALE DEL-02-05: 'Because registers are deliverable-local and a full accounting is assembled by querying many of them (CLM-013), the coverage of a read — which register locations'
L204 SELF: '(`DEL-02-05/ScopeOfWork.md`, Ontology and Epistemology sections;'
L204 SELF: '`OUT-001` and `REQ-001` quoted in full, `REQ-006` elided at its two ellipses.'
L204 OTHER-SOW DEL-03-01: "ID-shaped text inside this quotation is upstream source context, not a local definition or reference — this contract's own `REQ-*` and `AC-*` records are separa"
L232 SELF: '- OUT-001 — A full-rebuild reconciler entry point in the PEC service core: one command that rebuilds the record tier in full from file sources for the loops the'
L232 OTHER-SOW DEL-03-01: '- OUT-001 — A full-rebuild reconciler entry point in the PEC service core:'
L232 OTHER-SOW DEL-03-01: 'one command that rebuilds the record tier in full from file sources for the loops the registry names, writing only into the store and into the generated views i'
L232 OTHER-SOW DEL-03-01: "The entry point's declared-view record — the readable artifact in which it declares every generated view it writes (REQ-006) — is a component of this output rat"
L232 OTHER-SOW DEL-03-01: "it is the entry point's own self-declaration, so the register's `AnticipatedArtifacts` naming of exactly two artifacts is preserved."
L232 OTHER-SOW DEL-03-01: '- REQ-001 — The reconciler shall expose a single command that rebuilds the record tier in full from file sources for every loop the registry names, per `SOW-010'
L232 OTHER-SOW DEL-03-01: 'A rebuild shall require no operator step, repair action, or manual sequence beyond that one invocation.'
L232 OTHER-SOW DEL-03-01: '- REQ-009 — Where an upstream unit reports that a feed is absent, unreadable, malformed, stale, or grammar-unrecognized, the rebuild shall carry that limitation'
L232 OTHER-SOW DEL-03-01: 'Silent omission is prohibited, per `PEC-ORI-006` ("Where a feed is unparseable or stale, the response shall state the measurement limitation explicitly;'
L232 OTHER-SOW DEL-01-01: 'silent omission is prohibited").'
L232 OTHER-SOW DEL-03-01: "Rendering such a limitation into an orientation response is `DEL-04-05`'s act under `SOW-009` (CLM-019);"
L232 OTHER-SOW DEL-02-01: 'this deliverable makes the limitation available to that consumer.'
L232 OTHER-SOW DEL-03-02: '(`DEL-03-01/ScopeOfWork.md`, Ontology and Epistemology sections;'
L232 OTHER-SOW DEL-03-01: 'all three records quoted in full, none elided.'
L232 OTHER-SOW DEL-02-04: 'ID-shaped text inside this quotation is upstream source context, not a local definition or reference.)'
L260 OTHER-SOW DEL-03-06: '- CON-005 — `SOW-010` requires the record tier be rebuildable "in full", while every upstream feed unit is contractually obliged to report feeds it could not re'
L260 OTHER-SOW DEL-03-01: '- CON-005 — `SOW-010` requires the record tier be rebuildable "in full", while every upstream feed unit is contractually obliged to report feeds it could not re'
L260 OTHER-SOW DEL-03-01: 'No accepted source states whether a rebuild that completed with stated coverage limitations counts as a full rebuild for `SOW-010`\'s purposes, or whether "in fu'
L260 OTHER-SOW DEL-03-01: 'This contract takes neither reading as settled:'
L260 OTHER-SOW DEL-03-01: 'REQ-001 obliges the command to reach every registered loop and every manifest-named feed, and REQ-009 obliges every gap to be carried through as a stated limita'
L260 OTHER-SOW DEL-03-01: '`PRD.md` §12\'s `P1` exit test names "rebuild-from-scratch ≤ bound" without stating the bound, which `PEC-SVC-003` records as "confirmed at Phase 1";'
L260 OTHER-SOW DEL-03-01: "that measurement is `DEL-03-06`'s under `SOW-054` (CLM-019) and this contract asserts no bound."
L260 OTHER-SOW DEL-03-04: '(`DEL-03-01/ScopeOfWork.md`, Epistemology section;'
L260 OTHER-SOW DEL-02-04: 'ID-shaped text inside this quotation is upstream source context, not a local definition or reference.)'
L281 SELF: '- CON-001 — `SOW-021`\'s second limb permits writes to "generated views", and the gap this contract carries is instance-level, not class-level. ... What no accep'
L281 OTHER-SOW DEL-03-01: '- CON-001 — `SOW-021`\'s second limb permits writes to "generated views", and the gap this contract carries is instance-level, not class-level.'
L281 OTHER-SOW DEL-03-01: 'What no accepted source states is which views this reconciler generates and where they live.'
L281 SELF: '(`DEL-03-01/ScopeOfWork.md`, Epistemology section, `CON-001`;'
L281 SELF: 'elided after the first sentence of its first paragraph and after the first sentence of its second paragraph.'
L281 OTHER-SOW DEL-02-04: 'ID-shaped text inside this quotation is upstream source context, not a local definition or reference.)'
L295 SELF: '- CON-004 — The corpus this parser is first expected to meet holds only half of its feed. `OI-010`, resolved at Gate 2 (2026-07-24), records that "the §12 closi'
L295 S2-STALE DEL-02-05: '- CON-004 — The corpus this parser is first expected to meet holds only half of its feed.'
L295 S2-STALE DEL-02-05: '`OI-010`, resolved at Gate 2 (2026-07-24), records that "the §12 closing paragraph governs — the first loop the P1 reconciler ingests is PEC v2\'s own build (boo'
L295 S2-STALE DEL-02-04: 'This is recorded as a stated condition, not a defect and not a licence to widen the read scope:'
L295 S2-STALE DEL-02-05: "the parser's coverage of a loop with no work graph is a limitation to be stated under REQ-006, and dropping the `WORK_GRAPH.json` form because the first loop la"
L295 SELF: '(`DEL-02-05/ScopeOfWork.md`, Epistemology section;'
L295 SELF: "quoted in full, with no elision by this contract — the ellipsis inside it is the upstream contract's own elision of the `OI-010` text it quotes."
L295 OTHER-SOW DEL-02-04: 'ID-shaped text inside this quotation is upstream source context, not a local definition or reference.)'
L159 OTHER-SOW DEL-10-03: 'Validation & Measurement — Release-gating proof and metrics: kill test, no-ruling-write verification, Step-0 baseline, defect/adoption/collision/parity measurem'
L190 SELF: ", which is this deliverable's own `Description` wording; the `Notes` sentence"
L312 OTHER-SOW DEL-02-02: 'Observed corpus condition, recorded as observation and not as specification'
L319 SELF: 'Phase 4 forced boundary assignments: ... SOW-064 (bootstrap) → PKG-10 as a validation act, not a reconciler feature'
L321 SELF: 'Capability cutovers only after predecessor acceptance'
L321 SELF: 'it. The deliverable-local `_DEPENDENCIES.md` states the same posture for the register from which cutover order is read: mode `FULL_GRAPH`, `RequiredMaturity` `I'
L427 OTHER-SOW DEL-02-05: 'Because registers are deliverable-local'
--- DEL-10-10 counts {'OTHER-SOW': 40, 'SELF': 25, 'UPSTREAM': 99, 'S2-STALE': 7}
